2026-06-25 11:57:33,762 - EXECUT - INFO - starting server...
2026-06-25 11:57:38,504 - EXECUT - INFO - trainer number sta0 just joined the pool
2026-06-25 11:57:38,550 - EXECUT - INFO - trainer number sta4 just joined the pool
2026-06-25 11:57:38,641 - EXECUT - INFO - trainer number sta1 just joined the pool
2026-06-25 11:57:38,710 - EXECUT - INFO - trainer number sta2 just joined the pool
2026-06-25 11:57:38,751 - EXECUT - INFO - trainer number sta3 just joined the pool
2026-06-25 11:57:38,793 - EXECUT - INFO - trainer number sta7 just joined the pool
2026-06-25 11:57:38,793 - EXECUT - INFO - trainer number sta5 just joined the pool
2026-06-25 11:57:38,826 - EXECUT - INFO - trainer number sta6 just joined the pool
2026-06-25 11:57:38,936 - EXECUT - INFO - trainer number sta8 just joined the pool
2026-06-25 11:57:39,020 - EXECUT - INFO - trainer number sta10 just joined the pool
2026-06-25 11:57:39,093 - EXECUT - INFO - trainer number sta9 just joined the pool
2026-06-25 11:57:39,773 - EXECUT - INFO - mensagem de data_sz recebida: 
 {'id': 'sta0', 'dataset_sz': 747088320}
2026-06-25 11:57:39,773 - EXECUT - INFO - mensagem de data_sz recebida: 
 {'id': 'sta1', 'dataset_sz': 684321792}
2026-06-25 11:57:39,813 - EXECUT - INFO - mensagem de data_sz recebida: 
 {'id': 'sta2', 'dataset_sz': 1128383616}
2026-06-25 11:57:39,813 - EXECUT - INFO - mensagem de data_sz recebida: 
 {'id': 'sta4', 'dataset_sz': 436285440}
2026-06-25 11:57:39,813 - EXECUT - INFO - mensagem de data_sz recebida: 
 {'id': 'sta10', 'dataset_sz': 748350720}
2026-06-25 11:57:39,813 - EXECUT - INFO - mensagem de data_sz recebida: 
 {'id': 'sta3', 'dataset_sz': 1047438528}
2026-06-25 11:57:39,813 - EXECUT - INFO - mensagem de data_sz recebida: 
 {'id': 'sta5', 'dataset_sz': 1135301568}
2026-06-25 11:57:39,813 - EXECUT - INFO - mensagem de data_sz recebida: 
 {'id': 'sta6', 'dataset_sz': 995528640}
2026-06-25 11:57:39,813 - EXECUT - INFO - mensagem de data_sz recebida: 
 {'id': 'sta7', 'dataset_sz': 1026684672}
2026-06-25 11:57:39,813 - EXECUT - INFO - mensagem de data_sz recebida: 
 {'id': 'sta8', 'dataset_sz': 352361088}
2026-06-25 11:57:39,814 - EXECUT - INFO - mensagem de data_sz recebida: 
 {'id': 'sta9', 'dataset_sz': 1102428672}
2026-06-25 11:57:40,773 - METRIC - INFO - round: 1
2026-06-25 11:57:40,773 - METRIC - INFO - n_selected: 11
2026-06-25 11:57:40,773 - METRIC - INFO - {"selected_trainers": ["sta0", "sta1", "sta10", "sta2", "sta3", "sta4", "sta5", "sta6", "sta7", "sta8", "sta9"]}
2026-06-25 11:57:46,346 - EXECUT - INFO - received weights from trainer sta8!
2026-06-25 11:57:51,363 - EXECUT - INFO - received weights from trainer sta10!
2026-06-25 11:57:51,874 - EXECUT - INFO - received weights from trainer sta4!
2026-06-25 11:57:53,492 - EXECUT - INFO - received weights from trainer sta1!
2026-06-25 11:57:54,427 - EXECUT - INFO - received weights from trainer sta0!
2026-06-25 11:57:55,794 - EXECUT - INFO - received weights from trainer sta9!
2026-06-25 11:57:58,339 - EXECUT - INFO - received weights from trainer sta2!
2026-06-25 11:57:58,447 - EXECUT - INFO - received weights from trainer sta6!
2026-06-25 11:57:58,818 - EXECUT - INFO - received weights from trainer sta3!
2026-06-25 11:57:59,353 - EXECUT - INFO - received weights from trainer sta7!
2026-06-25 11:58:00,844 - EXECUT - INFO - received weights from trainer sta5!
2026-06-25 11:58:01,516 - EXECUT - INFO - sent aggregated weights to trainers!
2026-06-25 11:58:02,140 - METRIC - INFO - {"loss": 0.4919644892215729, "accuracy": 0.8674699068069458, "energy_consumption": null, "selected": false, "client_name": "sta8"}
2026-06-25 11:58:02,185 - METRIC - INFO - {"loss": 0.294979065656662, "accuracy": 0.9165992140769958, "energy_consumption": null, "selected": false, "client_name": "sta10"}
2026-06-25 11:58:02,237 - METRIC - INFO - {"loss": 0.4244389533996582, "accuracy": 0.8881944417953491, "energy_consumption": null, "selected": false, "client_name": "sta4"}
2026-06-25 11:58:02,266 - METRIC - INFO - {"loss": 0.2598147392272949, "accuracy": 0.9252336621284485, "energy_consumption": null, "selected": false, "client_name": "sta9"}
2026-06-25 11:58:02,359 - METRIC - INFO - {"loss": 0.2476724088191986, "accuracy": 0.9274973273277283, "energy_consumption": null, "selected": false, "client_name": "sta2"}
2026-06-25 11:58:02,416 - METRIC - INFO - {"loss": 0.30907726287841797, "accuracy": 0.9136403799057007, "energy_consumption": null, "selected": false, "client_name": "sta1"}
2026-06-25 11:58:02,424 - METRIC - INFO - {"loss": 0.28511878848075867, "accuracy": 0.9203069806098938, "energy_consumption": null, "selected": false, "client_name": "sta7"}
2026-06-25 11:58:02,426 - METRIC - INFO - {"loss": 0.2988203167915344, "accuracy": 0.9138508439064026, "energy_consumption": null, "selected": false, "client_name": "sta6"}
2026-06-25 11:58:02,436 - METRIC - INFO - {"loss": 0.3005591630935669, "accuracy": 0.9168357253074646, "energy_consumption": null, "selected": false, "client_name": "sta0"}
2026-06-25 11:58:02,444 - METRIC - INFO - {"loss": 0.25070393085479736, "accuracy": 0.9306111335754395, "energy_consumption": null, "selected": false, "client_name": "sta5"}
2026-06-25 11:58:02,456 - METRIC - INFO - {"loss": 0.2531680762767792, "accuracy": 0.926525890827179, "energy_consumption": null, "selected": false, "client_name": "sta3"}
2026-06-25 11:58:02,518 - METRIC - INFO - mean_accuracy: 0.9133423187515952

2026-06-25 11:58:02,518 - METRIC - INFO - round: 2
2026-06-25 11:58:02,518 - METRIC - INFO - n_selected: 11
2026-06-25 11:58:02,518 - METRIC - INFO - {"selected_trainers": ["sta0", "sta1", "sta10", "sta2", "sta3", "sta4", "sta5", "sta6", "sta7", "sta8", "sta9"]}
2026-06-25 11:58:07,284 - EXECUT - INFO - received weights from trainer sta8!
2026-06-25 11:58:08,136 - EXECUT - INFO - received weights from trainer sta4!
2026-06-25 11:58:11,545 - EXECUT - INFO - received weights from trainer sta10!
2026-06-25 11:58:13,366 - EXECUT - INFO - received weights from trainer sta1!
2026-06-25 11:58:13,824 - EXECUT - INFO - received weights from trainer sta0!
2026-06-25 11:58:15,822 - EXECUT - INFO - received weights from trainer sta9!
2026-06-25 11:58:18,081 - EXECUT - INFO - received weights from trainer sta3!
2026-06-25 11:58:18,298 - EXECUT - INFO - received weights from trainer sta7!
2026-06-25 11:58:19,306 - EXECUT - INFO - received weights from trainer sta5!
2026-06-25 11:58:23,289 - EXECUT - INFO - received weights from trainer sta2!
2026-06-25 11:58:23,402 - EXECUT - INFO - received weights from trainer sta6!
2026-06-25 11:58:24,174 - EXECUT - INFO - sent aggregated weights to trainers!
2026-06-25 11:58:24,583 - METRIC - INFO - {"loss": 1.4734251499176025, "accuracy": 0.5965277552604675, "energy_consumption": null, "selected": false, "client_name": "sta4"}
2026-06-25 11:58:24,733 - METRIC - INFO - {"loss": 2.0246572494506836, "accuracy": 0.5550774335861206, "energy_consumption": null, "selected": false, "client_name": "sta8"}
2026-06-25 11:58:24,766 - METRIC - INFO - {"loss": 0.6425791382789612, "accuracy": 0.8348178267478943, "energy_consumption": null, "selected": false, "client_name": "sta10"}
2026-06-25 11:58:24,837 - METRIC - INFO - {"loss": 0.43872249126434326, "accuracy": 0.8785046935081482, "energy_consumption": null, "selected": false, "client_name": "sta9"}
2026-06-25 11:58:24,886 - METRIC - INFO - {"loss": 0.624561071395874, "accuracy": 0.8365111351013184, "energy_consumption": null, "selected": false, "client_name": "sta0"}
2026-06-25 11:58:24,890 - METRIC - INFO - {"loss": 0.7094004154205322, "accuracy": 0.8232949376106262, "energy_consumption": null, "selected": false, "client_name": "sta1"}
2026-06-25 11:58:24,905 - METRIC - INFO - {"loss": 0.45606905221939087, "accuracy": 0.8786894679069519, "energy_consumption": null, "selected": false, "client_name": "sta7"}
2026-06-25 11:58:24,908 - METRIC - INFO - {"loss": 0.4181569814682007, "accuracy": 0.8810418844223022, "energy_consumption": null, "selected": false, "client_name": "sta2"}
2026-06-25 11:58:24,939 - METRIC - INFO - {"loss": 0.4878554344177246, "accuracy": 0.870319664478302, "energy_consumption": null, "selected": false, "client_name": "sta6"}
2026-06-25 11:58:24,990 - METRIC - INFO - {"loss": 0.40549585223197937, "accuracy": 0.8895115852355957, "energy_consumption": null, "selected": false, "client_name": "sta5"}
2026-06-25 11:58:24,992 - METRIC - INFO - {"loss": 0.4592318832874298, "accuracy": 0.8773503303527832, "energy_consumption": null, "selected": false, "client_name": "sta3"}
2026-06-25 11:58:25,176 - METRIC - INFO - mean_accuracy: 0.8110587922009554

2026-06-25 11:58:25,176 - METRIC - INFO - round: 3
2026-06-25 11:58:25,176 - METRIC - INFO - n_selected: 11
2026-06-25 11:58:25,176 - METRIC - INFO - {"selected_trainers": ["sta0", "sta1", "sta10", "sta2", "sta3", "sta4", "sta5", "sta6", "sta7", "sta8", "sta9"]}
2026-06-25 11:58:29,716 - EXECUT - INFO - received weights from trainer sta8!
2026-06-25 11:58:30,160 - EXECUT - INFO - received weights from trainer sta4!
2026-06-25 11:58:33,737 - EXECUT - INFO - received weights from trainer sta10!
2026-06-25 11:58:35,359 - EXECUT - INFO - received weights from trainer sta1!
2026-06-25 11:58:35,741 - EXECUT - INFO - received weights from trainer sta0!
2026-06-25 11:58:37,030 - EXECUT - INFO - received weights from trainer sta2!
2026-06-25 11:58:37,737 - EXECUT - INFO - received weights from trainer sta9!
2026-06-25 11:58:38,262 - EXECUT - INFO - received weights from trainer sta6!
2026-06-25 11:58:39,280 - EXECUT - INFO - received weights from trainer sta3!
2026-06-25 11:58:39,914 - EXECUT - INFO - received weights from trainer sta7!
2026-06-25 11:58:40,518 - EXECUT - INFO - received weights from trainer sta5!
2026-06-25 11:58:41,811 - EXECUT - INFO - sent aggregated weights to trainers!
2026-06-25 11:58:42,251 - METRIC - INFO - {"loss": 0.40986213088035583, "accuracy": 0.8902778029441833, "energy_consumption": null, "selected": false, "client_name": "sta4"}
2026-06-25 11:58:42,251 - METRIC - INFO - {"loss": 0.4348788261413574, "accuracy": 0.8803786635398865, "energy_consumption": null, "selected": false, "client_name": "sta8"}
2026-06-25 11:58:42,268 - METRIC - INFO - {"loss": 0.2937505543231964, "accuracy": 0.9174088835716248, "energy_consumption": null, "selected": false, "client_name": "sta10"}
2026-06-25 11:58:42,278 - METRIC - INFO - {"loss": 0.2662166655063629, "accuracy": 0.9223952889442444, "energy_consumption": null, "selected": false, "client_name": "sta2"}
2026-06-25 11:58:42,367 - METRIC - INFO - {"loss": 0.28279176354408264, "accuracy": 0.9169873595237732, "energy_consumption": null, "selected": false, "client_name": "sta9"}
2026-06-25 11:58:42,441 - METRIC - INFO - {"loss": 0.26194971799850464, "accuracy": 0.924206018447876, "energy_consumption": null, "selected": false, "client_name": "sta5"}
2026-06-25 11:58:42,449 - METRIC - INFO - {"loss": 0.3104432225227356, "accuracy": 0.9083713889122009, "energy_consumption": null, "selected": false, "client_name": "sta6"}
2026-06-25 11:58:42,460 - METRIC - INFO - {"loss": 0.3125082552433014, "accuracy": 0.910983145236969, "energy_consumption": null, "selected": false, "client_name": "sta1"}
2026-06-25 11:58:42,469 - METRIC - INFO - {"loss": 0.28757545351982117, "accuracy": 0.912042498588562, "energy_consumption": null, "selected": false, "client_name": "sta7"}
2026-06-25 11:58:42,493 - METRIC - INFO - {"loss": 0.3049735128879547, "accuracy": 0.9156186580657959, "energy_consumption": null, "selected": false, "client_name": "sta0"}
2026-06-25 11:58:42,504 - METRIC - INFO - {"loss": 0.285625159740448, "accuracy": 0.9166907668113708, "energy_consumption": null, "selected": false, "client_name": "sta3"}
2026-06-25 11:58:42,813 - METRIC - INFO - mean_accuracy: 0.9104873158714988

2026-06-25 11:58:42,813 - METRIC - INFO - round: 4
2026-06-25 11:58:42,813 - METRIC - INFO - n_selected: 11
2026-06-25 11:58:42,813 - METRIC - INFO - {"selected_trainers": ["sta0", "sta1", "sta10", "sta2", "sta3", "sta4", "sta5", "sta6", "sta7", "sta8", "sta9"]}
2026-06-25 11:58:47,212 - EXECUT - INFO - received weights from trainer sta4!
2026-06-25 11:58:47,244 - EXECUT - INFO - received weights from trainer sta8!
2026-06-25 11:58:51,140 - EXECUT - INFO - received weights from trainer sta10!
2026-06-25 11:58:52,233 - EXECUT - INFO - received weights from trainer sta1!
2026-06-25 11:58:52,605 - EXECUT - INFO - received weights from trainer sta0!
2026-06-25 11:58:53,447 - EXECUT - INFO - received weights from trainer sta2!
2026-06-25 11:58:54,217 - EXECUT - INFO - received weights from trainer sta6!
2026-06-25 11:58:54,786 - EXECUT - INFO - received weights from trainer sta9!
2026-06-25 11:58:55,851 - EXECUT - INFO - received weights from trainer sta3!
2026-06-25 11:58:56,579 - EXECUT - INFO - received weights from trainer sta7!
2026-06-25 11:58:56,757 - EXECUT - INFO - received weights from trainer sta5!
2026-06-25 11:58:57,281 - EXECUT - INFO - sent aggregated weights to trainers!
2026-06-25 11:58:57,674 - METRIC - INFO - {"loss": 0.1885976642370224, "accuracy": 0.9411922693252563, "energy_consumption": null, "selected": false, "client_name": "sta2"}
2026-06-25 11:58:57,691 - METRIC - INFO - {"loss": 0.2083941102027893, "accuracy": 0.9348177909851074, "energy_consumption": null, "selected": false, "client_name": "sta10"}
2026-06-25 11:58:57,717 - METRIC - INFO - {"loss": 0.29002633690834045, "accuracy": 0.9173611402511597, "energy_consumption": null, "selected": false, "client_name": "sta4"}
2026-06-25 11:58:57,750 - METRIC - INFO - {"loss": 0.18560384213924408, "accuracy": 0.945022702217102, "energy_consumption": null, "selected": false, "client_name": "sta5"}
2026-06-25 11:58:57,765 - METRIC - INFO - {"loss": 0.19945044815540314, "accuracy": 0.9384276866912842, "energy_consumption": null, "selected": false, "client_name": "sta9"}
2026-06-25 11:58:57,776 - METRIC - INFO - {"loss": 0.212375670671463, "accuracy": 0.9391480684280396, "energy_consumption": null, "selected": false, "client_name": "sta0"}
2026-06-25 11:58:57,779 - METRIC - INFO - {"loss": 0.22835852205753326, "accuracy": 0.9304694533348083, "energy_consumption": null, "selected": false, "client_name": "sta1"}
2026-06-25 11:58:57,809 - METRIC - INFO - {"loss": 0.3241316080093384, "accuracy": 0.9087779521942139, "energy_consumption": null, "selected": false, "client_name": "sta8"}
2026-06-25 11:58:57,870 - METRIC - INFO - {"loss": 0.2045365571975708, "accuracy": 0.936650276184082, "energy_consumption": null, "selected": false, "client_name": "sta3"}
2026-06-25 11:58:57,896 - METRIC - INFO - {"loss": 0.2068086564540863, "accuracy": 0.9368358850479126, "energy_consumption": null, "selected": false, "client_name": "sta7"}
2026-06-25 11:58:57,902 - METRIC - INFO - {"loss": 0.22137415409088135, "accuracy": 0.9290715456008911, "energy_consumption": null, "selected": false, "client_name": "sta6"}
2026-06-25 11:58:58,283 - METRIC - INFO - mean_accuracy: 0.9325249791145325

2026-06-25 11:58:58,285 - METRIC - INFO - stop_condition: rounds
