2026-06-25 11:59:21,668 - EXECUT - INFO - starting server...
2026-06-25 11:59:26,415 - EXECUT - INFO - trainer number sta0 just joined the pool
2026-06-25 11:59:26,587 - EXECUT - INFO - trainer number sta4 just joined the pool
2026-06-25 11:59:26,628 - EXECUT - INFO - trainer number sta1 just joined the pool
2026-06-25 11:59:26,676 - EXECUT - INFO - trainer number sta3 just joined the pool
2026-06-25 11:59:26,718 - EXECUT - INFO - trainer number sta6 just joined the pool
2026-06-25 11:59:26,718 - EXECUT - INFO - trainer number sta7 just joined the pool
2026-06-25 11:59:26,718 - EXECUT - INFO - trainer number sta5 just joined the pool
2026-06-25 11:59:26,718 - EXECUT - INFO - trainer number sta2 just joined the pool
2026-06-25 11:59:26,864 - EXECUT - INFO - trainer number sta8 just joined the pool
2026-06-25 11:59:27,035 - EXECUT - INFO - trainer number sta10 just joined the pool
2026-06-25 11:59:27,091 - EXECUT - INFO - trainer number sta9 just joined the pool
2026-06-25 11:59:27,678 - EXECUT - INFO - mensagem de data_sz recebida: 
 {'id': 'sta0', 'dataset_sz': 747088320}
2026-06-25 11:59:27,678 - EXECUT - INFO - mensagem de data_sz recebida: 
 {'id': 'sta1', 'dataset_sz': 684321792}
2026-06-25 11:59:27,719 - EXECUT - INFO - mensagem de data_sz recebida: 
 {'id': 'sta10', 'dataset_sz': 748350720}
2026-06-25 11:59:27,719 - EXECUT - INFO - mensagem de data_sz recebida: 
 {'id': 'sta2', 'dataset_sz': 1128383616}
2026-06-25 11:59:27,719 - EXECUT - INFO - mensagem de data_sz recebida: 
 {'id': 'sta3', 'dataset_sz': 1047438528}
2026-06-25 11:59:27,719 - EXECUT - INFO - mensagem de data_sz recebida: 
 {'id': 'sta4', 'dataset_sz': 436285440}
2026-06-25 11:59:27,719 - EXECUT - INFO - mensagem de data_sz recebida: 
 {'id': 'sta5', 'dataset_sz': 1135301568}
2026-06-25 11:59:27,719 - EXECUT - INFO - mensagem de data_sz recebida: 
 {'id': 'sta6', 'dataset_sz': 995528640}
2026-06-25 11:59:27,719 - EXECUT - INFO - mensagem de data_sz recebida: 
 {'id': 'sta7', 'dataset_sz': 1026684672}
2026-06-25 11:59:27,719 - EXECUT - INFO - mensagem de data_sz recebida: 
 {'id': 'sta8', 'dataset_sz': 352361088}
2026-06-25 11:59:27,719 - EXECUT - INFO - mensagem de data_sz recebida: 
 {'id': 'sta9', 'dataset_sz': 1102428672}
2026-06-25 11:59:28,679 - METRIC - INFO - round: 1
2026-06-25 11:59:28,679 - METRIC - INFO - n_selected: 11
2026-06-25 11:59:28,679 - METRIC - INFO - {"selected_trainers": ["sta0", "sta1", "sta10", "sta2", "sta3", "sta4", "sta5", "sta6", "sta7", "sta8", "sta9"]}
2026-06-25 11:59:34,243 - EXECUT - INFO - received weights from trainer sta8!
2026-06-25 11:59:36,297 - EXECUT - INFO - received weights from trainer sta4!
2026-06-25 11:59:39,259 - EXECUT - INFO - received weights from trainer sta10!
2026-06-25 11:59:41,213 - EXECUT - INFO - received weights from trainer sta1!
2026-06-25 11:59:42,179 - EXECUT - INFO - received weights from trainer sta0!
2026-06-25 11:59:43,775 - EXECUT - INFO - received weights from trainer sta9!
2026-06-25 11:59:46,198 - EXECUT - INFO - received weights from trainer sta2!
2026-06-25 11:59:46,489 - EXECUT - INFO - received weights from trainer sta3!
2026-06-25 11:59:46,524 - EXECUT - INFO - received weights from trainer sta6!
2026-06-25 11:59:47,289 - EXECUT - INFO - received weights from trainer sta7!
2026-06-25 11:59:48,707 - EXECUT - INFO - received weights from trainer sta5!
2026-06-25 11:59:49,418 - EXECUT - INFO - sent aggregated weights to trainers!
2026-06-25 11:59:50,052 - METRIC - INFO - {"loss": 0.4421430230140686, "accuracy": 0.8700516223907471, "energy_consumption": null, "selected": false, "client_name": "sta8"}
2026-06-25 11:59:50,093 - METRIC - INFO - {"loss": 0.2951866388320923, "accuracy": 0.914574921131134, "energy_consumption": null, "selected": false, "client_name": "sta10"}
2026-06-25 11:59:50,146 - METRIC - INFO - {"loss": 0.27199408411979675, "accuracy": 0.9227597713470459, "energy_consumption": null, "selected": false, "client_name": "sta9"}
2026-06-25 11:59:50,168 - METRIC - INFO - {"loss": 0.370198130607605, "accuracy": 0.9125000238418579, "energy_consumption": null, "selected": false, "client_name": "sta4"}
2026-06-25 11:59:50,227 - METRIC - INFO - {"loss": 0.3357286751270294, "accuracy": 0.903897225856781, "energy_consumption": null, "selected": false, "client_name": "sta1"}
2026-06-25 11:59:50,281 - METRIC - INFO - {"loss": 0.23379117250442505, "accuracy": 0.9320623278617859, "energy_consumption": null, "selected": false, "client_name": "sta2"}
2026-06-25 11:59:50,297 - METRIC - INFO - {"loss": 0.2799816429615021, "accuracy": 0.9257606267929077, "energy_consumption": null, "selected": false, "client_name": "sta0"}
2026-06-25 11:59:50,309 - METRIC - INFO - {"loss": 0.2788001298904419, "accuracy": 0.920243501663208, "energy_consumption": null, "selected": false, "client_name": "sta6"}
2026-06-25 11:59:50,327 - METRIC - INFO - {"loss": 0.2736506164073944, "accuracy": 0.915533721446991, "energy_consumption": null, "selected": false, "client_name": "sta3"}
2026-06-25 11:59:50,330 - METRIC - INFO - {"loss": 0.2826250493526459, "accuracy": 0.9173553586006165, "energy_consumption": null, "selected": false, "client_name": "sta7"}
2026-06-25 11:59:50,345 - METRIC - INFO - {"loss": 0.25776201486587524, "accuracy": 0.9255404472351074, "energy_consumption": null, "selected": false, "client_name": "sta5"}
2026-06-25 11:59:50,420 - METRIC - INFO - mean_accuracy: 0.9145708680152893

2026-06-25 11:59:50,420 - METRIC - INFO - round: 2
2026-06-25 11:59:50,420 - METRIC - INFO - n_selected: 11
2026-06-25 11:59:50,420 - METRIC - INFO - {"selected_trainers": ["sta0", "sta1", "sta10", "sta2", "sta3", "sta4", "sta5", "sta6", "sta7", "sta8", "sta9"]}
2026-06-25 11:59:55,149 - EXECUT - INFO - received weights from trainer sta8!
2026-06-25 11:59:56,114 - EXECUT - INFO - received weights from trainer sta4!
2026-06-25 11:59:59,497 - EXECUT - INFO - received weights from trainer sta10!
2026-06-25 12:00:01,181 - EXECUT - INFO - received weights from trainer sta1!
2026-06-25 12:00:01,772 - EXECUT - INFO - received weights from trainer sta0!
2026-06-25 12:00:03,799 - EXECUT - INFO - received weights from trainer sta9!
2026-06-25 12:00:04,372 - EXECUT - INFO - received weights from trainer sta2!
2026-06-25 12:00:04,961 - EXECUT - INFO - received weights from trainer sta6!
2026-06-25 12:00:05,822 - EXECUT - INFO - received weights from trainer sta3!
2026-06-25 12:00:06,258 - EXECUT - INFO - received weights from trainer sta7!
2026-06-25 12:00:07,197 - EXECUT - INFO - received weights from trainer sta5!
2026-06-25 12:00:08,141 - EXECUT - INFO - sent aggregated weights to trainers!
2026-06-25 12:00:08,667 - METRIC - INFO - {"loss": 1.9437873363494873, "accuracy": 0.608433723449707, "energy_consumption": null, "selected": false, "client_name": "sta8"}
2026-06-25 12:00:08,722 - METRIC - INFO - {"loss": 0.6385678648948669, "accuracy": 0.8388664126396179, "energy_consumption": null, "selected": false, "client_name": "sta10"}
2026-06-25 12:00:08,754 - METRIC - INFO - {"loss": 1.3621950149536133, "accuracy": 0.6388888955116272, "energy_consumption": null, "selected": false, "client_name": "sta4"}
2026-06-25 12:00:08,765 - METRIC - INFO - {"loss": 0.45100826025009155, "accuracy": 0.8785046935081482, "energy_consumption": null, "selected": false, "client_name": "sta9"}
2026-06-25 12:00:08,765 - METRIC - INFO - {"loss": 0.4912109375, "accuracy": 0.8663622736930847, "energy_consumption": null, "selected": false, "client_name": "sta6"}
2026-06-25 12:00:08,829 - METRIC - INFO - {"loss": 0.618784487247467, "accuracy": 0.8413792848587036, "energy_consumption": null, "selected": false, "client_name": "sta0"}
2026-06-25 12:00:08,839 - METRIC - INFO - {"loss": 0.7267030477523804, "accuracy": 0.8095659613609314, "energy_consumption": null, "selected": false, "client_name": "sta1"}
2026-06-25 12:00:08,874 - METRIC - INFO - {"loss": 0.42517998814582825, "accuracy": 0.8780880570411682, "energy_consumption": null, "selected": false, "client_name": "sta2"}
2026-06-25 12:00:08,899 - METRIC - INFO - {"loss": 0.42191559076309204, "accuracy": 0.8844408988952637, "energy_consumption": null, "selected": false, "client_name": "sta5"}
2026-06-25 12:00:08,909 - METRIC - INFO - {"loss": 0.49077093601226807, "accuracy": 0.8640439510345459, "energy_consumption": null, "selected": false, "client_name": "sta3"}
2026-06-25 12:00:08,945 - METRIC - INFO - {"loss": 0.47648319602012634, "accuracy": 0.8630460500717163, "energy_consumption": null, "selected": false, "client_name": "sta7"}
2026-06-25 12:00:09,142 - METRIC - INFO - mean_accuracy: 0.8156018365513195

2026-06-25 12:00:09,142 - METRIC - INFO - round: 3
2026-06-25 12:00:09,142 - METRIC - INFO - n_selected: 11
2026-06-25 12:00:09,142 - METRIC - INFO - {"selected_trainers": ["sta0", "sta1", "sta10", "sta2", "sta3", "sta4", "sta5", "sta6", "sta7", "sta8", "sta9"]}
2026-06-25 12:00:13,687 - EXECUT - INFO - received weights from trainer sta8!
2026-06-25 12:00:14,099 - EXECUT - INFO - received weights from trainer sta4!
2026-06-25 12:00:17,734 - EXECUT - INFO - received weights from trainer sta10!
2026-06-25 12:00:19,565 - EXECUT - INFO - received weights from trainer sta1!
2026-06-25 12:00:19,880 - EXECUT - INFO - received weights from trainer sta0!
2026-06-25 12:00:21,263 - EXECUT - INFO - received weights from trainer sta2!
2026-06-25 12:00:21,722 - EXECUT - INFO - received weights from trainer sta9!
2026-06-25 12:00:22,362 - EXECUT - INFO - received weights from trainer sta6!
2026-06-25 12:00:23,058 - EXECUT - INFO - received weights from trainer sta3!
2026-06-25 12:00:23,892 - EXECUT - INFO - received weights from trainer sta7!
2026-06-25 12:00:24,442 - EXECUT - INFO - received weights from trainer sta5!
2026-06-25 12:00:25,741 - EXECUT - INFO - sent aggregated weights to trainers!
2026-06-25 12:00:26,177 - METRIC - INFO - {"loss": 0.35804539918899536, "accuracy": 0.9076389074325562, "energy_consumption": null, "selected": false, "client_name": "sta4"}
2026-06-25 12:00:26,180 - METRIC - INFO - {"loss": 0.4028385579586029, "accuracy": 0.8760757446289062, "energy_consumption": null, "selected": false, "client_name": "sta8"}
2026-06-25 12:00:26,243 - METRIC - INFO - {"loss": 0.3142215311527252, "accuracy": 0.9137651920318604, "energy_consumption": null, "selected": false, "client_name": "sta10"}
2026-06-25 12:00:26,251 - METRIC - INFO - {"loss": 0.338548481464386, "accuracy": 0.9021257758140564, "energy_consumption": null, "selected": false, "client_name": "sta1"}
2026-06-25 12:00:26,268 - METRIC - INFO - {"loss": 0.2905955910682678, "accuracy": 0.9183617234230042, "energy_consumption": null, "selected": false, "client_name": "sta9"}
2026-06-25 12:00:26,289 - METRIC - INFO - {"loss": 0.2973247468471527, "accuracy": 0.9196754693984985, "energy_consumption": null, "selected": false, "client_name": "sta0"}
2026-06-25 12:00:26,320 - METRIC - INFO - {"loss": 0.27024856209754944, "accuracy": 0.9229323267936707, "energy_consumption": null, "selected": false, "client_name": "sta2"}
2026-06-25 12:00:26,358 - METRIC - INFO - {"loss": 0.2737623453140259, "accuracy": 0.9202028512954712, "energy_consumption": null, "selected": false, "client_name": "sta5"}
2026-06-25 12:00:26,370 - METRIC - INFO - {"loss": 0.3041527271270752, "accuracy": 0.9094590544700623, "energy_consumption": null, "selected": false, "client_name": "sta3"}
2026-06-25 12:00:26,386 - METRIC - INFO - {"loss": 0.2995266318321228, "accuracy": 0.9120243787765503, "energy_consumption": null, "selected": false, "client_name": "sta6"}
2026-06-25 12:00:26,454 - METRIC - INFO - {"loss": 0.3010205924510956, "accuracy": 0.9102715253829956, "energy_consumption": null, "selected": false, "client_name": "sta7"}
2026-06-25 12:00:26,743 - METRIC - INFO - mean_accuracy: 0.9102302681316029

2026-06-25 12:00:26,743 - METRIC - INFO - round: 4
2026-06-25 12:00:26,743 - METRIC - INFO - n_selected: 11
2026-06-25 12:00:26,743 - METRIC - INFO - {"selected_trainers": ["sta0", "sta1", "sta10", "sta2", "sta3", "sta4", "sta5", "sta6", "sta7", "sta8", "sta9"]}
2026-06-25 12:00:31,190 - EXECUT - INFO - received weights from trainer sta4!
2026-06-25 12:00:31,210 - EXECUT - INFO - received weights from trainer sta8!
2026-06-25 12:00:35,100 - EXECUT - INFO - received weights from trainer sta10!
2026-06-25 12:00:36,240 - EXECUT - INFO - received weights from trainer sta1!
2026-06-25 12:00:36,700 - EXECUT - INFO - received weights from trainer sta0!
2026-06-25 12:00:37,430 - EXECUT - INFO - received weights from trainer sta2!
2026-06-25 12:00:38,122 - EXECUT - INFO - received weights from trainer sta6!
2026-06-25 12:00:38,717 - EXECUT - INFO - received weights from trainer sta9!
2026-06-25 12:00:39,684 - EXECUT - INFO - received weights from trainer sta3!
2026-06-25 12:00:40,549 - EXECUT - INFO - received weights from trainer sta7!
2026-06-25 12:00:40,672 - EXECUT - INFO - received weights from trainer sta5!
2026-06-25 12:00:41,342 - EXECUT - INFO - sent aggregated weights to trainers!
2026-06-25 12:00:41,824 - METRIC - INFO - {"loss": 0.23165518045425415, "accuracy": 0.9356275200843811, "energy_consumption": null, "selected": false, "client_name": "sta10"}
2026-06-25 12:00:41,846 - METRIC - INFO - {"loss": 0.22685585916042328, "accuracy": 0.9330289363861084, "energy_consumption": null, "selected": false, "client_name": "sta6"}
2026-06-25 12:00:41,863 - METRIC - INFO - {"loss": 0.21823211014270782, "accuracy": 0.9399594068527222, "energy_consumption": null, "selected": false, "client_name": "sta0"}
2026-06-25 12:00:41,877 - METRIC - INFO - {"loss": 0.24080531299114227, "accuracy": 0.9238263964653015, "energy_consumption": null, "selected": false, "client_name": "sta1"}
2026-06-25 12:00:41,884 - METRIC - INFO - {"loss": 0.198894202709198, "accuracy": 0.9417293071746826, "energy_consumption": null, "selected": false, "client_name": "sta2"}
2026-06-25 12:00:41,891 - METRIC - INFO - {"loss": 0.2520609200000763, "accuracy": 0.9319444298744202, "energy_consumption": null, "selected": false, "client_name": "sta4"}
2026-06-25 12:00:41,905 - METRIC - INFO - {"loss": 0.20407478511333466, "accuracy": 0.938884437084198, "energy_consumption": null, "selected": false, "client_name": "sta5"}
2026-06-25 12:00:41,918 - METRIC - INFO - {"loss": 0.27770599722862244, "accuracy": 0.912220299243927, "energy_consumption": null, "selected": false, "client_name": "sta8"}
2026-06-25 12:00:41,935 - METRIC - INFO - {"loss": 0.22603747248649597, "accuracy": 0.9308649301528931, "energy_consumption": null, "selected": false, "client_name": "sta3"}
2026-06-25 12:00:41,991 - METRIC - INFO - {"loss": 0.21619801223278046, "accuracy": 0.9381528496742249, "energy_consumption": null, "selected": false, "client_name": "sta9"}
2026-06-25 12:00:42,118 - METRIC - INFO - {"loss": 0.22579681873321533, "accuracy": 0.9291617274284363, "energy_consumption": null, "selected": false, "client_name": "sta7"}
2026-06-25 12:00:42,345 - METRIC - INFO - mean_accuracy: 0.9323091127655723

2026-06-25 12:00:42,349 - METRIC - INFO - stop_condition: rounds
