2026-06-25 12:01:05,798 - EXECUT - INFO - starting server...
2026-06-25 12:01:10,532 - EXECUT - INFO - trainer number sta0 just joined the pool
2026-06-25 12:01:10,575 - EXECUT - INFO - trainer number sta4 just joined the pool
2026-06-25 12:01:10,656 - EXECUT - INFO - trainer number sta1 just joined the pool
2026-06-25 12:01:10,737 - EXECUT - INFO - trainer number sta3 just joined the pool
2026-06-25 12:01:10,779 - EXECUT - INFO - trainer number sta2 just joined the pool
2026-06-25 12:01:10,821 - EXECUT - INFO - trainer number sta5 just joined the pool
2026-06-25 12:01:10,863 - EXECUT - INFO - trainer number sta6 just joined the pool
2026-06-25 12:01:10,864 - EXECUT - INFO - trainer number sta7 just joined the pool
2026-06-25 12:01:10,976 - EXECUT - INFO - trainer number sta8 just joined the pool
2026-06-25 12:01:11,086 - EXECUT - INFO - trainer number sta10 just joined the pool
2026-06-25 12:01:11,138 - EXECUT - INFO - trainer number sta9 just joined the pool
2026-06-25 12:01:11,808 - EXECUT - INFO - mensagem de data_sz recebida: 
 {'id': 'sta0', 'dataset_sz': 747088320}
2026-06-25 12:01:11,808 - EXECUT - INFO - mensagem de data_sz recebida: 
 {'id': 'sta1', 'dataset_sz': 684321792}
2026-06-25 12:01:11,849 - EXECUT - INFO - mensagem de data_sz recebida: 
 {'id': 'sta10', 'dataset_sz': 748350720}
2026-06-25 12:01:11,849 - EXECUT - INFO - mensagem de data_sz recebida: 
 {'id': 'sta2', 'dataset_sz': 1128383616}
2026-06-25 12:01:11,849 - EXECUT - INFO - mensagem de data_sz recebida: 
 {'id': 'sta3', 'dataset_sz': 1047438528}
2026-06-25 12:01:11,849 - EXECUT - INFO - mensagem de data_sz recebida: 
 {'id': 'sta4', 'dataset_sz': 436285440}
2026-06-25 12:01:11,849 - EXECUT - INFO - mensagem de data_sz recebida: 
 {'id': 'sta6', 'dataset_sz': 995528640}
2026-06-25 12:01:11,849 - EXECUT - INFO - mensagem de data_sz recebida: 
 {'id': 'sta5', 'dataset_sz': 1135301568}
2026-06-25 12:01:11,849 - EXECUT - INFO - mensagem de data_sz recebida: 
 {'id': 'sta7', 'dataset_sz': 1026684672}
2026-06-25 12:01:11,849 - EXECUT - INFO - mensagem de data_sz recebida: 
 {'id': 'sta8', 'dataset_sz': 352361088}
2026-06-25 12:01:11,849 - EXECUT - INFO - mensagem de data_sz recebida: 
 {'id': 'sta9', 'dataset_sz': 1102428672}
2026-06-25 12:01:12,808 - METRIC - INFO - round: 1
2026-06-25 12:01:12,808 - METRIC - INFO - n_selected: 11
2026-06-25 12:01:12,809 - METRIC - INFO - {"selected_trainers": ["sta0", "sta1", "sta10", "sta2", "sta3", "sta4", "sta5", "sta6", "sta7", "sta8", "sta9"]}
2026-06-25 12:01:18,310 - EXECUT - INFO - received weights from trainer sta8!
2026-06-25 12:01:20,405 - EXECUT - INFO - received weights from trainer sta4!
2026-06-25 12:01:23,302 - EXECUT - INFO - received weights from trainer sta10!
2026-06-25 12:01:25,544 - EXECUT - INFO - received weights from trainer sta1!
2026-06-25 12:01:26,412 - EXECUT - INFO - received weights from trainer sta0!
2026-06-25 12:01:27,856 - EXECUT - INFO - received weights from trainer sta9!
2026-06-25 12:01:30,148 - EXECUT - INFO - received weights from trainer sta2!
2026-06-25 12:01:30,773 - EXECUT - INFO - received weights from trainer sta3!
2026-06-25 12:01:31,367 - EXECUT - INFO - received weights from trainer sta7!
2026-06-25 12:01:32,990 - EXECUT - INFO - received weights from trainer sta5!
2026-06-25 12:01:34,374 - EXECUT - INFO - received weights from trainer sta6!
2026-06-25 12:01:35,482 - EXECUT - INFO - sent aggregated weights to trainers!
2026-06-25 12:01:35,991 - METRIC - INFO - {"loss": 0.4572503864765167, "accuracy": 0.8838210105895996, "energy_consumption": null, "selected": false, "client_name": "sta8"}
2026-06-25 12:01:36,070 - METRIC - INFO - {"loss": 0.30402326583862305, "accuracy": 0.912145733833313, "energy_consumption": null, "selected": false, "client_name": "sta10"}
2026-06-25 12:01:36,099 - METRIC - INFO - {"loss": 0.4109094738960266, "accuracy": 0.8854166865348816, "energy_consumption": null, "selected": false, "client_name": "sta4"}
2026-06-25 12:01:36,105 - METRIC - INFO - {"loss": 0.265244722366333, "accuracy": 0.9227597713470459, "energy_consumption": null, "selected": false, "client_name": "sta9"}
2026-06-25 12:01:36,213 - METRIC - INFO - {"loss": 0.2840266823768616, "accuracy": 0.9213211536407471, "energy_consumption": null, "selected": false, "client_name": "sta2"}
2026-06-25 12:01:36,268 - METRIC - INFO - {"loss": 0.32549071311950684, "accuracy": 0.9061115980148315, "energy_consumption": null, "selected": false, "client_name": "sta1"}
2026-06-25 12:01:36,275 - METRIC - INFO - {"loss": 0.31073063611984253, "accuracy": 0.9079107642173767, "energy_consumption": null, "selected": false, "client_name": "sta0"}
2026-06-25 12:01:36,279 - METRIC - INFO - {"loss": 0.27636995911598206, "accuracy": 0.9199391007423401, "energy_consumption": null, "selected": false, "client_name": "sta6"}
2026-06-25 12:01:36,285 - METRIC - INFO - {"loss": 0.24949955940246582, "accuracy": 0.9256198406219482, "energy_consumption": null, "selected": false, "client_name": "sta7"}
2026-06-25 12:01:36,302 - METRIC - INFO - {"loss": 0.24566183984279633, "accuracy": 0.924206018447876, "energy_consumption": null, "selected": false, "client_name": "sta5"}
2026-06-25 12:01:36,306 - METRIC - INFO - {"loss": 0.2724430561065674, "accuracy": 0.9216083288192749, "energy_consumption": null, "selected": false, "client_name": "sta3"}
2026-06-25 12:01:36,484 - METRIC - INFO - mean_accuracy: 0.911896364255385

2026-06-25 12:01:36,484 - METRIC - INFO - round: 2
2026-06-25 12:01:36,484 - METRIC - INFO - n_selected: 11
2026-06-25 12:01:36,484 - METRIC - INFO - {"selected_trainers": ["sta0", "sta1", "sta10", "sta2", "sta3", "sta4", "sta5", "sta6", "sta7", "sta8", "sta9"]}
2026-06-25 12:01:41,182 - EXECUT - INFO - received weights from trainer sta8!
2026-06-25 12:01:42,142 - EXECUT - INFO - received weights from trainer sta4!
2026-06-25 12:01:45,532 - EXECUT - INFO - received weights from trainer sta10!
2026-06-25 12:01:47,218 - EXECUT - INFO - received weights from trainer sta1!
2026-06-25 12:01:47,939 - EXECUT - INFO - received weights from trainer sta0!
2026-06-25 12:01:49,763 - EXECUT - INFO - received weights from trainer sta9!
2026-06-25 12:01:50,319 - EXECUT - INFO - received weights from trainer sta2!
2026-06-25 12:01:51,028 - EXECUT - INFO - received weights from trainer sta6!
2026-06-25 12:01:51,800 - EXECUT - INFO - received weights from trainer sta3!
2026-06-25 12:01:52,294 - EXECUT - INFO - received weights from trainer sta7!
2026-06-25 12:01:53,285 - EXECUT - INFO - received weights from trainer sta5!
2026-06-25 12:01:54,171 - EXECUT - INFO - sent aggregated weights to trainers!
2026-06-25 12:01:54,650 - METRIC - INFO - {"loss": 2.0939207077026367, "accuracy": 0.628227174282074, "energy_consumption": null, "selected": false, "client_name": "sta8"}
2026-06-25 12:01:54,698 - METRIC - INFO - {"loss": 1.5956951379776, "accuracy": 0.6611111164093018, "energy_consumption": null, "selected": false, "client_name": "sta4"}
2026-06-25 12:01:54,722 - METRIC - INFO - {"loss": 0.6548344492912292, "accuracy": 0.8222672343254089, "energy_consumption": null, "selected": false, "client_name": "sta10"}
2026-06-25 12:01:54,747 - METRIC - INFO - {"loss": 0.44581136107444763, "accuracy": 0.8774051666259766, "energy_consumption": null, "selected": false, "client_name": "sta9"}
2026-06-25 12:01:54,753 - METRIC - INFO - {"loss": 0.44579580426216125, "accuracy": 0.8807733654975891, "energy_consumption": null, "selected": false, "client_name": "sta2"}
2026-06-25 12:01:54,817 - METRIC - INFO - {"loss": 0.6488596796989441, "accuracy": 0.8255578279495239, "energy_consumption": null, "selected": false, "client_name": "sta0"}
2026-06-25 12:01:54,844 - METRIC - INFO - {"loss": 0.7199233174324036, "accuracy": 0.8157661557197571, "energy_consumption": null, "selected": false, "client_name": "sta1"}
2026-06-25 12:01:54,880 - METRIC - INFO - {"loss": 0.46093201637268066, "accuracy": 0.8692507743835449, "energy_consumption": null, "selected": false, "client_name": "sta3"}
2026-06-25 12:01:54,891 - METRIC - INFO - {"loss": 0.4575028717517853, "accuracy": 0.8677685856819153, "energy_consumption": null, "selected": false, "client_name": "sta7"}
2026-06-25 12:01:54,902 - METRIC - INFO - {"loss": 0.4241131544113159, "accuracy": 0.8801708221435547, "energy_consumption": null, "selected": false, "client_name": "sta5"}
2026-06-25 12:01:54,909 - METRIC - INFO - {"loss": 0.4797647297382355, "accuracy": 0.8709284663200378, "energy_consumption": null, "selected": false, "client_name": "sta6"}
2026-06-25 12:01:55,173 - METRIC - INFO - mean_accuracy: 0.8181115172126077

2026-06-25 12:01:55,173 - METRIC - INFO - round: 3
2026-06-25 12:01:55,173 - METRIC - INFO - n_selected: 11
2026-06-25 12:01:55,173 - METRIC - INFO - {"selected_trainers": ["sta0", "sta1", "sta10", "sta2", "sta3", "sta4", "sta5", "sta6", "sta7", "sta8", "sta9"]}
2026-06-25 12:02:00,117 - EXECUT - INFO - received weights from trainer sta4!
2026-06-25 12:02:00,638 - EXECUT - INFO - received weights from trainer sta8!
2026-06-25 12:02:03,773 - EXECUT - INFO - received weights from trainer sta10!
2026-06-25 12:02:05,338 - EXECUT - INFO - received weights from trainer sta1!
2026-06-25 12:02:05,956 - EXECUT - INFO - received weights from trainer sta0!
2026-06-25 12:02:07,047 - EXECUT - INFO - received weights from trainer sta2!
2026-06-25 12:02:07,746 - EXECUT - INFO - received weights from trainer sta9!
2026-06-25 12:02:08,372 - EXECUT - INFO - received weights from trainer sta6!
2026-06-25 12:02:08,879 - EXECUT - INFO - received weights from trainer sta3!
2026-06-25 12:02:09,951 - EXECUT - INFO - received weights from trainer sta7!
2026-06-25 12:02:10,675 - EXECUT - INFO - received weights from trainer sta5!
2026-06-25 12:02:11,676 - EXECUT - INFO - sent aggregated weights to trainers!
2026-06-25 12:02:12,084 - METRIC - INFO - {"loss": 0.4040566682815552, "accuracy": 0.8855421543121338, "energy_consumption": null, "selected": false, "client_name": "sta8"}
2026-06-25 12:02:12,124 - METRIC - INFO - {"loss": 0.39121213555336, "accuracy": 0.887499988079071, "energy_consumption": null, "selected": false, "client_name": "sta4"}
2026-06-25 12:02:12,142 - METRIC - INFO - {"loss": 0.3186355233192444, "accuracy": 0.9072874784469604, "energy_consumption": null, "selected": false, "client_name": "sta10"}
2026-06-25 12:02:12,144 - METRIC - INFO - {"loss": 0.29841163754463196, "accuracy": 0.918367326259613, "energy_consumption": null, "selected": false, "client_name": "sta2"}
2026-06-25 12:02:12,175 - METRIC - INFO - {"loss": 0.28772851824760437, "accuracy": 0.9183617234230042, "energy_consumption": null, "selected": false, "client_name": "sta9"}
2026-06-25 12:02:12,259 - METRIC - INFO - {"loss": 0.27093231678009033, "accuracy": 0.9161996245384216, "energy_consumption": null, "selected": false, "client_name": "sta5"}
2026-06-25 12:02:12,269 - METRIC - INFO - {"loss": 0.3011910915374756, "accuracy": 0.9144596457481384, "energy_consumption": null, "selected": false, "client_name": "sta6"}
2026-06-25 12:02:12,278 - METRIC - INFO - {"loss": 0.29080909490585327, "accuracy": 0.9126409888267517, "energy_consumption": null, "selected": false, "client_name": "sta3"}
2026-06-25 12:02:12,325 - METRIC - INFO - {"loss": 0.32733654975891113, "accuracy": 0.9042596220970154, "energy_consumption": null, "selected": false, "client_name": "sta0"}
2026-06-25 12:02:12,327 - METRIC - INFO - {"loss": 0.3276088833808899, "accuracy": 0.907440185546875, "energy_consumption": null, "selected": false, "client_name": "sta1"}
2026-06-25 12:02:12,343 - METRIC - INFO - {"loss": 0.2752859592437744, "accuracy": 0.9170601963996887, "energy_consumption": null, "selected": false, "client_name": "sta7"}
2026-06-25 12:02:12,679 - METRIC - INFO - mean_accuracy: 0.9081017212434248

2026-06-25 12:02:12,679 - METRIC - INFO - round: 4
2026-06-25 12:02:12,679 - METRIC - INFO - n_selected: 11
2026-06-25 12:02:12,679 - METRIC - INFO - {"selected_trainers": ["sta0", "sta1", "sta10", "sta2", "sta3", "sta4", "sta5", "sta6", "sta7", "sta8", "sta9"]}
2026-06-25 12:02:17,060 - EXECUT - INFO - received weights from trainer sta4!
2026-06-25 12:02:17,107 - EXECUT - INFO - received weights from trainer sta8!
2026-06-25 12:02:21,051 - EXECUT - INFO - received weights from trainer sta10!
2026-06-25 12:02:22,102 - EXECUT - INFO - received weights from trainer sta1!
2026-06-25 12:02:22,689 - EXECUT - INFO - received weights from trainer sta0!
2026-06-25 12:02:23,389 - EXECUT - INFO - received weights from trainer sta2!
2026-06-25 12:02:24,093 - EXECUT - INFO - received weights from trainer sta6!
2026-06-25 12:02:24,677 - EXECUT - INFO - received weights from trainer sta9!
2026-06-25 12:02:25,454 - EXECUT - INFO - received weights from trainer sta3!
2026-06-25 12:02:26,416 - EXECUT - INFO - received weights from trainer sta7!
2026-06-25 12:02:26,708 - EXECUT - INFO - received weights from trainer sta5!
2026-06-25 12:02:27,275 - EXECUT - INFO - sent aggregated weights to trainers!
2026-06-25 12:02:27,676 - METRIC - INFO - {"loss": 0.2705938220024109, "accuracy": 0.9173611402511597, "energy_consumption": null, "selected": false, "client_name": "sta4"}
2026-06-25 12:02:27,725 - METRIC - INFO - {"loss": 0.22337262332439423, "accuracy": 0.9360902309417725, "energy_consumption": null, "selected": false, "client_name": "sta2"}
2026-06-25 12:02:27,761 - METRIC - INFO - {"loss": 0.23175330460071564, "accuracy": 0.9331983923912048, "energy_consumption": null, "selected": false, "client_name": "sta10"}
2026-06-25 12:02:27,799 - METRIC - INFO - {"loss": 0.21524956822395325, "accuracy": 0.9346253871917725, "energy_consumption": null, "selected": false, "client_name": "sta3"}
2026-06-25 12:02:27,832 - METRIC - INFO - {"loss": 0.28848761320114136, "accuracy": 0.9173838496208191, "energy_consumption": null, "selected": false, "client_name": "sta8"}
2026-06-25 12:02:27,866 - METRIC - INFO - {"loss": 0.20105673372745514, "accuracy": 0.9375500679016113, "energy_consumption": null, "selected": false, "client_name": "sta5"}
2026-06-25 12:02:27,868 - METRIC - INFO - {"loss": 0.2163877785205841, "accuracy": 0.9378995299339294, "energy_consumption": null, "selected": false, "client_name": "sta6"}
2026-06-25 12:02:27,892 - METRIC - INFO - {"loss": 0.24295037984848022, "accuracy": 0.9300265908241272, "energy_consumption": null, "selected": false, "client_name": "sta1"}
2026-06-25 12:02:27,907 - METRIC - INFO - {"loss": 0.21332880854606628, "accuracy": 0.9376030564308167, "energy_consumption": null, "selected": false, "client_name": "sta9"}
2026-06-25 12:02:27,911 - METRIC - INFO - {"loss": 0.23659487068653107, "accuracy": 0.9265720248222351, "energy_consumption": null, "selected": false, "client_name": "sta0"}
2026-06-25 12:02:28,082 - METRIC - INFO - {"loss": 0.1987275332212448, "accuracy": 0.9389020204544067, "energy_consumption": null, "selected": false, "client_name": "sta7"}
2026-06-25 12:02:28,277 - METRIC - INFO - mean_accuracy: 0.931564753705805

2026-06-25 12:02:28,281 - METRIC - INFO - stop_condition: rounds
