2026-06-19 17:03:01,414 - EXECUT - INFO - starting server...
2026-06-19 17:03:06,551 - EXECUT - INFO - trainer number sta0 just joined the pool
2026-06-19 17:03:06,660 - EXECUT - INFO - trainer number sta4 just joined the pool
2026-06-19 17:03:06,702 - EXECUT - INFO - trainer number sta1 just joined the pool
2026-06-19 17:03:06,843 - EXECUT - INFO - trainer number sta3 just joined the pool
2026-06-19 17:03:06,885 - EXECUT - INFO - trainer number sta2 just joined the pool
2026-06-19 17:03:06,886 - EXECUT - INFO - trainer number sta5 just joined the pool
2026-06-19 17:03:07,004 - EXECUT - INFO - trainer number sta6 just joined the pool
2026-06-19 17:03:07,054 - EXECUT - INFO - trainer number sta7 just joined the pool
2026-06-19 17:03:07,926 - EXECUT - INFO - trainer number sta8 just joined the pool
2026-06-19 17:03:08,054 - EXECUT - INFO - trainer number sta10 just joined the pool
2026-06-19 17:03:08,097 - EXECUT - INFO - trainer number sta12 just joined the pool
2026-06-19 17:03:08,097 - EXECUT - INFO - trainer number sta18 just joined the pool
2026-06-19 17:03:08,097 - EXECUT - INFO - trainer number sta16 just joined the pool
2026-06-19 17:03:08,139 - EXECUT - INFO - trainer number sta11 just joined the pool
2026-06-19 17:03:08,139 - EXECUT - INFO - trainer number sta14 just joined the pool
2026-06-19 17:03:08,139 - EXECUT - INFO - trainer number sta13 just joined the pool
2026-06-19 17:03:08,221 - EXECUT - INFO - trainer number sta15 just joined the pool
2026-06-19 17:03:08,263 - EXECUT - INFO - trainer number sta19 just joined the pool
2026-06-19 17:03:08,263 - EXECUT - INFO - trainer number sta9 just joined the pool
2026-06-19 17:03:08,451 - EXECUT - INFO - trainer number sta17 just joined the pool
2026-06-19 17:03:09,426 - EXECUT - INFO - mensagem de data_sz recebida: 
 {'id': 'sta0', 'dataset_sz': 747088320}
2026-06-19 17:03:09,427 - EXECUT - INFO - mensagem de data_sz recebida: 
 {'id': 'sta10', 'dataset_sz': 748350720}
2026-06-19 17:03:09,467 - EXECUT - INFO - mensagem de data_sz recebida: 
 {'id': 'sta11', 'dataset_sz': 763953984}
2026-06-19 17:03:09,467 - EXECUT - INFO - mensagem de data_sz recebida: 
 {'id': 'sta12', 'dataset_sz': 737999040}
2026-06-19 17:03:09,467 - EXECUT - INFO - mensagem de data_sz recebida: 
 {'id': 'sta13', 'dataset_sz': 811571712}
2026-06-19 17:03:09,467 - EXECUT - INFO - mensagem de data_sz recebida: 
 {'id': 'sta15', 'dataset_sz': 786475200}
2026-06-19 17:03:09,467 - EXECUT - INFO - mensagem de data_sz recebida: 
 {'id': 'sta16', 'dataset_sz': 380032896}
2026-06-19 17:03:09,467 - EXECUT - INFO - mensagem de data_sz recebida: 
 {'id': 'sta14', 'dataset_sz': 710731200}
2026-06-19 17:03:09,467 - EXECUT - INFO - mensagem de data_sz recebida: 
 {'id': 'sta18', 'dataset_sz': 338929152}
2026-06-19 17:03:09,467 - EXECUT - INFO - mensagem de data_sz recebida: 
 {'id': 'sta3', 'dataset_sz': 1047438528}
2026-06-19 17:03:09,467 - EXECUT - INFO - mensagem de data_sz recebida: 
 {'id': 'sta2', 'dataset_sz': 1128383616}
2026-06-19 17:03:09,467 - EXECUT - INFO - mensagem de data_sz recebida: 
 {'id': 'sta5', 'dataset_sz': 1135301568}
2026-06-19 17:03:09,467 - EXECUT - INFO - mensagem de data_sz recebida: 
 {'id': 'sta8', 'dataset_sz': 352361088}
2026-06-19 17:03:09,467 - EXECUT - INFO - mensagem de data_sz recebida: 
 {'id': 'sta19', 'dataset_sz': 761378688}
2026-06-19 17:03:09,467 - EXECUT - INFO - mensagem de data_sz recebida: 
 {'id': 'sta7', 'dataset_sz': 1026684672}
2026-06-19 17:03:09,467 - EXECUT - INFO - mensagem de data_sz recebida: 
 {'id': 'sta4', 'dataset_sz': 436285440}
2026-06-19 17:03:09,467 - EXECUT - INFO - mensagem de data_sz recebida: 
 {'id': 'sta1', 'dataset_sz': 684321792}
2026-06-19 17:03:09,467 - EXECUT - INFO - mensagem de data_sz recebida: 
 {'id': 'sta6', 'dataset_sz': 995528640}
2026-06-19 17:03:09,467 - EXECUT - INFO - mensagem de data_sz recebida: 
 {'id': 'sta9', 'dataset_sz': 1102428672}
2026-06-19 17:03:09,467 - EXECUT - INFO - mensagem de data_sz recebida: 
 {'id': 'sta17', 'dataset_sz': 1076473728}
2026-06-19 17:03:10,426 - METRIC - INFO - round: 1
2026-06-19 17:03:10,426 - METRIC - INFO - n_selected: 20
2026-06-19 17:03:10,427 - METRIC - INFO - {"selected_trainers": ["sta0", "sta1", "sta10", "sta11", "sta12", "sta13", "sta14", "sta15", "sta16", "sta17", "sta18", "sta19", "sta2", "sta3", "sta4", "sta5", "sta6", "sta7", "sta8", "sta9"]}
2026-06-19 17:03:19,448 - EXECUT - INFO - received weights from trainer sta18!
2026-06-19 17:03:21,659 - EXECUT - INFO - received weights from trainer sta16!
2026-06-19 17:03:21,779 - EXECUT - INFO - received weights from trainer sta8!
2026-06-19 17:03:27,095 - EXECUT - INFO - received weights from trainer sta14!
2026-06-19 17:03:27,659 - EXECUT - INFO - received weights from trainer sta12!
2026-06-19 17:03:27,738 - EXECUT - INFO - received weights from trainer sta10!
2026-06-19 17:03:31,846 - EXECUT - INFO - received weights from trainer sta11!
2026-06-19 17:03:31,932 - EXECUT - INFO - received weights from trainer sta13!
2026-06-19 17:03:31,953 - EXECUT - INFO - received weights from trainer sta15!
2026-06-19 17:03:31,991 - EXECUT - INFO - received weights from trainer sta0!
2026-06-19 17:03:32,012 - EXECUT - INFO - received weights from trainer sta19!
2026-06-19 17:03:32,033 - EXECUT - INFO - received weights from trainer sta1!
2026-06-19 17:03:32,169 - EXECUT - INFO - received weights from trainer sta4!
2026-06-19 17:03:36,504 - EXECUT - INFO - received weights from trainer sta5!
2026-06-19 17:03:52,478 - EXECUT - INFO - received weights from trainer sta17!
2026-06-19 17:03:52,564 - EXECUT - INFO - received weights from trainer sta9!
2026-06-19 17:03:52,661 - EXECUT - INFO - received weights from trainer sta2!
2026-06-19 17:03:52,711 - EXECUT - INFO - received weights from trainer sta7!
2026-06-19 17:03:52,743 - EXECUT - INFO - received weights from trainer sta3!
2026-06-19 17:03:52,786 - EXECUT - INFO - received weights from trainer sta6!
2026-06-19 17:03:54,008 - EXECUT - INFO - sent aggregated weights to trainers!
2026-06-19 17:03:55,501 - METRIC - INFO - {"loss": 0.470531165599823, "accuracy": 0.8732057213783264, "energy_consumption": null, "selected": false, "client_name": "sta16"}
2026-06-19 17:03:55,520 - METRIC - INFO - {"loss": 0.3148089349269867, "accuracy": 0.9108741879463196, "energy_consumption": null, "selected": false, "client_name": "sta14"}
2026-06-19 17:03:55,523 - METRIC - INFO - {"loss": 0.3068157136440277, "accuracy": 0.9119396805763245, "energy_consumption": null, "selected": false, "client_name": "sta11"}
2026-06-19 17:03:55,528 - METRIC - INFO - {"loss": 0.4397513270378113, "accuracy": 0.8908765912055969, "energy_consumption": null, "selected": false, "client_name": "sta18"}
2026-06-19 17:03:55,536 - METRIC - INFO - {"loss": 0.3245115280151367, "accuracy": 0.9064777493476868, "energy_consumption": null, "selected": false, "client_name": "sta10"}
2026-06-19 17:03:55,546 - METRIC - INFO - {"loss": 0.3138953745365143, "accuracy": 0.9100615978240967, "energy_consumption": null, "selected": false, "client_name": "sta12"}
2026-06-19 17:03:55,548 - METRIC - INFO - {"loss": 0.41680508852005005, "accuracy": 0.8743545413017273, "energy_consumption": null, "selected": false, "client_name": "sta8"}
2026-06-19 17:03:55,625 - METRIC - INFO - {"loss": 0.3963938057422638, "accuracy": 0.8895833492279053, "energy_consumption": null, "selected": false, "client_name": "sta4"}
2026-06-19 17:03:55,625 - METRIC - INFO - {"loss": 0.2544277608394623, "accuracy": 0.9312809109687805, "energy_consumption": null, "selected": false, "client_name": "sta9"}
2026-06-19 17:03:55,651 - METRIC - INFO - {"loss": 0.26432734727859497, "accuracy": 0.9231418967247009, "energy_consumption": null, "selected": false, "client_name": "sta17"}
2026-06-19 17:03:55,667 - METRIC - INFO - {"loss": 0.32598307728767395, "accuracy": 0.9131975173950195, "energy_consumption": null, "selected": false, "client_name": "sta1"}
2026-06-19 17:03:55,711 - METRIC - INFO - {"loss": 0.2325914204120636, "accuracy": 0.9312567114830017, "energy_consumption": null, "selected": false, "client_name": "sta2"}
2026-06-19 17:03:55,711 - METRIC - INFO - {"loss": 0.3112349212169647, "accuracy": 0.9096340537071228, "energy_consumption": null, "selected": false, "client_name": "sta13"}
2026-06-19 17:03:55,718 - METRIC - INFO - {"loss": 0.3247711658477783, "accuracy": 0.9040604829788208, "energy_consumption": null, "selected": false, "client_name": "sta19"}
2026-06-19 17:03:55,735 - METRIC - INFO - {"loss": 0.2968829274177551, "accuracy": 0.9180527329444885, "energy_consumption": null, "selected": false, "client_name": "sta0"}
2026-06-19 17:03:55,743 - METRIC - INFO - {"loss": 0.2917492389678955, "accuracy": 0.9217726588249207, "energy_consumption": null, "selected": false, "client_name": "sta15"}
2026-06-19 17:03:55,808 - METRIC - INFO - {"loss": 0.2563624083995819, "accuracy": 0.9273908138275146, "energy_consumption": null, "selected": false, "client_name": "sta7"}
2026-06-19 17:03:55,882 - METRIC - INFO - {"loss": 0.25125187635421753, "accuracy": 0.9275494813919067, "energy_consumption": null, "selected": false, "client_name": "sta6"}
2026-06-19 17:03:55,894 - METRIC - INFO - {"loss": 0.27445337176322937, "accuracy": 0.9230546951293945, "energy_consumption": null, "selected": false, "client_name": "sta3"}
2026-06-19 17:03:56,127 - METRIC - INFO - {"loss": 0.24737973511219025, "accuracy": 0.9295436143875122, "energy_consumption": null, "selected": false, "client_name": "sta5"}
2026-06-19 17:03:57,011 - METRIC - INFO - mean_accuracy: 0.9113654494285583

2026-06-19 17:03:57,011 - METRIC - INFO - round: 2
2026-06-19 17:03:57,011 - METRIC - INFO - n_selected: 20
2026-06-19 17:03:57,011 - METRIC - INFO - {"selected_trainers": ["sta0", "sta1", "sta10", "sta11", "sta12", "sta13", "sta14", "sta15", "sta16", "sta17", "sta18", "sta19", "sta2", "sta3", "sta4", "sta5", "sta6", "sta7", "sta8", "sta9"]}
2026-06-19 17:04:06,219 - EXECUT - INFO - received weights from trainer sta16!
2026-06-19 17:04:07,687 - EXECUT - INFO - received weights from trainer sta18!
2026-06-19 17:04:07,880 - EXECUT - INFO - received weights from trainer sta8!
2026-06-19 17:04:08,097 - EXECUT - INFO - received weights from trainer sta4!
2026-06-19 17:04:12,749 - EXECUT - INFO - received weights from trainer sta1!
2026-06-19 17:04:13,058 - EXECUT - INFO - received weights from trainer sta14!
2026-06-19 17:04:13,555 - EXECUT - INFO - received weights from trainer sta12!
2026-06-19 17:04:13,577 - EXECUT - INFO - received weights from trainer sta10!
2026-06-19 17:04:13,974 - EXECUT - INFO - received weights from trainer sta19!
2026-06-19 17:04:14,749 - EXECUT - INFO - received weights from trainer sta15!
2026-06-19 17:04:17,754 - EXECUT - INFO - received weights from trainer sta0!
2026-06-19 17:04:17,774 - EXECUT - INFO - received weights from trainer sta11!
2026-06-19 17:04:17,878 - EXECUT - INFO - received weights from trainer sta13!
2026-06-19 17:04:19,105 - EXECUT - INFO - received weights from trainer sta7!
2026-06-19 17:04:19,842 - EXECUT - INFO - received weights from trainer sta17!
2026-06-19 17:04:22,080 - EXECUT - INFO - received weights from trainer sta2!
2026-06-19 17:04:38,595 - EXECUT - INFO - received weights from trainer sta3!
2026-06-19 17:04:38,640 - EXECUT - INFO - received weights from trainer sta5!
2026-06-19 17:04:38,665 - EXECUT - INFO - received weights from trainer sta6!
2026-06-19 17:04:39,294 - EXECUT - INFO - received weights from trainer sta9!
2026-06-19 17:04:41,205 - EXECUT - INFO - sent aggregated weights to trainers!
2026-06-19 17:04:42,171 - METRIC - INFO - {"loss": 2.2988333702087402, "accuracy": 0.12220309674739838, "energy_consumption": null, "selected": false, "client_name": "sta8"}
2026-06-19 17:04:42,250 - METRIC - INFO - {"loss": 2.2992587089538574, "accuracy": 0.11483253538608551, "energy_consumption": null, "selected": false, "client_name": "sta16"}
2026-06-19 17:04:42,428 - METRIC - INFO - {"loss": 2.292609691619873, "accuracy": 0.108829565346241, "energy_consumption": null, "selected": false, "client_name": "sta12"}
2026-06-19 17:04:42,470 - METRIC - INFO - {"loss": 2.300056219100952, "accuracy": 0.11359570920467377, "energy_consumption": null, "selected": false, "client_name": "sta18"}
2026-06-19 17:04:42,511 - METRIC - INFO - {"loss": 2.2881271839141846, "accuracy": 0.11497975885868073, "energy_consumption": null, "selected": false, "client_name": "sta10"}
2026-06-19 17:04:42,544 - METRIC - INFO - {"loss": 2.2878050804138184, "accuracy": 0.17691391706466675, "energy_consumption": null, "selected": false, "client_name": "sta11"}
2026-06-19 17:04:42,573 - METRIC - INFO - {"loss": 1.9781132936477661, "accuracy": 0.37612614035606384, "energy_consumption": null, "selected": false, "client_name": "sta17"}
2026-06-19 17:04:42,644 - METRIC - INFO - {"loss": 1.855440616607666, "accuracy": 0.3837273120880127, "energy_consumption": null, "selected": false, "client_name": "sta9"}
2026-06-19 17:04:42,660 - METRIC - INFO - {"loss": 2.284166097640991, "accuracy": 0.18297237157821655, "energy_consumption": null, "selected": false, "client_name": "sta13"}
2026-06-19 17:04:42,669 - METRIC - INFO - {"loss": 2.2901999950408936, "accuracy": 0.11027070134878159, "energy_consumption": null, "selected": false, "client_name": "sta19"}
2026-06-19 17:04:42,669 - METRIC - INFO - {"loss": 2.2913978099823, "accuracy": 0.11982942372560501, "energy_consumption": null, "selected": false, "client_name": "sta14"}
2026-06-19 17:04:42,670 - METRIC - INFO - {"loss": 2.2855279445648193, "accuracy": 0.14219653606414795, "energy_consumption": null, "selected": false, "client_name": "sta15"}
2026-06-19 17:04:42,729 - METRIC - INFO - {"loss": 2.294158458709717, "accuracy": 0.11248892545700073, "energy_consumption": null, "selected": false, "client_name": "sta1"}
2026-06-19 17:04:42,733 - METRIC - INFO - {"loss": 2.2989749908447266, "accuracy": 0.10833333432674408, "energy_consumption": null, "selected": false, "client_name": "sta4"}
2026-06-19 17:04:42,780 - METRIC - INFO - {"loss": 2.163224935531616, "accuracy": 0.37927982211112976, "energy_consumption": null, "selected": false, "client_name": "sta7"}
2026-06-19 17:04:42,793 - METRIC - INFO - {"loss": 2.28977632522583, "accuracy": 0.11277890205383301, "energy_consumption": null, "selected": false, "client_name": "sta0"}
2026-06-19 17:04:42,841 - METRIC - INFO - {"loss": 2.0791189670562744, "accuracy": 0.3297657072544098, "energy_consumption": null, "selected": false, "client_name": "sta3"}
2026-06-19 17:04:42,883 - METRIC - INFO - {"loss": 2.207681179046631, "accuracy": 0.35342466831207275, "energy_consumption": null, "selected": false, "client_name": "sta6"}
2026-06-19 17:04:43,089 - METRIC - INFO - {"loss": 1.7555538415908813, "accuracy": 0.4154135286808014, "energy_consumption": null, "selected": false, "client_name": "sta2"}
2026-06-19 17:04:43,169 - METRIC - INFO - {"loss": 1.7639012336730957, "accuracy": 0.4160661995410919, "energy_consumption": null, "selected": false, "client_name": "sta5"}
2026-06-19 17:04:43,208 - METRIC - INFO - mean_accuracy: 0.21470140777528285

2026-06-19 17:04:43,208 - METRIC - INFO - round: 3
2026-06-19 17:04:43,208 - METRIC - INFO - n_selected: 20
2026-06-19 17:04:43,208 - METRIC - INFO - {"selected_trainers": ["sta0", "sta1", "sta10", "sta11", "sta12", "sta13", "sta14", "sta15", "sta16", "sta17", "sta18", "sta19", "sta2", "sta3", "sta4", "sta5", "sta6", "sta7", "sta8", "sta9"]}
2026-06-19 17:04:53,802 - EXECUT - INFO - received weights from trainer sta16!
2026-06-19 17:04:53,874 - EXECUT - INFO - received weights from trainer sta18!
2026-06-19 17:04:54,099 - EXECUT - INFO - received weights from trainer sta8!
2026-06-19 17:04:59,368 - EXECUT - INFO - received weights from trainer sta14!
2026-06-19 17:04:59,443 - EXECUT - INFO - received weights from trainer sta1!
2026-06-19 17:04:59,913 - EXECUT - INFO - received weights from trainer sta10!
2026-06-19 17:05:00,282 - EXECUT - INFO - received weights from trainer sta11!
2026-06-19 17:05:03,909 - EXECUT - INFO - received weights from trainer sta0!
2026-06-19 17:05:04,004 - EXECUT - INFO - received weights from trainer sta12!
2026-06-19 17:05:04,048 - EXECUT - INFO - received weights from trainer sta13!
2026-06-19 17:05:04,109 - EXECUT - INFO - received weights from trainer sta15!
2026-06-19 17:05:04,250 - EXECUT - INFO - received weights from trainer sta4!
2026-06-19 17:05:04,271 - EXECUT - INFO - received weights from trainer sta19!
2026-06-19 17:05:05,458 - EXECUT - INFO - received weights from trainer sta7!
2026-06-19 17:05:06,290 - EXECUT - INFO - received weights from trainer sta17!
2026-06-19 17:05:25,032 - EXECUT - INFO - received weights from trainer sta2!
2026-06-19 17:05:25,052 - EXECUT - INFO - received weights from trainer sta3!
2026-06-19 17:05:25,072 - EXECUT - INFO - received weights from trainer sta5!
2026-06-19 17:05:25,091 - EXECUT - INFO - received weights from trainer sta6!
2026-06-19 17:05:25,118 - EXECUT - INFO - received weights from trainer sta9!
2026-06-19 17:05:26,665 - EXECUT - INFO - sent aggregated weights to trainers!
2026-06-19 17:05:27,805 - METRIC - INFO - {"loss": 0.40839701890945435, "accuracy": 0.8780880570411682, "energy_consumption": null, "selected": false, "client_name": "sta2"}
2026-06-19 17:05:27,835 - METRIC - INFO - {"loss": 1.0052454471588135, "accuracy": 0.6932021379470825, "energy_consumption": null, "selected": false, "client_name": "sta18"}
2026-06-19 17:05:27,850 - METRIC - INFO - {"loss": 0.5712206363677979, "accuracy": 0.8388059735298157, "energy_consumption": null, "selected": false, "client_name": "sta14"}
2026-06-19 17:05:27,936 - METRIC - INFO - {"loss": 0.9518070220947266, "accuracy": 0.7280701994895935, "energy_consumption": null, "selected": false, "client_name": "sta16"}
2026-06-19 17:05:27,969 - METRIC - INFO - {"loss": 0.9645164012908936, "accuracy": 0.7056798338890076, "energy_consumption": null, "selected": false, "client_name": "sta8"}
2026-06-19 17:05:27,989 - METRIC - INFO - {"loss": 0.553404688835144, "accuracy": 0.842190682888031, "energy_consumption": null, "selected": false, "client_name": "sta0"}
2026-06-19 17:05:28,010 - METRIC - INFO - {"loss": 0.4482780694961548, "accuracy": 0.8752815127372742, "energy_consumption": null, "selected": false, "client_name": "sta17"}
2026-06-19 17:05:28,015 - METRIC - INFO - {"loss": 0.571342408657074, "accuracy": 0.8341927528381348, "energy_consumption": null, "selected": false, "client_name": "sta11"}
2026-06-19 17:05:28,017 - METRIC - INFO - {"loss": 0.584276556968689, "accuracy": 0.8340080976486206, "energy_consumption": null, "selected": false, "client_name": "sta10"}
2026-06-19 17:05:28,037 - METRIC - INFO - {"loss": 0.5383386611938477, "accuracy": 0.8454720377922058, "energy_consumption": null, "selected": false, "client_name": "sta15"}
2026-06-19 17:05:28,042 - METRIC - INFO - {"loss": 0.57596355676651, "accuracy": 0.838603675365448, "energy_consumption": null, "selected": false, "client_name": "sta12"}
2026-06-19 17:05:28,046 - METRIC - INFO - {"loss": 0.5315214395523071, "accuracy": 0.8439133763313293, "energy_consumption": null, "selected": false, "client_name": "sta13"}
2026-06-19 17:05:28,046 - METRIC - INFO - {"loss": 0.4415642023086548, "accuracy": 0.8760308027267456, "energy_consumption": null, "selected": false, "client_name": "sta9"}
2026-06-19 17:05:28,178 - METRIC - INFO - {"loss": 0.45682743191719055, "accuracy": 0.8669366240501404, "energy_consumption": null, "selected": false, "client_name": "sta3"}
2026-06-19 17:05:28,183 - METRIC - INFO - {"loss": 0.5772351026535034, "accuracy": 0.8339968323707581, "energy_consumption": null, "selected": false, "client_name": "sta19"}
2026-06-19 17:05:28,195 - METRIC - INFO - {"loss": 0.6209056973457336, "accuracy": 0.8148804306983948, "energy_consumption": null, "selected": false, "client_name": "sta1"}
2026-06-19 17:05:28,203 - METRIC - INFO - {"loss": 0.4376988112926483, "accuracy": 0.8739669322967529, "energy_consumption": null, "selected": false, "client_name": "sta7"}
2026-06-19 17:05:28,209 - METRIC - INFO - {"loss": 0.8172535300254822, "accuracy": 0.7555555701255798, "energy_consumption": null, "selected": false, "client_name": "sta4"}
2026-06-19 17:05:28,263 - METRIC - INFO - {"loss": 0.4546316862106323, "accuracy": 0.8684931397438049, "energy_consumption": null, "selected": false, "client_name": "sta6"}
2026-06-19 17:05:28,500 - METRIC - INFO - {"loss": 0.4322231411933899, "accuracy": 0.873498797416687, "energy_consumption": null, "selected": false, "client_name": "sta5"}
2026-06-19 17:05:28,667 - METRIC - INFO - mean_accuracy: 0.8260433733463287

2026-06-19 17:05:28,667 - METRIC - INFO - round: 4
2026-06-19 17:05:28,667 - METRIC - INFO - n_selected: 20
2026-06-19 17:05:28,667 - METRIC - INFO - {"selected_trainers": ["sta0", "sta1", "sta10", "sta11", "sta12", "sta13", "sta14", "sta15", "sta16", "sta17", "sta18", "sta19", "sta2", "sta3", "sta4", "sta5", "sta6", "sta7", "sta8", "sta9"]}
2026-06-19 17:05:39,266 - EXECUT - INFO - received weights from trainer sta16!
2026-06-19 17:05:39,314 - EXECUT - INFO - received weights from trainer sta18!
2026-06-19 17:05:39,539 - EXECUT - INFO - received weights from trainer sta8!
2026-06-19 17:05:44,447 - EXECUT - INFO - received weights from trainer sta1!
2026-06-19 17:05:44,623 - EXECUT - INFO - received weights from trainer sta14!
2026-06-19 17:05:45,532 - EXECUT - INFO - received weights from trainer sta11!
2026-06-19 17:05:45,566 - EXECUT - INFO - received weights from trainer sta19!
2026-06-19 17:05:46,274 - EXECUT - INFO - received weights from trainer sta15!
2026-06-19 17:05:49,378 - EXECUT - INFO - received weights from trainer sta0!
2026-06-19 17:05:49,401 - EXECUT - INFO - received weights from trainer sta10!
2026-06-19 17:05:49,468 - EXECUT - INFO - received weights from trainer sta12!
2026-06-19 17:05:49,516 - EXECUT - INFO - received weights from trainer sta13!
2026-06-19 17:05:49,685 - EXECUT - INFO - received weights from trainer sta4!
2026-06-19 17:05:52,036 - EXECUT - INFO - received weights from trainer sta9!
2026-06-19 17:05:54,065 - EXECUT - INFO - received weights from trainer sta5!
2026-06-19 17:06:10,190 - EXECUT - INFO - received weights from trainer sta17!
2026-06-19 17:06:10,201 - EXECUT - INFO - received weights from trainer sta2!
2026-06-19 17:06:10,254 - EXECUT - INFO - received weights from trainer sta3!
2026-06-19 17:06:10,305 - EXECUT - INFO - received weights from trainer sta6!
2026-06-19 17:06:10,334 - EXECUT - INFO - received weights from trainer sta7!
2026-06-19 17:06:12,163 - EXECUT - INFO - sent aggregated weights to trainers!
2026-06-19 17:06:13,218 - METRIC - INFO - {"loss": 0.4391263723373413, "accuracy": 0.8613595962524414, "energy_consumption": null, "selected": false, "client_name": "sta18"}
2026-06-19 17:06:13,238 - METRIC - INFO - {"loss": 0.467692494392395, "accuracy": 0.8564593195915222, "energy_consumption": null, "selected": false, "client_name": "sta16"}
2026-06-19 17:06:13,300 - METRIC - INFO - {"loss": 0.2699168026447296, "accuracy": 0.9197099804878235, "energy_consumption": null, "selected": false, "client_name": "sta2"}
2026-06-19 17:06:13,337 - METRIC - INFO - {"loss": 0.32797926664352417, "accuracy": 0.9012296795845032, "energy_consumption": null, "selected": false, "client_name": "sta11"}
2026-06-19 17:06:13,381 - METRIC - INFO - {"loss": 0.32812559604644775, "accuracy": 0.9040328860282898, "energy_consumption": null, "selected": false, "client_name": "sta13"}
2026-06-19 17:06:13,381 - METRIC - INFO - {"loss": 0.31984779238700867, "accuracy": 0.9084188938140869, "energy_consumption": null, "selected": false, "client_name": "sta12"}
2026-06-19 17:06:13,387 - METRIC - INFO - {"loss": 0.35379570722579956, "accuracy": 0.8959513902664185, "energy_consumption": null, "selected": false, "client_name": "sta10"}
2026-06-19 17:06:13,399 - METRIC - INFO - {"loss": 0.39090171456336975, "accuracy": 0.8829604387283325, "energy_consumption": null, "selected": false, "client_name": "sta8"}
2026-06-19 17:06:13,427 - METRIC - INFO - {"loss": 0.31542691588401794, "accuracy": 0.9061833620071411, "energy_consumption": null, "selected": false, "client_name": "sta14"}
2026-06-19 17:06:13,453 - METRIC - INFO - {"loss": 0.304520845413208, "accuracy": 0.9117533564567566, "energy_consumption": null, "selected": false, "client_name": "sta15"}
2026-06-19 17:06:13,467 - METRIC - INFO - {"loss": 0.2956239581108093, "accuracy": 0.912162184715271, "energy_consumption": null, "selected": false, "client_name": "sta17"}
2026-06-19 17:06:13,573 - METRIC - INFO - {"loss": 0.28971701860427856, "accuracy": 0.9142385721206665, "energy_consumption": null, "selected": false, "client_name": "sta9"}
2026-06-19 17:06:13,575 - METRIC - INFO - {"loss": 0.33750590682029724, "accuracy": 0.8976910710334778, "energy_consumption": null, "selected": false, "client_name": "sta19"}
2026-06-19 17:06:13,576 - METRIC - INFO - {"loss": 0.3786250650882721, "accuracy": 0.8909721970558167, "energy_consumption": null, "selected": false, "client_name": "sta4"}
2026-06-19 17:06:13,688 - METRIC - INFO - {"loss": 0.2789818048477173, "accuracy": 0.9194214940071106, "energy_consumption": null, "selected": false, "client_name": "sta7"}
2026-06-19 17:06:13,711 - METRIC - INFO - {"loss": 0.28226438164711, "accuracy": 0.9167333841323853, "energy_consumption": null, "selected": false, "client_name": "sta5"}
2026-06-19 17:06:13,734 - METRIC - INFO - {"loss": 0.34684818983078003, "accuracy": 0.9012400507926941, "energy_consumption": null, "selected": false, "client_name": "sta1"}
2026-06-19 17:06:13,767 - METRIC - INFO - {"loss": 0.2956811487674713, "accuracy": 0.9101978540420532, "energy_consumption": null, "selected": false, "client_name": "sta6"}
2026-06-19 17:06:13,773 - METRIC - INFO - {"loss": 0.30865809321403503, "accuracy": 0.9135902523994446, "energy_consumption": null, "selected": false, "client_name": "sta0"}
2026-06-19 17:06:14,094 - METRIC - INFO - {"loss": 0.2984960377216339, "accuracy": 0.9111946821212769, "energy_consumption": null, "selected": false, "client_name": "sta3"}
2026-06-19 17:06:14,165 - METRIC - INFO - mean_accuracy: 0.9017750322818756

2026-06-19 17:06:14,165 - METRIC - INFO - round: 5
2026-06-19 17:06:14,165 - METRIC - INFO - n_selected: 20
2026-06-19 17:06:14,165 - METRIC - INFO - {"selected_trainers": ["sta0", "sta1", "sta10", "sta11", "sta12", "sta13", "sta14", "sta15", "sta16", "sta17", "sta18", "sta19", "sta2", "sta3", "sta4", "sta5", "sta6", "sta7", "sta8", "sta9"]}
2026-06-19 17:06:22,531 - EXECUT - INFO - received weights from trainer sta18!
2026-06-19 17:06:24,758 - EXECUT - INFO - received weights from trainer sta16!
2026-06-19 17:06:25,072 - EXECUT - INFO - received weights from trainer sta8!
2026-06-19 17:06:25,253 - EXECUT - INFO - received weights from trainer sta4!
2026-06-19 17:06:30,205 - EXECUT - INFO - received weights from trainer sta14!
2026-06-19 17:06:30,709 - EXECUT - INFO - received weights from trainer sta12!
2026-06-19 17:06:30,811 - EXECUT - INFO - received weights from trainer sta10!
2026-06-19 17:06:31,833 - EXECUT - INFO - received weights from trainer sta15!
2026-06-19 17:06:34,875 - EXECUT - INFO - received weights from trainer sta0!
2026-06-19 17:06:34,914 - EXECUT - INFO - received weights from trainer sta11!
2026-06-19 17:06:34,935 - EXECUT - INFO - received weights from trainer sta1!
2026-06-19 17:06:35,014 - EXECUT - INFO - received weights from trainer sta13!
2026-06-19 17:06:35,186 - EXECUT - INFO - received weights from trainer sta19!
2026-06-19 17:06:37,020 - EXECUT - INFO - received weights from trainer sta17!
2026-06-19 17:06:37,699 - EXECUT - INFO - received weights from trainer sta9!
2026-06-19 17:06:38,111 - EXECUT - INFO - received weights from trainer sta6!
2026-06-19 17:06:55,698 - EXECUT - INFO - received weights from trainer sta2!
2026-06-19 17:06:55,723 - EXECUT - INFO - received weights from trainer sta3!
2026-06-19 17:06:55,774 - EXECUT - INFO - received weights from trainer sta5!
2026-06-19 17:06:55,909 - EXECUT - INFO - received weights from trainer sta7!
2026-06-19 17:06:57,689 - EXECUT - INFO - sent aggregated weights to trainers!
2026-06-19 17:06:58,604 - METRIC - INFO - {"loss": 0.25578850507736206, "accuracy": 0.914802074432373, "energy_consumption": null, "selected": false, "client_name": "sta8"}
2026-06-19 17:06:58,702 - METRIC - INFO - {"loss": 0.3250453770160675, "accuracy": 0.90031898021698, "energy_consumption": null, "selected": false, "client_name": "sta16"}
2026-06-19 17:06:58,752 - METRIC - INFO - {"loss": 0.2383197695016861, "accuracy": 0.9309185743331909, "energy_consumption": null, "selected": false, "client_name": "sta13"}
2026-06-19 17:06:58,754 - METRIC - INFO - {"loss": 0.28407323360443115, "accuracy": 0.9239713549613953, "energy_consumption": null, "selected": false, "client_name": "sta18"}
2026-06-19 17:06:58,798 - METRIC - INFO - {"loss": 0.24403120577335358, "accuracy": 0.9264836311340332, "energy_consumption": null, "selected": false, "client_name": "sta1"}
2026-06-19 17:06:58,861 - METRIC - INFO - {"loss": 0.22782716155052185, "accuracy": 0.9314168095588684, "energy_consumption": null, "selected": false, "client_name": "sta12"}
2026-06-19 17:06:58,868 - METRIC - INFO - {"loss": 0.2620673179626465, "accuracy": 0.9206477999687195, "energy_consumption": null, "selected": false, "client_name": "sta10"}
2026-06-19 17:06:58,879 - METRIC - INFO - {"loss": 0.21361084282398224, "accuracy": 0.9360717535018921, "energy_consumption": null, "selected": false, "client_name": "sta3"}
2026-06-19 17:06:58,887 - METRIC - INFO - {"loss": 0.21466106176376343, "accuracy": 0.9375, "energy_consumption": null, "selected": false, "client_name": "sta17"}
2026-06-19 17:06:58,956 - METRIC - INFO - {"loss": 0.20591700077056885, "accuracy": 0.9365035891532898, "energy_consumption": null, "selected": false, "client_name": "sta9"}
2026-06-19 17:06:59,012 - METRIC - INFO - {"loss": 0.23335212469100952, "accuracy": 0.9325664639472961, "energy_consumption": null, "selected": false, "client_name": "sta11"}
2026-06-19 17:06:59,025 - METRIC - INFO - {"loss": 0.24004684388637543, "accuracy": 0.9279458522796631, "energy_consumption": null, "selected": false, "client_name": "sta19"}
2026-06-19 17:06:59,034 - METRIC - INFO - {"loss": 0.2575744390487671, "accuracy": 0.9222221970558167, "energy_consumption": null, "selected": false, "client_name": "sta4"}
2026-06-19 17:06:59,039 - METRIC - INFO - {"loss": 0.22250594198703766, "accuracy": 0.9351812601089478, "energy_consumption": null, "selected": false, "client_name": "sta14"}
2026-06-19 17:06:59,046 - METRIC - INFO - {"loss": 0.2164522111415863, "accuracy": 0.9379575848579407, "energy_consumption": null, "selected": false, "client_name": "sta15"}
2026-06-19 17:06:59,115 - METRIC - INFO - {"loss": 0.19228211045265198, "accuracy": 0.9441460967063904, "energy_consumption": null, "selected": false, "client_name": "sta2"}
2026-06-19 17:06:59,135 - METRIC - INFO - {"loss": 0.20762737095355988, "accuracy": 0.9383116960525513, "energy_consumption": null, "selected": false, "client_name": "sta7"}
2026-06-19 17:06:59,151 - METRIC - INFO - {"loss": 0.21613985300064087, "accuracy": 0.9375253319740295, "energy_consumption": null, "selected": false, "client_name": "sta0"}
2026-06-19 17:06:59,213 - METRIC - INFO - {"loss": 0.20368421077728271, "accuracy": 0.9391513466835022, "energy_consumption": null, "selected": false, "client_name": "sta5"}
2026-06-19 17:06:59,222 - METRIC - INFO - {"loss": 0.20006494224071503, "accuracy": 0.9382039308547974, "energy_consumption": null, "selected": false, "client_name": "sta6"}
2026-06-19 17:06:59,694 - METRIC - INFO - mean_accuracy: 0.9305923163890839

2026-06-19 17:06:59,699 - METRIC - INFO - stop_condition: rounds
