2026-06-19 17:12:06,751 - EXECUT - INFO - starting server...
2026-06-19 17:12:11,801 - EXECUT - INFO - trainer number sta0 just joined the pool
2026-06-19 17:12:11,931 - EXECUT - INFO - trainer number sta4 just joined the pool
2026-06-19 17:12:12,015 - EXECUT - INFO - trainer number sta1 just joined the pool
2026-06-19 17:12:12,137 - EXECUT - INFO - trainer number sta2 just joined the pool
2026-06-19 17:12:12,179 - EXECUT - INFO - trainer number sta3 just joined the pool
2026-06-19 17:12:12,339 - EXECUT - INFO - trainer number sta5 just joined the pool
2026-06-19 17:12:12,381 - EXECUT - INFO - trainer number sta6 just joined the pool
2026-06-19 17:12:12,382 - EXECUT - INFO - trainer number sta7 just joined the pool
2026-06-19 17:12:13,183 - EXECUT - INFO - trainer number sta8 just joined the pool
2026-06-19 17:12:13,311 - EXECUT - INFO - trainer number sta12 just joined the pool
2026-06-19 17:12:13,352 - EXECUT - INFO - trainer number sta11 just joined the pool
2026-06-19 17:12:13,395 - EXECUT - INFO - trainer number sta10 just joined the pool
2026-06-19 17:12:13,395 - EXECUT - INFO - trainer number sta13 just joined the pool
2026-06-19 17:12:13,395 - EXECUT - INFO - trainer number sta9 just joined the pool
2026-06-19 17:12:13,477 - EXECUT - INFO - trainer number sta18 just joined the pool
2026-06-19 17:12:13,477 - EXECUT - INFO - trainer number sta16 just joined the pool
2026-06-19 17:12:13,578 - EXECUT - INFO - trainer number sta15 just joined the pool
2026-06-19 17:12:13,619 - EXECUT - INFO - trainer number sta14 just joined the pool
2026-06-19 17:12:13,660 - EXECUT - INFO - trainer number sta19 just joined the pool
2026-06-19 17:12:13,660 - EXECUT - INFO - trainer number sta17 just joined the pool
2026-06-19 17:12:13,762 - EXECUT - INFO - mensagem de data_sz recebida: 
 {'id': 'sta0', 'dataset_sz': 747088320}
2026-06-19 17:12:13,763 - EXECUT - INFO - mensagem de data_sz recebida: 
 {'id': 'sta10', 'dataset_sz': 748350720}
2026-06-19 17:12:13,803 - EXECUT - INFO - mensagem de data_sz recebida: 
 {'id': 'sta11', 'dataset_sz': 763953984}
2026-06-19 17:12:13,803 - EXECUT - INFO - mensagem de data_sz recebida: 
 {'id': 'sta12', 'dataset_sz': 737999040}
2026-06-19 17:12:13,803 - EXECUT - INFO - mensagem de data_sz recebida: 
 {'id': 'sta13', 'dataset_sz': 811571712}
2026-06-19 17:12:13,803 - EXECUT - INFO - mensagem de data_sz recebida: 
 {'id': 'sta14', 'dataset_sz': 710731200}
2026-06-19 17:12:13,803 - EXECUT - INFO - mensagem de data_sz recebida: 
 {'id': 'sta15', 'dataset_sz': 786475200}
2026-06-19 17:12:13,803 - EXECUT - INFO - mensagem de data_sz recebida: 
 {'id': 'sta16', 'dataset_sz': 380032896}
2026-06-19 17:12:13,803 - EXECUT - INFO - mensagem de data_sz recebida: 
 {'id': 'sta18', 'dataset_sz': 338929152}
2026-06-19 17:12:13,803 - EXECUT - INFO - mensagem de data_sz recebida: 
 {'id': 'sta8', 'dataset_sz': 352361088}
2026-06-19 17:12:13,803 - EXECUT - INFO - mensagem de data_sz recebida: 
 {'id': 'sta2', 'dataset_sz': 1128383616}
2026-06-19 17:12:13,803 - EXECUT - INFO - mensagem de data_sz recebida: 
 {'id': 'sta4', 'dataset_sz': 436285440}
2026-06-19 17:12:13,803 - EXECUT - INFO - mensagem de data_sz recebida: 
 {'id': 'sta9', 'dataset_sz': 1102428672}
2026-06-19 17:12:13,804 - EXECUT - INFO - mensagem de data_sz recebida: 
 {'id': 'sta3', 'dataset_sz': 1047438528}
2026-06-19 17:12:13,804 - EXECUT - INFO - mensagem de data_sz recebida: 
 {'id': 'sta19', 'dataset_sz': 761378688}
2026-06-19 17:12:13,804 - EXECUT - INFO - mensagem de data_sz recebida: 
 {'id': 'sta5', 'dataset_sz': 1135301568}
2026-06-19 17:12:13,804 - EXECUT - INFO - mensagem de data_sz recebida: 
 {'id': 'sta1', 'dataset_sz': 684321792}
2026-06-19 17:12:13,804 - EXECUT - INFO - mensagem de data_sz recebida: 
 {'id': 'sta6', 'dataset_sz': 995528640}
2026-06-19 17:12:13,804 - EXECUT - INFO - mensagem de data_sz recebida: 
 {'id': 'sta7', 'dataset_sz': 1026684672}
2026-06-19 17:12:13,804 - EXECUT - INFO - mensagem de data_sz recebida: 
 {'id': 'sta17', 'dataset_sz': 1076473728}
2026-06-19 17:12:14,763 - METRIC - INFO - round: 1
2026-06-19 17:12:14,763 - METRIC - INFO - n_selected: 20
2026-06-19 17:12:14,763 - METRIC - INFO - {"selected_trainers": ["sta0", "sta1", "sta10", "sta11", "sta12", "sta13", "sta14", "sta15", "sta16", "sta17", "sta18", "sta19", "sta2", "sta3", "sta4", "sta5", "sta6", "sta7", "sta8", "sta9"]}
2026-06-19 17:12:23,527 - EXECUT - INFO - received weights from trainer sta18!
2026-06-19 17:12:24,475 - EXECUT - INFO - received weights from trainer sta16!
2026-06-19 17:12:26,128 - EXECUT - INFO - received weights from trainer sta8!
2026-06-19 17:12:31,263 - EXECUT - INFO - received weights from trainer sta14!
2026-06-19 17:12:32,150 - EXECUT - INFO - received weights from trainer sta11!
2026-06-19 17:12:36,175 - EXECUT - INFO - received weights from trainer sta10!
2026-06-19 17:12:36,226 - EXECUT - INFO - received weights from trainer sta12!
2026-06-19 17:12:36,247 - EXECUT - INFO - received weights from trainer sta13!
2026-06-19 17:12:36,287 - EXECUT - INFO - received weights from trainer sta15!
2026-06-19 17:12:36,311 - EXECUT - INFO - received weights from trainer sta0!
2026-06-19 17:12:36,332 - EXECUT - INFO - received weights from trainer sta1!
2026-06-19 17:12:36,354 - EXECUT - INFO - received weights from trainer sta19!
2026-06-19 17:12:36,501 - EXECUT - INFO - received weights from trainer sta4!
2026-06-19 17:12:38,544 - EXECUT - INFO - received weights from trainer sta9!
2026-06-19 17:12:40,231 - EXECUT - INFO - received weights from trainer sta3!
2026-06-19 17:12:56,809 - EXECUT - INFO - received weights from trainer sta17!
2026-06-19 17:12:57,026 - EXECUT - INFO - received weights from trainer sta2!
2026-06-19 17:12:57,062 - EXECUT - INFO - received weights from trainer sta7!
2026-06-19 17:12:57,096 - EXECUT - INFO - received weights from trainer sta5!
2026-06-19 17:12:57,133 - EXECUT - INFO - received weights from trainer sta6!
2026-06-19 17:12:58,359 - EXECUT - INFO - sent aggregated weights to trainers!
2026-06-19 17:12:59,840 - METRIC - INFO - {"loss": 0.3853834271430969, "accuracy": 0.9059011340141296, "energy_consumption": null, "selected": false, "client_name": "sta16"}
2026-06-19 17:12:59,871 - METRIC - INFO - {"loss": 0.42117154598236084, "accuracy": 0.895348846912384, "energy_consumption": null, "selected": false, "client_name": "sta18"}
2026-06-19 17:12:59,883 - METRIC - INFO - {"loss": 0.43031325936317444, "accuracy": 0.8846815824508667, "energy_consumption": null, "selected": false, "client_name": "sta8"}
2026-06-19 17:12:59,991 - METRIC - INFO - {"loss": 0.3173423409461975, "accuracy": 0.9091630578041077, "energy_consumption": null, "selected": false, "client_name": "sta11"}
2026-06-19 17:13:00,005 - METRIC - INFO - {"loss": 0.27090421319007874, "accuracy": 0.9202858805656433, "energy_consumption": null, "selected": false, "client_name": "sta9"}
2026-06-19 17:13:00,023 - METRIC - INFO - {"loss": 0.3137804865837097, "accuracy": 0.9214574694633484, "energy_consumption": null, "selected": false, "client_name": "sta10"}
2026-06-19 17:13:00,062 - METRIC - INFO - {"loss": 0.291164368391037, "accuracy": 0.914989709854126, "energy_consumption": null, "selected": false, "client_name": "sta12"}
2026-06-19 17:13:00,102 - METRIC - INFO - {"loss": 0.25141483545303345, "accuracy": 0.9282094836235046, "energy_consumption": null, "selected": false, "client_name": "sta17"}
2026-06-19 17:13:00,104 - METRIC - INFO - {"loss": 0.34120506048202515, "accuracy": 0.904477596282959, "energy_consumption": null, "selected": false, "client_name": "sta14"}
2026-06-19 17:13:00,109 - METRIC - INFO - {"loss": 0.29896900057792664, "accuracy": 0.920089602470398, "energy_consumption": null, "selected": false, "client_name": "sta13"}
2026-06-19 17:13:00,111 - METRIC - INFO - {"loss": 0.2875858545303345, "accuracy": 0.9207802414894104, "energy_consumption": null, "selected": false, "client_name": "sta19"}
2026-06-19 17:13:00,111 - METRIC - INFO - {"loss": 0.3027248978614807, "accuracy": 0.9163776636123657, "energy_consumption": null, "selected": false, "client_name": "sta15"}
2026-06-19 17:13:00,130 - METRIC - INFO - {"loss": 0.2769436240196228, "accuracy": 0.9206021428108215, "energy_consumption": null, "selected": false, "client_name": "sta7"}
2026-06-19 17:13:00,134 - METRIC - INFO - {"loss": 0.3889046907424927, "accuracy": 0.8909721970558167, "energy_consumption": null, "selected": false, "client_name": "sta4"}
2026-06-19 17:13:00,137 - METRIC - INFO - {"loss": 0.2798822522163391, "accuracy": 0.918635904788971, "energy_consumption": null, "selected": false, "client_name": "sta2"}
2026-06-19 17:13:00,170 - METRIC - INFO - {"loss": 0.3013802766799927, "accuracy": 0.9162861704826355, "energy_consumption": null, "selected": false, "client_name": "sta6"}
2026-06-19 17:13:00,170 - METRIC - INFO - {"loss": 0.33325785398483276, "accuracy": 0.9092116951942444, "energy_consumption": null, "selected": false, "client_name": "sta1"}
2026-06-19 17:13:00,183 - METRIC - INFO - {"loss": 0.30372676253318787, "accuracy": 0.914401650428772, "energy_consumption": null, "selected": false, "client_name": "sta0"}
2026-06-19 17:13:00,203 - METRIC - INFO - {"loss": 0.24406437575817108, "accuracy": 0.9324793219566345, "energy_consumption": null, "selected": false, "client_name": "sta5"}
2026-06-19 17:13:00,617 - METRIC - INFO - {"loss": 0.2764318883419037, "accuracy": 0.9201619625091553, "energy_consumption": null, "selected": false, "client_name": "sta3"}
2026-06-19 17:13:01,362 - METRIC - INFO - mean_accuracy: 0.9132256656885147

2026-06-19 17:13:01,363 - METRIC - INFO - round: 2
2026-06-19 17:13:01,363 - METRIC - INFO - n_selected: 20
2026-06-19 17:13:01,363 - METRIC - INFO - {"selected_trainers": ["sta0", "sta1", "sta10", "sta11", "sta12", "sta13", "sta14", "sta15", "sta16", "sta17", "sta18", "sta19", "sta2", "sta3", "sta4", "sta5", "sta6", "sta7", "sta8", "sta9"]}
2026-06-19 17:13:11,973 - EXECUT - INFO - received weights from trainer sta16!
2026-06-19 17:13:12,027 - EXECUT - INFO - received weights from trainer sta18!
2026-06-19 17:13:12,260 - EXECUT - INFO - received weights from trainer sta8!
2026-06-19 17:13:12,390 - EXECUT - INFO - received weights from trainer sta4!
2026-06-19 17:13:17,439 - EXECUT - INFO - received weights from trainer sta14!
2026-06-19 17:13:17,857 - EXECUT - INFO - received weights from trainer sta12!
2026-06-19 17:13:17,912 - EXECUT - INFO - received weights from trainer sta10!
2026-06-19 17:13:18,873 - EXECUT - INFO - received weights from trainer sta15!
2026-06-19 17:13:19,305 - EXECUT - INFO - received weights from trainer sta13!
2026-06-19 17:13:19,405 - EXECUT - INFO - received weights from trainer sta0!
2026-06-19 17:13:22,065 - EXECUT - INFO - received weights from trainer sta1!
2026-06-19 17:13:22,108 - EXECUT - INFO - received weights from trainer sta11!
2026-06-19 17:13:22,411 - EXECUT - INFO - received weights from trainer sta19!
2026-06-19 17:13:23,467 - EXECUT - INFO - received weights from trainer sta7!
2026-06-19 17:13:24,773 - EXECUT - INFO - received weights from trainer sta9!
2026-06-19 17:13:26,609 - EXECUT - INFO - received weights from trainer sta5!
2026-06-19 17:13:42,915 - EXECUT - INFO - received weights from trainer sta17!
2026-06-19 17:13:42,945 - EXECUT - INFO - received weights from trainer sta2!
2026-06-19 17:13:42,974 - EXECUT - INFO - received weights from trainer sta3!
2026-06-19 17:13:43,023 - EXECUT - INFO - received weights from trainer sta6!
2026-06-19 17:13:45,111 - EXECUT - INFO - sent aggregated weights to trainers!
2026-06-19 17:13:46,140 - METRIC - INFO - {"loss": 2.2923054695129395, "accuracy": 0.21875, "energy_consumption": null, "selected": false, "client_name": "sta4"}
2026-06-19 17:13:46,220 - METRIC - INFO - {"loss": 0.9141560196876526, "accuracy": 0.7416162490844727, "energy_consumption": null, "selected": false, "client_name": "sta9"}
2026-06-19 17:13:46,232 - METRIC - INFO - {"loss": 2.297117233276367, "accuracy": 0.09481216222047806, "energy_consumption": null, "selected": false, "client_name": "sta18"}
2026-06-19 17:13:46,255 - METRIC - INFO - {"loss": 2.2959578037261963, "accuracy": 0.10845295339822769, "energy_consumption": null, "selected": false, "client_name": "sta16"}
2026-06-19 17:13:46,316 - METRIC - INFO - {"loss": 2.296581745147705, "accuracy": 0.11273665726184845, "energy_consumption": null, "selected": false, "client_name": "sta8"}
2026-06-19 17:13:46,411 - METRIC - INFO - {"loss": 2.0987720489501953, "accuracy": 0.4057803452014923, "energy_consumption": null, "selected": false, "client_name": "sta15"}
2026-06-19 17:13:46,417 - METRIC - INFO - {"loss": 2.1449711322784424, "accuracy": 0.3542993664741516, "energy_consumption": null, "selected": false, "client_name": "sta19"}
2026-06-19 17:13:46,447 - METRIC - INFO - {"loss": 1.1584166288375854, "accuracy": 0.6757990717887878, "energy_consumption": null, "selected": false, "client_name": "sta6"}
2026-06-19 17:13:46,513 - METRIC - INFO - {"loss": 2.1678740978240967, "accuracy": 0.4367314577102661, "energy_consumption": null, "selected": false, "client_name": "sta11"}
2026-06-19 17:13:46,522 - METRIC - INFO - {"loss": 0.9354870915412903, "accuracy": 0.7376126050949097, "energy_consumption": null, "selected": false, "client_name": "sta17"}
2026-06-19 17:13:46,535 - METRIC - INFO - {"loss": 2.1826486587524414, "accuracy": 0.31376516819000244, "energy_consumption": null, "selected": false, "client_name": "sta10"}
2026-06-19 17:13:46,537 - METRIC - INFO - {"loss": 2.1974105834960938, "accuracy": 0.3264887034893036, "energy_consumption": null, "selected": false, "client_name": "sta12"}
2026-06-19 17:13:46,548 - METRIC - INFO - {"loss": 2.0140416622161865, "accuracy": 0.4152352511882782, "energy_consumption": null, "selected": false, "client_name": "sta13"}
2026-06-19 17:13:46,556 - METRIC - INFO - {"loss": 2.227926254272461, "accuracy": 0.2869935929775238, "energy_consumption": null, "selected": false, "client_name": "sta14"}
2026-06-19 17:13:46,626 - METRIC - INFO - {"loss": 2.2492618560791016, "accuracy": 0.38086801767349243, "energy_consumption": null, "selected": false, "client_name": "sta1"}
2026-06-19 17:13:46,630 - METRIC - INFO - {"loss": 0.8709028363227844, "accuracy": 0.7526853084564209, "energy_consumption": null, "selected": false, "client_name": "sta2"}
2026-06-19 17:13:46,707 - METRIC - INFO - {"loss": 1.0896387100219727, "accuracy": 0.6871310472488403, "energy_consumption": null, "selected": false, "client_name": "sta7"}
2026-06-19 17:13:46,710 - METRIC - INFO - {"loss": 2.1929144859313965, "accuracy": 0.4405679404735565, "energy_consumption": null, "selected": false, "client_name": "sta0"}
2026-06-19 17:13:46,712 - METRIC - INFO - {"loss": 1.0102183818817139, "accuracy": 0.7173849940299988, "energy_consumption": null, "selected": false, "client_name": "sta3"}
2026-06-19 17:13:46,721 - METRIC - INFO - {"loss": 0.8473915457725525, "accuracy": 0.7643448114395142, "energy_consumption": null, "selected": false, "client_name": "sta5"}
2026-06-19 17:13:47,116 - METRIC - INFO - mean_accuracy: 0.4486027851700783

2026-06-19 17:13:47,116 - METRIC - INFO - round: 3
2026-06-19 17:13:47,116 - METRIC - INFO - n_selected: 20
2026-06-19 17:13:47,116 - METRIC - INFO - {"selected_trainers": ["sta0", "sta1", "sta10", "sta11", "sta12", "sta13", "sta14", "sta15", "sta16", "sta17", "sta18", "sta19", "sta2", "sta3", "sta4", "sta5", "sta6", "sta7", "sta8", "sta9"]}
2026-06-19 17:13:57,723 - EXECUT - INFO - received weights from trainer sta16!
2026-06-19 17:13:57,770 - EXECUT - INFO - received weights from trainer sta18!
2026-06-19 17:13:58,012 - EXECUT - INFO - received weights from trainer sta8!
2026-06-19 17:14:03,712 - EXECUT - INFO - received weights from trainer sta10!
2026-06-19 17:14:04,072 - EXECUT - INFO - received weights from trainer sta19!
2026-06-19 17:14:04,650 - EXECUT - INFO - received weights from trainer sta15!
2026-06-19 17:14:07,825 - EXECUT - INFO - received weights from trainer sta0!
2026-06-19 17:14:07,846 - EXECUT - INFO - received weights from trainer sta11!
2026-06-19 17:14:07,890 - EXECUT - INFO - received weights from trainer sta12!
2026-06-19 17:14:07,937 - EXECUT - INFO - received weights from trainer sta13!
2026-06-19 17:14:07,971 - EXECUT - INFO - received weights from trainer sta14!
2026-06-19 17:14:08,169 - EXECUT - INFO - received weights from trainer sta4!
2026-06-19 17:14:08,219 - EXECUT - INFO - received weights from trainer sta1!
2026-06-19 17:14:28,895 - EXECUT - INFO - received weights from trainer sta17!
2026-06-19 17:14:28,933 - EXECUT - INFO - received weights from trainer sta2!
2026-06-19 17:14:28,954 - EXECUT - INFO - received weights from trainer sta3!
2026-06-19 17:14:28,974 - EXECUT - INFO - received weights from trainer sta5!
2026-06-19 17:14:28,994 - EXECUT - INFO - received weights from trainer sta7!
2026-06-19 17:14:29,014 - EXECUT - INFO - received weights from trainer sta6!
2026-06-19 17:14:29,038 - EXECUT - INFO - received weights from trainer sta9!
2026-06-19 17:14:30,665 - EXECUT - INFO - sent aggregated weights to trainers!
2026-06-19 17:14:31,686 - METRIC - INFO - {"loss": 0.6530520915985107, "accuracy": 0.8227194547653198, "energy_consumption": null, "selected": false, "client_name": "sta8"}
2026-06-19 17:14:31,800 - METRIC - INFO - {"loss": 0.5950332283973694, "accuracy": 0.8326388597488403, "energy_consumption": null, "selected": false, "client_name": "sta4"}
2026-06-19 17:14:31,865 - METRIC - INFO - {"loss": 0.3848555386066437, "accuracy": 0.8893662691116333, "energy_consumption": null, "selected": false, "client_name": "sta2"}
2026-06-19 17:14:31,911 - METRIC - INFO - {"loss": 0.45257705450057983, "accuracy": 0.8748987913131714, "energy_consumption": null, "selected": false, "client_name": "sta10"}
2026-06-19 17:14:31,989 - METRIC - INFO - {"loss": 0.3845791816711426, "accuracy": 0.8873668313026428, "energy_consumption": null, "selected": false, "client_name": "sta6"}
2026-06-19 17:14:32,002 - METRIC - INFO - {"loss": 0.3645482659339905, "accuracy": 0.8941441178321838, "energy_consumption": null, "selected": false, "client_name": "sta17"}
2026-06-19 17:14:32,015 - METRIC - INFO - {"loss": 0.3752940595149994, "accuracy": 0.8897746205329895, "energy_consumption": null, "selected": false, "client_name": "sta9"}
2026-06-19 17:14:32,041 - METRIC - INFO - {"loss": 0.601722776889801, "accuracy": 0.8500797152519226, "energy_consumption": null, "selected": false, "client_name": "sta16"}
2026-06-19 17:14:32,048 - METRIC - INFO - {"loss": 0.6434056758880615, "accuracy": 0.8175312876701355, "energy_consumption": null, "selected": false, "client_name": "sta18"}
2026-06-19 17:14:32,135 - METRIC - INFO - {"loss": 0.44486933946609497, "accuracy": 0.8738595843315125, "energy_consumption": null, "selected": false, "client_name": "sta11"}
2026-06-19 17:14:32,188 - METRIC - INFO - {"loss": 0.4186360239982605, "accuracy": 0.879387617111206, "energy_consumption": null, "selected": false, "client_name": "sta13"}
2026-06-19 17:14:32,223 - METRIC - INFO - {"loss": 0.38718855381011963, "accuracy": 0.8845926523208618, "energy_consumption": null, "selected": false, "client_name": "sta7"}
2026-06-19 17:14:32,286 - METRIC - INFO - {"loss": 0.4754438102245331, "accuracy": 0.8640389442443848, "energy_consumption": null, "selected": false, "client_name": "sta1"}
2026-06-19 17:14:32,291 - METRIC - INFO - {"loss": 0.43052801489830017, "accuracy": 0.870636522769928, "energy_consumption": null, "selected": false, "client_name": "sta12"}
2026-06-19 17:14:32,311 - METRIC - INFO - {"loss": 0.44042888283729553, "accuracy": 0.8701348900794983, "energy_consumption": null, "selected": false, "client_name": "sta15"}
2026-06-19 17:14:32,314 - METRIC - INFO - {"loss": 0.4149974286556244, "accuracy": 0.8853503465652466, "energy_consumption": null, "selected": false, "client_name": "sta19"}
2026-06-19 17:14:32,315 - METRIC - INFO - {"loss": 0.480600506067276, "accuracy": 0.8652452230453491, "energy_consumption": null, "selected": false, "client_name": "sta14"}
2026-06-19 17:14:32,448 - METRIC - INFO - {"loss": 0.42741507291793823, "accuracy": 0.8892495036125183, "energy_consumption": null, "selected": false, "client_name": "sta0"}
2026-06-19 17:14:32,538 - METRIC - INFO - {"loss": 0.35519108176231384, "accuracy": 0.8961836099624634, "energy_consumption": null, "selected": false, "client_name": "sta5"}
2026-06-19 17:14:32,590 - METRIC - INFO - {"loss": 0.3850138187408447, "accuracy": 0.8848713040351868, "energy_consumption": null, "selected": false, "client_name": "sta3"}
2026-06-19 17:14:32,669 - METRIC - INFO - mean_accuracy: 0.8711035072803497

2026-06-19 17:14:32,669 - METRIC - INFO - round: 4
2026-06-19 17:14:32,669 - METRIC - INFO - n_selected: 20
2026-06-19 17:14:32,670 - METRIC - INFO - {"selected_trainers": ["sta0", "sta1", "sta10", "sta11", "sta12", "sta13", "sta14", "sta15", "sta16", "sta17", "sta18", "sta19", "sta2", "sta3", "sta4", "sta5", "sta6", "sta7", "sta8", "sta9"]}
2026-06-19 17:14:40,913 - EXECUT - INFO - received weights from trainer sta18!
2026-06-19 17:14:43,254 - EXECUT - INFO - received weights from trainer sta16!
2026-06-19 17:14:43,560 - EXECUT - INFO - received weights from trainer sta8!
2026-06-19 17:14:43,719 - EXECUT - INFO - received weights from trainer sta4!
2026-06-19 17:14:49,522 - EXECUT - INFO - received weights from trainer sta11!
2026-06-19 17:14:53,374 - EXECUT - INFO - received weights from trainer sta0!
2026-06-19 17:14:53,415 - EXECUT - INFO - received weights from trainer sta10!
2026-06-19 17:14:53,435 - EXECUT - INFO - received weights from trainer sta1!
2026-06-19 17:14:53,460 - EXECUT - INFO - received weights from trainer sta12!
2026-06-19 17:14:53,499 - EXECUT - INFO - received weights from trainer sta13!
2026-06-19 17:14:53,523 - EXECUT - INFO - received weights from trainer sta14!
2026-06-19 17:14:53,562 - EXECUT - INFO - received weights from trainer sta15!
2026-06-19 17:14:53,656 - EXECUT - INFO - received weights from trainer sta19!
2026-06-19 17:14:57,843 - EXECUT - INFO - received weights from trainer sta5!
2026-06-19 17:15:14,154 - EXECUT - INFO - received weights from trainer sta17!
2026-06-19 17:15:14,199 - EXECUT - INFO - received weights from trainer sta2!
2026-06-19 17:15:14,226 - EXECUT - INFO - received weights from trainer sta3!
2026-06-19 17:15:14,307 - EXECUT - INFO - received weights from trainer sta6!
2026-06-19 17:15:14,370 - EXECUT - INFO - received weights from trainer sta7!
2026-06-19 17:15:14,395 - EXECUT - INFO - received weights from trainer sta9!
2026-06-19 17:15:16,108 - EXECUT - INFO - sent aggregated weights to trainers!
2026-06-19 17:15:16,996 - METRIC - INFO - {"loss": 0.34727826714515686, "accuracy": 0.9104991555213928, "energy_consumption": null, "selected": false, "client_name": "sta8"}
2026-06-19 17:15:17,077 - METRIC - INFO - {"loss": 0.33341184258461, "accuracy": 0.9041666388511658, "energy_consumption": null, "selected": false, "client_name": "sta4"}
2026-06-19 17:15:17,225 - METRIC - INFO - {"loss": 0.3103638291358948, "accuracy": 0.907973051071167, "energy_consumption": null, "selected": false, "client_name": "sta11"}
2026-06-19 17:15:17,255 - METRIC - INFO - {"loss": 0.30746594071388245, "accuracy": 0.9170653820037842, "energy_consumption": null, "selected": false, "client_name": "sta16"}
2026-06-19 17:15:17,256 - METRIC - INFO - {"loss": 0.3144337832927704, "accuracy": 0.9109311699867249, "energy_consumption": null, "selected": false, "client_name": "sta10"}
2026-06-19 17:15:17,284 - METRIC - INFO - {"loss": 0.278738409280777, "accuracy": 0.9164698719978333, "energy_consumption": null, "selected": false, "client_name": "sta7"}
2026-06-19 17:15:17,316 - METRIC - INFO - {"loss": 0.2963770627975464, "accuracy": 0.9129363298416138, "energy_consumption": null, "selected": false, "client_name": "sta12"}
2026-06-19 17:15:17,318 - METRIC - INFO - {"loss": 0.32456785440444946, "accuracy": 0.895348846912384, "energy_consumption": null, "selected": false, "client_name": "sta18"}
2026-06-19 17:15:17,323 - METRIC - INFO - {"loss": 0.2971581816673279, "accuracy": 0.9120624661445618, "energy_consumption": null, "selected": false, "client_name": "sta3"}
2026-06-19 17:15:17,359 - METRIC - INFO - {"loss": 0.27638083696365356, "accuracy": 0.9230346083641052, "energy_consumption": null, "selected": false, "client_name": "sta9"}
2026-06-19 17:15:17,360 - METRIC - INFO - {"loss": 0.29889389872550964, "accuracy": 0.9113680124282837, "energy_consumption": null, "selected": false, "client_name": "sta15"}
2026-06-19 17:15:17,414 - METRIC - INFO - {"loss": 0.26035669445991516, "accuracy": 0.9231418967247009, "energy_consumption": null, "selected": false, "client_name": "sta17"}
2026-06-19 17:15:17,427 - METRIC - INFO - {"loss": 0.2746182680130005, "accuracy": 0.9171993732452393, "energy_consumption": null, "selected": false, "client_name": "sta6"}
2026-06-19 17:15:17,432 - METRIC - INFO - {"loss": 0.27950406074523926, "accuracy": 0.918789803981781, "energy_consumption": null, "selected": false, "client_name": "sta19"}
2026-06-19 17:15:17,479 - METRIC - INFO - {"loss": 0.29309046268463135, "accuracy": 0.917475700378418, "energy_consumption": null, "selected": false, "client_name": "sta13"}
2026-06-19 17:15:17,495 - METRIC - INFO - {"loss": 0.3338097631931305, "accuracy": 0.9031983017921448, "energy_consumption": null, "selected": false, "client_name": "sta14"}
2026-06-19 17:15:17,604 - METRIC - INFO - {"loss": 0.25940078496932983, "accuracy": 0.9244729280471802, "energy_consumption": null, "selected": false, "client_name": "sta5"}
2026-06-19 17:15:17,619 - METRIC - INFO - {"loss": 0.3274545967578888, "accuracy": 0.9056687355041504, "energy_consumption": null, "selected": false, "client_name": "sta1"}
2026-06-19 17:15:17,657 - METRIC - INFO - {"loss": 0.2981531620025635, "accuracy": 0.914401650428772, "energy_consumption": null, "selected": false, "client_name": "sta0"}
2026-06-19 17:15:17,931 - METRIC - INFO - {"loss": 0.2894919514656067, "accuracy": 0.9146079421043396, "energy_consumption": null, "selected": false, "client_name": "sta2"}
2026-06-19 17:15:18,109 - METRIC - INFO - mean_accuracy: 0.9130405932664871

2026-06-19 17:15:18,109 - METRIC - INFO - round: 5
2026-06-19 17:15:18,110 - METRIC - INFO - n_selected: 20
2026-06-19 17:15:18,110 - METRIC - INFO - {"selected_trainers": ["sta0", "sta1", "sta10", "sta11", "sta12", "sta13", "sta14", "sta15", "sta16", "sta17", "sta18", "sta19", "sta2", "sta3", "sta4", "sta5", "sta6", "sta7", "sta8", "sta9"]}
2026-06-19 17:15:28,707 - EXECUT - INFO - received weights from trainer sta16!
2026-06-19 17:15:28,774 - EXECUT - INFO - received weights from trainer sta18!
2026-06-19 17:15:29,006 - EXECUT - INFO - received weights from trainer sta8!
2026-06-19 17:15:34,902 - EXECUT - INFO - received weights from trainer sta11!
2026-06-19 17:15:35,541 - EXECUT - INFO - received weights from trainer sta15!
2026-06-19 17:15:38,818 - EXECUT - INFO - received weights from trainer sta0!
2026-06-19 17:15:38,850 - EXECUT - INFO - received weights from trainer sta10!
2026-06-19 17:15:38,881 - EXECUT - INFO - received weights from trainer sta1!
2026-06-19 17:15:38,902 - EXECUT - INFO - received weights from trainer sta12!
2026-06-19 17:15:38,949 - EXECUT - INFO - received weights from trainer sta13!
2026-06-19 17:15:38,969 - EXECUT - INFO - received weights from trainer sta14!
2026-06-19 17:15:39,141 - EXECUT - INFO - received weights from trainer sta19!
2026-06-19 17:15:39,152 - EXECUT - INFO - received weights from trainer sta4!
2026-06-19 17:15:59,640 - EXECUT - INFO - received weights from trainer sta17!
2026-06-19 17:15:59,669 - EXECUT - INFO - received weights from trainer sta2!
2026-06-19 17:15:59,698 - EXECUT - INFO - received weights from trainer sta3!
2026-06-19 17:15:59,720 - EXECUT - INFO - received weights from trainer sta5!
2026-06-19 17:15:59,748 - EXECUT - INFO - received weights from trainer sta6!
2026-06-19 17:15:59,768 - EXECUT - INFO - received weights from trainer sta7!
2026-06-19 17:15:59,822 - EXECUT - INFO - received weights from trainer sta9!
2026-06-19 17:16:01,694 - EXECUT - INFO - sent aggregated weights to trainers!
2026-06-19 17:16:02,679 - METRIC - INFO - {"loss": 0.24295584857463837, "accuracy": 0.9326388835906982, "energy_consumption": null, "selected": false, "client_name": "sta4"}
2026-06-19 17:16:02,792 - METRIC - INFO - {"loss": 0.21335023641586304, "accuracy": 0.9381528496742249, "energy_consumption": null, "selected": false, "client_name": "sta9"}
2026-06-19 17:16:02,826 - METRIC - INFO - {"loss": 0.24530255794525146, "accuracy": 0.9269264936447144, "energy_consumption": null, "selected": false, "client_name": "sta1"}
2026-06-19 17:16:02,827 - METRIC - INFO - {"loss": 0.25559407472610474, "accuracy": 0.932013750076294, "energy_consumption": null, "selected": false, "client_name": "sta8"}
2026-06-19 17:16:02,842 - METRIC - INFO - {"loss": 0.21797533333301544, "accuracy": 0.9338117837905884, "energy_consumption": null, "selected": false, "client_name": "sta16"}
2026-06-19 17:16:02,845 - METRIC - INFO - {"loss": 0.2357359081506729, "accuracy": 0.9301864504814148, "energy_consumption": null, "selected": false, "client_name": "sta11"}
2026-06-19 17:16:02,853 - METRIC - INFO - {"loss": 0.23835118114948273, "accuracy": 0.9372469782829285, "energy_consumption": null, "selected": false, "client_name": "sta10"}
2026-06-19 17:16:02,900 - METRIC - INFO - {"loss": 0.21197335422039032, "accuracy": 0.9362455606460571, "energy_consumption": null, "selected": false, "client_name": "sta7"}
2026-06-19 17:16:02,906 - METRIC - INFO - {"loss": 0.23988431692123413, "accuracy": 0.9257602691650391, "energy_consumption": null, "selected": false, "client_name": "sta18"}
2026-06-19 17:16:02,944 - METRIC - INFO - {"loss": 0.2282378226518631, "accuracy": 0.9365198016166687, "energy_consumption": null, "selected": false, "client_name": "sta13"}
2026-06-19 17:16:02,961 - METRIC - INFO - {"loss": 0.20805484056472778, "accuracy": 0.9382039308547974, "energy_consumption": null, "selected": false, "client_name": "sta6"}
2026-06-19 17:16:02,977 - METRIC - INFO - {"loss": 0.2031625658273697, "accuracy": 0.9386261105537415, "energy_consumption": null, "selected": false, "client_name": "sta17"}
2026-06-19 17:16:03,018 - METRIC - INFO - {"loss": 0.2099025994539261, "accuracy": 0.9386942386627197, "energy_consumption": null, "selected": false, "client_name": "sta19"}
2026-06-19 17:16:03,056 - METRIC - INFO - {"loss": 0.22668053209781647, "accuracy": 0.9293634295463562, "energy_consumption": null, "selected": false, "client_name": "sta12"}
2026-06-19 17:16:03,065 - METRIC - INFO - {"loss": 0.22085809707641602, "accuracy": 0.9325626492500305, "energy_consumption": null, "selected": false, "client_name": "sta15"}
2026-06-19 17:16:03,077 - METRIC - INFO - {"loss": 0.2527311444282532, "accuracy": 0.927078902721405, "energy_consumption": null, "selected": false, "client_name": "sta14"}
2026-06-19 17:16:03,196 - METRIC - INFO - {"loss": 0.22636887431144714, "accuracy": 0.9320623278617859, "energy_consumption": null, "selected": false, "client_name": "sta2"}
2026-06-19 17:16:03,244 - METRIC - INFO - {"loss": 0.1994069367647171, "accuracy": 0.9415532350540161, "energy_consumption": null, "selected": false, "client_name": "sta5"}
2026-06-19 17:16:03,276 - METRIC - INFO - {"loss": 0.2228914499282837, "accuracy": 0.9323112368583679, "energy_consumption": null, "selected": false, "client_name": "sta3"}
2026-06-19 17:16:03,276 - METRIC - INFO - {"loss": 0.22667041420936584, "accuracy": 0.9326571822166443, "energy_consumption": null, "selected": false, "client_name": "sta0"}
2026-06-19 17:16:03,696 - METRIC - INFO - mean_accuracy: 0.9336308032274246

2026-06-19 17:16:03,702 - METRIC - INFO - stop_condition: rounds
