2026-06-19 17:29:51,339 - EXECUT - INFO - starting server...
2026-06-19 17:29:56,608 - EXECUT - INFO - trainer number sta1 just joined the pool
2026-06-19 17:29:56,651 - EXECUT - INFO - trainer number sta0 just joined the pool
2026-06-19 17:29:56,651 - EXECUT - INFO - trainer number sta4 just joined the pool
2026-06-19 17:29:56,693 - EXECUT - INFO - trainer number sta2 just joined the pool
2026-06-19 17:29:56,738 - EXECUT - INFO - trainer number sta3 just joined the pool
2026-06-19 17:29:56,856 - EXECUT - INFO - trainer number sta6 just joined the pool
2026-06-19 17:29:56,903 - EXECUT - INFO - trainer number sta5 just joined the pool
2026-06-19 17:29:56,946 - EXECUT - INFO - trainer number sta7 just joined the pool
2026-06-19 17:29:57,867 - EXECUT - INFO - trainer number sta8 just joined the pool
2026-06-19 17:29:57,958 - EXECUT - INFO - trainer number sta13 just joined the pool
2026-06-19 17:29:58,000 - EXECUT - INFO - trainer number sta11 just joined the pool
2026-06-19 17:29:58,042 - EXECUT - INFO - trainer number sta12 just joined the pool
2026-06-19 17:29:58,042 - EXECUT - INFO - trainer number sta18 just joined the pool
2026-06-19 17:29:58,042 - EXECUT - INFO - trainer number sta10 just joined the pool
2026-06-19 17:29:58,042 - EXECUT - INFO - trainer number sta16 just joined the pool
2026-06-19 17:29:58,077 - EXECUT - INFO - trainer number sta14 just joined the pool
2026-06-19 17:29:58,119 - EXECUT - INFO - trainer number sta15 just joined the pool
2026-06-19 17:29:58,171 - EXECUT - INFO - trainer number sta9 just joined the pool
2026-06-19 17:29:58,244 - EXECUT - INFO - trainer number sta19 just joined the pool
2026-06-19 17:29:58,355 - EXECUT - INFO - trainer number sta17 just joined the pool
2026-06-19 17:29:59,351 - EXECUT - INFO - mensagem de data_sz recebida: 
 {'id': 'sta0', 'dataset_sz': 747088320}
2026-06-19 17:29:59,352 - EXECUT - INFO - mensagem de data_sz recebida: 
 {'id': 'sta10', 'dataset_sz': 748350720}
2026-06-19 17:29:59,392 - EXECUT - INFO - mensagem de data_sz recebida: 
 {'id': 'sta11', 'dataset_sz': 763953984}
2026-06-19 17:29:59,392 - EXECUT - INFO - mensagem de data_sz recebida: 
 {'id': 'sta12', 'dataset_sz': 737999040}
2026-06-19 17:29:59,392 - EXECUT - INFO - mensagem de data_sz recebida: 
 {'id': 'sta13', 'dataset_sz': 811571712}
2026-06-19 17:29:59,392 - EXECUT - INFO - mensagem de data_sz recebida: 
 {'id': 'sta14', 'dataset_sz': 710731200}
2026-06-19 17:29:59,392 - EXECUT - INFO - mensagem de data_sz recebida: 
 {'id': 'sta15', 'dataset_sz': 786475200}
2026-06-19 17:29:59,392 - EXECUT - INFO - mensagem de data_sz recebida: 
 {'id': 'sta16', 'dataset_sz': 380032896}
2026-06-19 17:29:59,392 - EXECUT - INFO - mensagem de data_sz recebida: 
 {'id': 'sta19', 'dataset_sz': 761378688}
2026-06-19 17:29:59,392 - EXECUT - INFO - mensagem de data_sz recebida: 
 {'id': 'sta2', 'dataset_sz': 1128383616}
2026-06-19 17:29:59,392 - EXECUT - INFO - mensagem de data_sz recebida: 
 {'id': 'sta4', 'dataset_sz': 436285440}
2026-06-19 17:29:59,393 - EXECUT - INFO - mensagem de data_sz recebida: 
 {'id': 'sta18', 'dataset_sz': 338929152}
2026-06-19 17:29:59,393 - EXECUT - INFO - mensagem de data_sz recebida: 
 {'id': 'sta3', 'dataset_sz': 1047438528}
2026-06-19 17:29:59,393 - EXECUT - INFO - mensagem de data_sz recebida: 
 {'id': 'sta5', 'dataset_sz': 1135301568}
2026-06-19 17:29:59,393 - EXECUT - INFO - mensagem de data_sz recebida: 
 {'id': 'sta7', 'dataset_sz': 1026684672}
2026-06-19 17:29:59,393 - EXECUT - INFO - mensagem de data_sz recebida: 
 {'id': 'sta9', 'dataset_sz': 1102428672}
2026-06-19 17:29:59,393 - EXECUT - INFO - mensagem de data_sz recebida: 
 {'id': 'sta1', 'dataset_sz': 684321792}
2026-06-19 17:29:59,393 - EXECUT - INFO - mensagem de data_sz recebida: 
 {'id': 'sta6', 'dataset_sz': 995528640}
2026-06-19 17:29:59,393 - EXECUT - INFO - mensagem de data_sz recebida: 
 {'id': 'sta8', 'dataset_sz': 352361088}
2026-06-19 17:29:59,393 - EXECUT - INFO - mensagem de data_sz recebida: 
 {'id': 'sta17', 'dataset_sz': 1076473728}
2026-06-19 17:30:00,351 - METRIC - INFO - round: 1
2026-06-19 17:30:00,352 - METRIC - INFO - n_selected: 20
2026-06-19 17:30:00,352 - METRIC - INFO - {"selected_trainers": ["sta0", "sta1", "sta10", "sta11", "sta12", "sta13", "sta14", "sta15", "sta16", "sta17", "sta18", "sta19", "sta2", "sta3", "sta4", "sta5", "sta6", "sta7", "sta8", "sta9"]}
2026-06-19 17:30:11,569 - EXECUT - INFO - received weights from trainer sta16!
2026-06-19 17:30:11,596 - EXECUT - INFO - received weights from trainer sta18!
2026-06-19 17:30:11,704 - EXECUT - INFO - received weights from trainer sta8!
2026-06-19 17:30:17,366 - EXECUT - INFO - received weights from trainer sta12!
2026-06-19 17:30:17,714 - EXECUT - INFO - received weights from trainer sta11!
2026-06-19 17:30:17,735 - EXECUT - INFO - received weights from trainer sta19!
2026-06-19 17:30:18,315 - EXECUT - INFO - received weights from trainer sta15!
2026-06-19 17:30:18,766 - EXECUT - INFO - received weights from trainer sta13!
2026-06-19 17:30:21,770 - EXECUT - INFO - received weights from trainer sta10!
2026-06-19 17:30:21,842 - EXECUT - INFO - received weights from trainer sta14!
2026-06-19 17:30:21,906 - EXECUT - INFO - received weights from trainer sta0!
2026-06-19 17:30:21,927 - EXECUT - INFO - received weights from trainer sta1!
2026-06-19 17:30:22,087 - EXECUT - INFO - received weights from trainer sta4!
2026-06-19 17:30:26,251 - EXECUT - INFO - received weights from trainer sta5!
2026-06-19 17:30:42,392 - EXECUT - INFO - received weights from trainer sta17!
2026-06-19 17:30:42,489 - EXECUT - INFO - received weights from trainer sta9!
2026-06-19 17:30:42,567 - EXECUT - INFO - received weights from trainer sta2!
2026-06-19 17:30:42,601 - EXECUT - INFO - received weights from trainer sta7!
2026-06-19 17:30:42,645 - EXECUT - INFO - received weights from trainer sta3!
2026-06-19 17:30:42,688 - EXECUT - INFO - received weights from trainer sta6!
2026-06-19 17:30:44,011 - EXECUT - INFO - sent aggregated weights to trainers!
2026-06-19 17:30:45,366 - METRIC - INFO - {"loss": 0.4412670135498047, "accuracy": 0.8838210105895996, "energy_consumption": null, "selected": false, "client_name": "sta8"}
2026-06-19 17:30:45,452 - METRIC - INFO - {"loss": 0.2757525146007538, "accuracy": 0.9264376163482666, "energy_consumption": null, "selected": false, "client_name": "sta13"}
2026-06-19 17:30:45,458 - METRIC - INFO - {"loss": 0.31172966957092285, "accuracy": 0.9141683578491211, "energy_consumption": null, "selected": false, "client_name": "sta12"}
2026-06-19 17:30:45,547 - METRIC - INFO - {"loss": 0.30372679233551025, "accuracy": 0.9104299545288086, "energy_consumption": null, "selected": false, "client_name": "sta19"}
2026-06-19 17:30:45,568 - METRIC - INFO - {"loss": 0.4652308225631714, "accuracy": 0.8774597644805908, "energy_consumption": null, "selected": false, "client_name": "sta18"}
2026-06-19 17:30:45,571 - METRIC - INFO - {"loss": 0.3978913128376007, "accuracy": 0.8875598311424255, "energy_consumption": null, "selected": false, "client_name": "sta16"}
2026-06-19 17:30:45,590 - METRIC - INFO - {"loss": 0.30253657698631287, "accuracy": 0.9141700267791748, "energy_consumption": null, "selected": false, "client_name": "sta10"}
2026-06-19 17:30:45,591 - METRIC - INFO - {"loss": 0.35848307609558105, "accuracy": 0.9069444537162781, "energy_consumption": null, "selected": false, "client_name": "sta4"}
2026-06-19 17:30:45,591 - METRIC - INFO - {"loss": 0.3031546473503113, "accuracy": 0.9129094481468201, "energy_consumption": null, "selected": false, "client_name": "sta15"}
2026-06-19 17:30:45,600 - METRIC - INFO - {"loss": 0.26713111996650696, "accuracy": 0.9246838688850403, "energy_consumption": null, "selected": false, "client_name": "sta9"}
2026-06-19 17:30:45,631 - METRIC - INFO - {"loss": 0.3188709318637848, "accuracy": 0.907973051071167, "energy_consumption": null, "selected": false, "client_name": "sta11"}
2026-06-19 17:30:45,637 - METRIC - INFO - {"loss": 0.2916880249977112, "accuracy": 0.9233835339546204, "energy_consumption": null, "selected": false, "client_name": "sta1"}
2026-06-19 17:30:45,685 - METRIC - INFO - {"loss": 0.2745476961135864, "accuracy": 0.9203265905380249, "energy_consumption": null, "selected": false, "client_name": "sta17"}
2026-06-19 17:30:45,712 - METRIC - INFO - {"loss": 0.2770543694496155, "accuracy": 0.9220778942108154, "energy_consumption": null, "selected": false, "client_name": "sta7"}
2026-06-19 17:30:45,717 - METRIC - INFO - {"loss": 0.327127605676651, "accuracy": 0.915991485118866, "energy_consumption": null, "selected": false, "client_name": "sta14"}
2026-06-19 17:30:45,808 - METRIC - INFO - {"loss": 0.2825033366680145, "accuracy": 0.9183346629142761, "energy_consumption": null, "selected": false, "client_name": "sta5"}
2026-06-19 17:30:45,811 - METRIC - INFO - {"loss": 0.2924981415271759, "accuracy": 0.9180527329444885, "energy_consumption": null, "selected": false, "client_name": "sta0"}
2026-06-19 17:30:45,826 - METRIC - INFO - {"loss": 0.28309574723243713, "accuracy": 0.9190049171447754, "energy_consumption": null, "selected": false, "client_name": "sta3"}
2026-06-19 17:30:45,898 - METRIC - INFO - {"loss": 0.27158600091934204, "accuracy": 0.9193302989006042, "energy_consumption": null, "selected": false, "client_name": "sta6"}
2026-06-19 17:30:46,082 - METRIC - INFO - {"loss": 0.25998684763908386, "accuracy": 0.9266917109489441, "energy_consumption": null, "selected": false, "client_name": "sta2"}
2026-06-19 17:30:47,013 - METRIC - INFO - mean_accuracy: 0.9124875605106354

2026-06-19 17:30:47,013 - METRIC - INFO - round: 2
2026-06-19 17:30:47,014 - METRIC - INFO - n_selected: 20
2026-06-19 17:30:47,014 - METRIC - INFO - {"selected_trainers": ["sta0", "sta1", "sta10", "sta11", "sta12", "sta13", "sta14", "sta15", "sta16", "sta17", "sta18", "sta19", "sta2", "sta3", "sta4", "sta5", "sta6", "sta7", "sta8", "sta9"]}
2026-06-19 17:30:55,320 - EXECUT - INFO - received weights from trainer sta18!
2026-06-19 17:30:57,646 - EXECUT - INFO - received weights from trainer sta16!
2026-06-19 17:30:57,917 - EXECUT - INFO - received weights from trainer sta8!
2026-06-19 17:31:03,019 - EXECUT - INFO - received weights from trainer sta14!
2026-06-19 17:31:04,470 - EXECUT - INFO - received weights from trainer sta15!
2026-06-19 17:31:07,722 - EXECUT - INFO - received weights from trainer sta1!
2026-06-19 17:31:07,742 - EXECUT - INFO - received weights from trainer sta10!
2026-06-19 17:31:07,763 - EXECUT - INFO - received weights from trainer sta0!
2026-06-19 17:31:07,783 - EXECUT - INFO - received weights from trainer sta11!
2026-06-19 17:31:07,827 - EXECUT - INFO - received weights from trainer sta12!
2026-06-19 17:31:07,883 - EXECUT - INFO - received weights from trainer sta13!
2026-06-19 17:31:08,071 - EXECUT - INFO - received weights from trainer sta4!
2026-06-19 17:31:08,093 - EXECUT - INFO - received weights from trainer sta19!
2026-06-19 17:31:12,214 - EXECUT - INFO - received weights from trainer sta5!
2026-06-19 17:31:28,579 - EXECUT - INFO - received weights from trainer sta17!
2026-06-19 17:31:28,590 - EXECUT - INFO - received weights from trainer sta2!
2026-06-19 17:31:28,631 - EXECUT - INFO - received weights from trainer sta3!
2026-06-19 17:31:28,684 - EXECUT - INFO - received weights from trainer sta6!
2026-06-19 17:31:28,704 - EXECUT - INFO - received weights from trainer sta7!
2026-06-19 17:31:28,750 - EXECUT - INFO - received weights from trainer sta9!
2026-06-19 17:31:30,471 - EXECUT - INFO - sent aggregated weights to trainers!
2026-06-19 17:31:31,505 - METRIC - INFO - {"loss": 2.2059996128082275, "accuracy": 0.4599190354347229, "energy_consumption": null, "selected": false, "client_name": "sta10"}
2026-06-19 17:31:31,535 - METRIC - INFO - {"loss": 2.209528923034668, "accuracy": 0.3995943069458008, "energy_consumption": null, "selected": false, "client_name": "sta0"}
2026-06-19 17:31:31,595 - METRIC - INFO - {"loss": 0.9056540727615356, "accuracy": 0.7440901398658752, "energy_consumption": null, "selected": false, "client_name": "sta9"}
2026-06-19 17:31:31,598 - METRIC - INFO - {"loss": 2.29538631439209, "accuracy": 0.11483253538608551, "energy_consumption": null, "selected": false, "client_name": "sta16"}
2026-06-19 17:31:31,622 - METRIC - INFO - {"loss": 2.062056541442871, "accuracy": 0.4578043222427368, "energy_consumption": null, "selected": false, "client_name": "sta13"}
2026-06-19 17:31:31,686 - METRIC - INFO - {"loss": 1.1087803840637207, "accuracy": 0.662042498588562, "energy_consumption": null, "selected": false, "client_name": "sta7"}
2026-06-19 17:31:31,697 - METRIC - INFO - {"loss": 2.296992540359497, "accuracy": 0.15490533411502838, "energy_consumption": null, "selected": false, "client_name": "sta8"}
2026-06-19 17:31:31,705 - METRIC - INFO - {"loss": 1.033477544784546, "accuracy": 0.6893259882926941, "energy_consumption": null, "selected": false, "client_name": "sta3"}
2026-06-19 17:31:31,725 - METRIC - INFO - {"loss": 2.24509334564209, "accuracy": 0.34925374388694763, "energy_consumption": null, "selected": false, "client_name": "sta14"}
2026-06-19 17:31:31,730 - METRIC - INFO - {"loss": 2.2274463176727295, "accuracy": 0.4225872755050659, "energy_consumption": null, "selected": false, "client_name": "sta12"}
2026-06-19 17:31:31,772 - METRIC - INFO - {"loss": 2.1525845527648926, "accuracy": 0.4705202281475067, "energy_consumption": null, "selected": false, "client_name": "sta15"}
2026-06-19 17:31:31,799 - METRIC - INFO - {"loss": 0.9868795871734619, "accuracy": 0.7069256901741028, "energy_consumption": null, "selected": false, "client_name": "sta17"}
2026-06-19 17:31:31,848 - METRIC - INFO - {"loss": 2.2957205772399902, "accuracy": 0.12432915717363358, "energy_consumption": null, "selected": false, "client_name": "sta18"}
2026-06-19 17:31:31,856 - METRIC - INFO - {"loss": 2.195707321166992, "accuracy": 0.38357794284820557, "energy_consumption": null, "selected": false, "client_name": "sta11"}
2026-06-19 17:31:31,868 - METRIC - INFO - {"loss": 2.2929434776306152, "accuracy": 0.12638889253139496, "energy_consumption": null, "selected": false, "client_name": "sta4"}
2026-06-19 17:31:31,872 - METRIC - INFO - {"loss": 2.2048189640045166, "accuracy": 0.45899680256843567, "energy_consumption": null, "selected": false, "client_name": "sta19"}
2026-06-19 17:31:31,989 - METRIC - INFO - {"loss": 0.8656466007232666, "accuracy": 0.752416729927063, "energy_consumption": null, "selected": false, "client_name": "sta2"}
2026-06-19 17:31:31,994 - METRIC - INFO - {"loss": 2.2550923824310303, "accuracy": 0.2945084273815155, "energy_consumption": null, "selected": false, "client_name": "sta1"}
2026-06-19 17:31:32,087 - METRIC - INFO - {"loss": 1.1603525876998901, "accuracy": 0.64261794090271, "energy_consumption": null, "selected": false, "client_name": "sta6"}
2026-06-19 17:31:32,339 - METRIC - INFO - {"loss": 0.8703954219818115, "accuracy": 0.7624766230583191, "energy_consumption": null, "selected": false, "client_name": "sta5"}
2026-06-19 17:31:32,473 - METRIC - INFO - mean_accuracy: 0.4588556807488203

2026-06-19 17:31:32,474 - METRIC - INFO - round: 3
2026-06-19 17:31:32,474 - METRIC - INFO - n_selected: 20
2026-06-19 17:31:32,474 - METRIC - INFO - {"selected_trainers": ["sta0", "sta1", "sta10", "sta11", "sta12", "sta13", "sta14", "sta15", "sta16", "sta17", "sta18", "sta19", "sta2", "sta3", "sta4", "sta5", "sta6", "sta7", "sta8", "sta9"]}
2026-06-19 17:31:41,652 - EXECUT - INFO - received weights from trainer sta16!
2026-06-19 17:31:43,108 - EXECUT - INFO - received weights from trainer sta18!
2026-06-19 17:31:43,361 - EXECUT - INFO - received weights from trainer sta8!
2026-06-19 17:31:48,445 - EXECUT - INFO - received weights from trainer sta14!
2026-06-19 17:31:49,255 - EXECUT - INFO - received weights from trainer sta11!
2026-06-19 17:31:49,898 - EXECUT - INFO - received weights from trainer sta15!
2026-06-19 17:31:53,177 - EXECUT - INFO - received weights from trainer sta0!
2026-06-19 17:31:53,198 - EXECUT - INFO - received weights from trainer sta10!
2026-06-19 17:31:53,251 - EXECUT - INFO - received weights from trainer sta12!
2026-06-19 17:31:53,305 - EXECUT - INFO - received weights from trainer sta13!
2026-06-19 17:31:53,506 - EXECUT - INFO - received weights from trainer sta19!
2026-06-19 17:31:53,526 - EXECUT - INFO - received weights from trainer sta4!
2026-06-19 17:31:53,648 - EXECUT - INFO - received weights from trainer sta1!
2026-06-19 17:32:14,247 - EXECUT - INFO - received weights from trainer sta17!
2026-06-19 17:32:14,296 - EXECUT - INFO - received weights from trainer sta2!
2026-06-19 17:32:14,327 - EXECUT - INFO - received weights from trainer sta3!
2026-06-19 17:32:14,358 - EXECUT - INFO - received weights from trainer sta5!
2026-06-19 17:32:14,389 - EXECUT - INFO - received weights from trainer sta7!
2026-06-19 17:32:14,420 - EXECUT - INFO - received weights from trainer sta6!
2026-06-19 17:32:14,450 - EXECUT - INFO - received weights from trainer sta9!
2026-06-19 17:32:16,018 - EXECUT - INFO - sent aggregated weights to trainers!
2026-06-19 17:32:16,999 - METRIC - INFO - {"loss": 0.41977787017822266, "accuracy": 0.8839681148529053, "energy_consumption": null, "selected": false, "client_name": "sta1"}
2026-06-19 17:32:17,156 - METRIC - INFO - {"loss": 0.3884318470954895, "accuracy": 0.8857733011245728, "energy_consumption": null, "selected": false, "client_name": "sta7"}
2026-06-19 17:32:17,166 - METRIC - INFO - {"loss": 0.3662590980529785, "accuracy": 0.896371603012085, "energy_consumption": null, "selected": false, "client_name": "sta9"}
2026-06-19 17:32:17,250 - METRIC - INFO - {"loss": 0.6804909706115723, "accuracy": 0.8112701177597046, "energy_consumption": null, "selected": false, "client_name": "sta18"}
2026-06-19 17:32:17,324 - METRIC - INFO - {"loss": 0.37593796849250793, "accuracy": 0.8902027010917664, "energy_consumption": null, "selected": false, "client_name": "sta17"}
2026-06-19 17:32:17,324 - METRIC - INFO - {"loss": 0.44654378294944763, "accuracy": 0.8731006383895874, "energy_consumption": null, "selected": false, "client_name": "sta12"}
2026-06-19 17:32:17,333 - METRIC - INFO - {"loss": 0.41785168647766113, "accuracy": 0.8787018060684204, "energy_consumption": null, "selected": false, "client_name": "sta0"}
2026-06-19 17:32:17,344 - METRIC - INFO - {"loss": 0.6161388754844666, "accuracy": 0.8181818127632141, "energy_consumption": null, "selected": false, "client_name": "sta16"}
2026-06-19 17:32:17,344 - METRIC - INFO - {"loss": 0.4280567467212677, "accuracy": 0.878947377204895, "energy_consumption": null, "selected": false, "client_name": "sta10"}
2026-06-19 17:32:17,368 - METRIC - INFO - {"loss": 0.6711891889572144, "accuracy": 0.8166953325271606, "energy_consumption": null, "selected": false, "client_name": "sta8"}
2026-06-19 17:32:17,381 - METRIC - INFO - {"loss": 0.395894855260849, "accuracy": 0.8924570679664612, "energy_consumption": null, "selected": false, "client_name": "sta13"}
2026-06-19 17:32:17,415 - METRIC - INFO - {"loss": 0.4326517581939697, "accuracy": 0.8863198161125183, "energy_consumption": null, "selected": false, "client_name": "sta15"}
2026-06-19 17:32:17,496 - METRIC - INFO - {"loss": 0.3744259476661682, "accuracy": 0.8877639770507812, "energy_consumption": null, "selected": false, "client_name": "sta3"}
2026-06-19 17:32:17,499 - METRIC - INFO - {"loss": 0.3508959114551544, "accuracy": 0.8958109617233276, "energy_consumption": null, "selected": false, "client_name": "sta2"}
2026-06-19 17:32:17,524 - METRIC - INFO - {"loss": 0.45032331347465515, "accuracy": 0.8750532865524292, "energy_consumption": null, "selected": false, "client_name": "sta14"}
2026-06-19 17:32:17,530 - METRIC - INFO - {"loss": 0.44435277581214905, "accuracy": 0.8738595843315125, "energy_consumption": null, "selected": false, "client_name": "sta11"}
2026-06-19 17:32:17,543 - METRIC - INFO - {"loss": 0.4320680797100067, "accuracy": 0.8761942386627197, "energy_consumption": null, "selected": false, "client_name": "sta19"}
2026-06-19 17:32:17,561 - METRIC - INFO - {"loss": 0.5666366219520569, "accuracy": 0.8444444537162781, "energy_consumption": null, "selected": false, "client_name": "sta4"}
2026-06-19 17:32:17,581 - METRIC - INFO - {"loss": 0.3859955370426178, "accuracy": 0.8946727514266968, "energy_consumption": null, "selected": false, "client_name": "sta6"}
2026-06-19 17:32:17,867 - METRIC - INFO - {"loss": 0.36997735500335693, "accuracy": 0.8929810523986816, "energy_consumption": null, "selected": false, "client_name": "sta5"}
2026-06-19 17:32:18,020 - METRIC - INFO - mean_accuracy: 0.8726384997367859

2026-06-19 17:32:18,020 - METRIC - INFO - round: 4
2026-06-19 17:32:18,020 - METRIC - INFO - n_selected: 20
2026-06-19 17:32:18,020 - METRIC - INFO - {"selected_trainers": ["sta0", "sta1", "sta10", "sta11", "sta12", "sta13", "sta14", "sta15", "sta16", "sta17", "sta18", "sta19", "sta2", "sta3", "sta4", "sta5", "sta6", "sta7", "sta8", "sta9"]}
2026-06-19 17:32:28,622 - EXECUT - INFO - received weights from trainer sta16!
2026-06-19 17:32:28,681 - EXECUT - INFO - received weights from trainer sta18!
2026-06-19 17:32:28,915 - EXECUT - INFO - received weights from trainer sta8!
2026-06-19 17:32:33,773 - EXECUT - INFO - received weights from trainer sta1!
2026-06-19 17:32:34,835 - EXECUT - INFO - received weights from trainer sta11!
2026-06-19 17:32:35,485 - EXECUT - INFO - received weights from trainer sta15!
2026-06-19 17:32:36,006 - EXECUT - INFO - received weights from trainer sta0!
2026-06-19 17:32:38,751 - EXECUT - INFO - received weights from trainer sta10!
2026-06-19 17:32:38,814 - EXECUT - INFO - received weights from trainer sta12!
2026-06-19 17:32:38,860 - EXECUT - INFO - received weights from trainer sta13!
2026-06-19 17:32:38,882 - EXECUT - INFO - received weights from trainer sta14!
2026-06-19 17:32:39,047 - EXECUT - INFO - received weights from trainer sta4!
2026-06-19 17:32:39,069 - EXECUT - INFO - received weights from trainer sta19!
2026-06-19 17:32:43,022 - EXECUT - INFO - received weights from trainer sta2!
2026-06-19 17:32:59,567 - EXECUT - INFO - received weights from trainer sta17!
2026-06-19 17:32:59,578 - EXECUT - INFO - received weights from trainer sta3!
2026-06-19 17:32:59,619 - EXECUT - INFO - received weights from trainer sta5!
2026-06-19 17:32:59,647 - EXECUT - INFO - received weights from trainer sta6!
2026-06-19 17:32:59,667 - EXECUT - INFO - received weights from trainer sta7!
2026-06-19 17:32:59,724 - EXECUT - INFO - received weights from trainer sta9!
2026-06-19 17:33:01,481 - EXECUT - INFO - sent aggregated weights to trainers!
2026-06-19 17:33:02,469 - METRIC - INFO - {"loss": 0.2862744927406311, "accuracy": 0.9210526347160339, "energy_consumption": null, "selected": false, "client_name": "sta10"}
2026-06-19 17:33:02,496 - METRIC - INFO - {"loss": 0.29857707023620605, "accuracy": 0.911156177520752, "energy_consumption": null, "selected": false, "client_name": "sta0"}
2026-06-19 17:33:02,522 - METRIC - INFO - {"loss": 0.32245051860809326, "accuracy": 0.9083333611488342, "energy_consumption": null, "selected": false, "client_name": "sta4"}
2026-06-19 17:33:02,635 - METRIC - INFO - {"loss": 0.2787158191204071, "accuracy": 0.9185360074043274, "energy_consumption": null, "selected": false, "client_name": "sta7"}
2026-06-19 17:33:02,643 - METRIC - INFO - {"loss": 0.3511233329772949, "accuracy": 0.8864027261734009, "energy_consumption": null, "selected": false, "client_name": "sta8"}
2026-06-19 17:33:02,676 - METRIC - INFO - {"loss": 0.3186131715774536, "accuracy": 0.9027113318443298, "energy_consumption": null, "selected": false, "client_name": "sta16"}
2026-06-19 17:33:02,688 - METRIC - INFO - {"loss": 0.2770273983478546, "accuracy": 0.9175340533256531, "energy_consumption": null, "selected": false, "client_name": "sta5"}
2026-06-19 17:33:02,707 - METRIC - INFO - {"loss": 0.2786804437637329, "accuracy": 0.9163851141929626, "energy_consumption": null, "selected": false, "client_name": "sta17"}
2026-06-19 17:33:02,734 - METRIC - INFO - {"loss": 0.3687128722667694, "accuracy": 0.8980321884155273, "energy_consumption": null, "selected": false, "client_name": "sta18"}
2026-06-19 17:33:02,760 - METRIC - INFO - {"loss": 0.31022927165031433, "accuracy": 0.9083155393600464, "energy_consumption": null, "selected": false, "client_name": "sta14"}
2026-06-19 17:33:02,802 - METRIC - INFO - {"loss": 0.26926180720329285, "accuracy": 0.924409031867981, "energy_consumption": null, "selected": false, "client_name": "sta9"}
2026-06-19 17:33:02,869 - METRIC - INFO - {"loss": 0.30998167395591736, "accuracy": 0.9099563956260681, "energy_consumption": null, "selected": false, "client_name": "sta11"}
2026-06-19 17:33:02,869 - METRIC - INFO - {"loss": 0.30680087208747864, "accuracy": 0.914989709854126, "energy_consumption": null, "selected": false, "client_name": "sta12"}
2026-06-19 17:33:02,876 - METRIC - INFO - {"loss": 0.2762008011341095, "accuracy": 0.9245705604553223, "energy_consumption": null, "selected": false, "client_name": "sta13"}
2026-06-19 17:33:02,902 - METRIC - INFO - {"loss": 0.290595144033432, "accuracy": 0.9104299545288086, "energy_consumption": null, "selected": false, "client_name": "sta19"}
2026-06-19 17:33:02,907 - METRIC - INFO - {"loss": 0.31075119972229004, "accuracy": 0.9125241041183472, "energy_consumption": null, "selected": false, "client_name": "sta15"}
2026-06-19 17:33:02,968 - METRIC - INFO - {"loss": 0.2723304331302643, "accuracy": 0.9192941784858704, "energy_consumption": null, "selected": false, "client_name": "sta3"}
2026-06-19 17:33:03,010 - METRIC - INFO - {"loss": 0.27608031034469604, "accuracy": 0.9198405742645264, "energy_consumption": null, "selected": false, "client_name": "sta1"}
2026-06-19 17:33:03,058 - METRIC - INFO - {"loss": 0.25483155250549316, "accuracy": 0.9218581914901733, "energy_consumption": null, "selected": false, "client_name": "sta2"}
2026-06-19 17:33:03,085 - METRIC - INFO - {"loss": 0.272983193397522, "accuracy": 0.9196346998214722, "energy_consumption": null, "selected": false, "client_name": "sta6"}
2026-06-19 17:33:03,483 - METRIC - INFO - mean_accuracy: 0.9132983267307282

2026-06-19 17:33:03,484 - METRIC - INFO - round: 5
2026-06-19 17:33:03,484 - METRIC - INFO - n_selected: 20
2026-06-19 17:33:03,484 - METRIC - INFO - {"selected_trainers": ["sta0", "sta1", "sta10", "sta11", "sta12", "sta13", "sta14", "sta15", "sta16", "sta17", "sta18", "sta19", "sta2", "sta3", "sta4", "sta5", "sta6", "sta7", "sta8", "sta9"]}
2026-06-19 17:33:12,645 - EXECUT - INFO - received weights from trainer sta16!
2026-06-19 17:33:14,135 - EXECUT - INFO - received weights from trainer sta18!
2026-06-19 17:33:14,358 - EXECUT - INFO - received weights from trainer sta8!
2026-06-19 17:33:14,514 - EXECUT - INFO - received weights from trainer sta4!
2026-06-19 17:33:21,379 - EXECUT - INFO - received weights from trainer sta13!
2026-06-19 17:33:24,183 - EXECUT - INFO - received weights from trainer sta0!
2026-06-19 17:33:24,217 - EXECUT - INFO - received weights from trainer sta10!
2026-06-19 17:33:24,238 - EXECUT - INFO - received weights from trainer sta11!
2026-06-19 17:33:24,258 - EXECUT - INFO - received weights from trainer sta1!
2026-06-19 17:33:24,290 - EXECUT - INFO - received weights from trainer sta12!
2026-06-19 17:33:24,361 - EXECUT - INFO - received weights from trainer sta14!
2026-06-19 17:33:24,393 - EXECUT - INFO - received weights from trainer sta15!
2026-06-19 17:33:24,504 - EXECUT - INFO - received weights from trainer sta19!
2026-06-19 17:33:26,096 - EXECUT - INFO - received weights from trainer sta17!
2026-06-19 17:33:28,209 - EXECUT - INFO - received weights from trainer sta3!
2026-06-19 17:33:45,015 - EXECUT - INFO - received weights from trainer sta2!
2026-06-19 17:33:45,075 - EXECUT - INFO - received weights from trainer sta5!
2026-06-19 17:33:45,107 - EXECUT - INFO - received weights from trainer sta6!
2026-06-19 17:33:45,127 - EXECUT - INFO - received weights from trainer sta7!
2026-06-19 17:33:45,183 - EXECUT - INFO - received weights from trainer sta9!
2026-06-19 17:33:46,985 - EXECUT - INFO - sent aggregated weights to trainers!
2026-06-19 17:33:47,962 - METRIC - INFO - {"loss": 0.21010227501392365, "accuracy": 0.9384410977363586, "energy_consumption": null, "selected": false, "client_name": "sta1"}
2026-06-19 17:33:47,965 - METRIC - INFO - {"loss": 0.23402909934520721, "accuracy": 0.93593430519104, "energy_consumption": null, "selected": false, "client_name": "sta12"}
2026-06-19 17:33:47,967 - METRIC - INFO - {"loss": 0.21705307066440582, "accuracy": 0.9380567073822021, "energy_consumption": null, "selected": false, "client_name": "sta10"}
2026-06-19 17:33:48,084 - METRIC - INFO - {"loss": 0.24258343875408173, "accuracy": 0.9340277910232544, "energy_consumption": null, "selected": false, "client_name": "sta4"}
2026-06-19 17:33:48,099 - METRIC - INFO - {"loss": 0.21293671429157257, "accuracy": 0.9417475461959839, "energy_consumption": null, "selected": false, "client_name": "sta13"}
2026-06-19 17:33:48,115 - METRIC - INFO - {"loss": 0.22546514868736267, "accuracy": 0.9371196627616882, "energy_consumption": null, "selected": false, "client_name": "sta0"}
2026-06-19 17:33:48,125 - METRIC - INFO - {"loss": 0.21236757934093475, "accuracy": 0.9353600740432739, "energy_consumption": null, "selected": false, "client_name": "sta7"}
2026-06-19 17:33:48,139 - METRIC - INFO - {"loss": 0.22866210341453552, "accuracy": 0.9330143332481384, "energy_consumption": null, "selected": false, "client_name": "sta16"}
2026-06-19 17:33:48,141 - METRIC - INFO - {"loss": 0.24968358874320984, "accuracy": 0.9216867685317993, "energy_consumption": null, "selected": false, "client_name": "sta8"}
2026-06-19 17:33:48,180 - METRIC - INFO - {"loss": 0.2772037088871002, "accuracy": 0.9221824407577515, "energy_consumption": null, "selected": false, "client_name": "sta18"}
2026-06-19 17:33:48,207 - METRIC - INFO - {"loss": 0.2162417322397232, "accuracy": 0.934614360332489, "energy_consumption": null, "selected": false, "client_name": "sta5"}
2026-06-19 17:33:48,219 - METRIC - INFO - {"loss": 0.23659645020961761, "accuracy": 0.9345498085021973, "energy_consumption": null, "selected": false, "client_name": "sta11"}
2026-06-19 17:33:48,221 - METRIC - INFO - {"loss": 0.21376295387744904, "accuracy": 0.9331210255622864, "energy_consumption": null, "selected": false, "client_name": "sta19"}
2026-06-19 17:33:48,231 - METRIC - INFO - {"loss": 0.240583598613739, "accuracy": 0.9294797778129578, "energy_consumption": null, "selected": false, "client_name": "sta15"}
2026-06-19 17:33:48,272 - METRIC - INFO - {"loss": 0.21438923478126526, "accuracy": 0.9363738894462585, "energy_consumption": null, "selected": false, "client_name": "sta17"}
2026-06-19 17:33:48,313 - METRIC - INFO - {"loss": 0.2075933814048767, "accuracy": 0.9420011043548584, "energy_consumption": null, "selected": false, "client_name": "sta9"}
2026-06-19 17:33:48,336 - METRIC - INFO - {"loss": 0.23194491863250732, "accuracy": 0.9292110800743103, "energy_consumption": null, "selected": false, "client_name": "sta14"}
2026-06-19 17:33:48,476 - METRIC - INFO - {"loss": 0.19286344945430756, "accuracy": 0.9393125772476196, "energy_consumption": null, "selected": false, "client_name": "sta2"}
2026-06-19 17:33:48,524 - METRIC - INFO - {"loss": 0.20506666600704193, "accuracy": 0.9409436583518982, "energy_consumption": null, "selected": false, "client_name": "sta6"}
2026-06-19 17:33:48,838 - METRIC - INFO - {"loss": 0.20738816261291504, "accuracy": 0.9349146485328674, "energy_consumption": null, "selected": false, "client_name": "sta3"}
2026-06-19 17:33:48,990 - METRIC - INFO - mean_accuracy: 0.9346046328544617

2026-06-19 17:33:48,995 - METRIC - INFO - stop_condition: rounds
