2026-06-19 17:21:00,083 - EXECUT - INFO - starting server...
2026-06-19 17:21:05,260 - EXECUT - INFO - trainer number sta0 just joined the pool
2026-06-19 17:21:05,302 - EXECUT - INFO - trainer number sta1 just joined the pool
2026-06-19 17:21:05,382 - EXECUT - INFO - trainer number sta4 just joined the pool
2026-06-19 17:21:05,423 - EXECUT - INFO - trainer number sta3 just joined the pool
2026-06-19 17:21:05,424 - EXECUT - INFO - trainer number sta2 just joined the pool
2026-06-19 17:21:05,563 - EXECUT - INFO - trainer number sta6 just joined the pool
2026-06-19 17:21:05,606 - EXECUT - INFO - trainer number sta5 just joined the pool
2026-06-19 17:21:05,606 - EXECUT - INFO - trainer number sta7 just joined the pool
2026-06-19 17:21:06,481 - EXECUT - INFO - trainer number sta8 just joined the pool
2026-06-19 17:21:06,718 - EXECUT - INFO - trainer number sta18 just joined the pool
2026-06-19 17:21:06,760 - EXECUT - INFO - trainer number sta9 just joined the pool
2026-06-19 17:21:06,815 - EXECUT - INFO - trainer number sta11 just joined the pool
2026-06-19 17:21:06,858 - EXECUT - INFO - trainer number sta14 just joined the pool
2026-06-19 17:21:06,858 - EXECUT - INFO - trainer number sta16 just joined the pool
2026-06-19 17:21:06,858 - EXECUT - INFO - trainer number sta10 just joined the pool
2026-06-19 17:21:06,896 - EXECUT - INFO - trainer number sta13 just joined the pool
2026-06-19 17:21:06,937 - EXECUT - INFO - trainer number sta12 just joined the pool
2026-06-19 17:21:06,937 - EXECUT - INFO - trainer number sta15 just joined the pool
2026-06-19 17:21:06,967 - EXECUT - INFO - trainer number sta19 just joined the pool
2026-06-19 17:21:07,080 - EXECUT - INFO - trainer number sta17 just joined the pool
2026-06-19 17:21:07,094 - EXECUT - INFO - mensagem de data_sz recebida: 
 {'id': 'sta0', 'dataset_sz': 747088320}
2026-06-19 17:21:07,094 - EXECUT - INFO - mensagem de data_sz recebida: 
 {'id': 'sta10', 'dataset_sz': 748350720}
2026-06-19 17:21:07,136 - EXECUT - INFO - mensagem de data_sz recebida: 
 {'id': 'sta11', 'dataset_sz': 763953984}
2026-06-19 17:21:07,136 - EXECUT - INFO - mensagem de data_sz recebida: 
 {'id': 'sta12', 'dataset_sz': 737999040}
2026-06-19 17:21:07,136 - EXECUT - INFO - mensagem de data_sz recebida: 
 {'id': 'sta13', 'dataset_sz': 811571712}
2026-06-19 17:21:07,136 - EXECUT - INFO - mensagem de data_sz recebida: 
 {'id': 'sta14', 'dataset_sz': 710731200}
2026-06-19 17:21:07,136 - EXECUT - INFO - mensagem de data_sz recebida: 
 {'id': 'sta16', 'dataset_sz': 380032896}
2026-06-19 17:21:07,136 - EXECUT - INFO - mensagem de data_sz recebida: 
 {'id': 'sta2', 'dataset_sz': 1128383616}
2026-06-19 17:21:07,136 - EXECUT - INFO - mensagem de data_sz recebida: 
 {'id': 'sta3', 'dataset_sz': 1047438528}
2026-06-19 17:21:07,137 - EXECUT - INFO - mensagem de data_sz recebida: 
 {'id': 'sta18', 'dataset_sz': 338929152}
2026-06-19 17:21:07,137 - EXECUT - INFO - mensagem de data_sz recebida: 
 {'id': 'sta5', 'dataset_sz': 1135301568}
2026-06-19 17:21:07,137 - EXECUT - INFO - mensagem de data_sz recebida: 
 {'id': 'sta4', 'dataset_sz': 436285440}
2026-06-19 17:21:07,137 - EXECUT - INFO - mensagem de data_sz recebida: 
 {'id': 'sta6', 'dataset_sz': 995528640}
2026-06-19 17:21:07,137 - EXECUT - INFO - mensagem de data_sz recebida: 
 {'id': 'sta7', 'dataset_sz': 1026684672}
2026-06-19 17:21:07,137 - EXECUT - INFO - mensagem de data_sz recebida: 
 {'id': 'sta8', 'dataset_sz': 352361088}
2026-06-19 17:21:07,137 - EXECUT - INFO - mensagem de data_sz recebida: 
 {'id': 'sta9', 'dataset_sz': 1102428672}
2026-06-19 17:21:07,137 - EXECUT - INFO - mensagem de data_sz recebida: 
 {'id': 'sta1', 'dataset_sz': 684321792}
2026-06-19 17:21:07,137 - EXECUT - INFO - mensagem de data_sz recebida: 
 {'id': 'sta17', 'dataset_sz': 1076473728}
2026-06-19 17:21:07,137 - EXECUT - INFO - mensagem de data_sz recebida: 
 {'id': 'sta15', 'dataset_sz': 786475200}
2026-06-19 17:21:07,137 - EXECUT - INFO - mensagem de data_sz recebida: 
 {'id': 'sta19', 'dataset_sz': 761378688}
2026-06-19 17:21:08,094 - METRIC - INFO - round: 1
2026-06-19 17:21:08,095 - METRIC - INFO - n_selected: 20
2026-06-19 17:21:08,095 - METRIC - INFO - {"selected_trainers": ["sta0", "sta1", "sta10", "sta11", "sta12", "sta13", "sta14", "sta15", "sta16", "sta17", "sta18", "sta19", "sta2", "sta3", "sta4", "sta5", "sta6", "sta7", "sta8", "sta9"]}
2026-06-19 17:21:17,782 - EXECUT - INFO - received weights from trainer sta16!
2026-06-19 17:21:19,344 - EXECUT - INFO - received weights from trainer sta18!
2026-06-19 17:21:19,465 - EXECUT - INFO - received weights from trainer sta8!
2026-06-19 17:21:25,115 - EXECUT - INFO - received weights from trainer sta12!
2026-06-19 17:21:25,454 - EXECUT - INFO - received weights from trainer sta19!
2026-06-19 17:21:26,078 - EXECUT - INFO - received weights from trainer sta15!
2026-06-19 17:21:26,522 - EXECUT - INFO - received weights from trainer sta13!
2026-06-19 17:21:26,867 - EXECUT - INFO - received weights from trainer sta0!
2026-06-19 17:21:29,510 - EXECUT - INFO - received weights from trainer sta10!
2026-06-19 17:21:29,531 - EXECUT - INFO - received weights from trainer sta11!
2026-06-19 17:21:29,593 - EXECUT - INFO - received weights from trainer sta14!
2026-06-19 17:21:29,670 - EXECUT - INFO - received weights from trainer sta1!
2026-06-19 17:21:29,838 - EXECUT - INFO - received weights from trainer sta4!
2026-06-19 17:21:31,264 - EXECUT - INFO - received weights from trainer sta17!
2026-06-19 17:21:33,715 - EXECUT - INFO - received weights from trainer sta2!
2026-06-19 17:21:50,239 - EXECUT - INFO - received weights from trainer sta9!
2026-06-19 17:21:50,337 - EXECUT - INFO - received weights from trainer sta7!
2026-06-19 17:21:50,382 - EXECUT - INFO - received weights from trainer sta5!
2026-06-19 17:21:50,416 - EXECUT - INFO - received weights from trainer sta3!
2026-06-19 17:21:50,451 - EXECUT - INFO - received weights from trainer sta6!
2026-06-19 17:21:51,494 - EXECUT - INFO - sent aggregated weights to trainers!
2026-06-19 17:21:52,874 - METRIC - INFO - {"loss": 0.41908469796180725, "accuracy": 0.8838210105895996, "energy_consumption": null, "selected": false, "client_name": "sta8"}
2026-06-19 17:21:53,095 - METRIC - INFO - {"loss": 0.2654589116573334, "accuracy": 0.9230346083641052, "energy_consumption": null, "selected": false, "client_name": "sta9"}
2026-06-19 17:21:53,098 - METRIC - INFO - {"loss": 0.42363858222961426, "accuracy": 0.895348846912384, "energy_consumption": null, "selected": false, "client_name": "sta18"}
2026-06-19 17:21:53,119 - METRIC - INFO - {"loss": 0.3122491240501404, "accuracy": 0.9109311699867249, "energy_consumption": null, "selected": false, "client_name": "sta10"}
2026-06-19 17:21:53,125 - METRIC - INFO - {"loss": 0.42388245463371277, "accuracy": 0.8875598311424255, "energy_consumption": null, "selected": false, "client_name": "sta16"}
2026-06-19 17:21:53,133 - METRIC - INFO - {"loss": 0.3079518973827362, "accuracy": 0.9175336956977844, "energy_consumption": null, "selected": false, "client_name": "sta15"}
2026-06-19 17:21:53,140 - METRIC - INFO - {"loss": 0.29649919271469116, "accuracy": 0.9202697277069092, "energy_consumption": null, "selected": false, "client_name": "sta11"}
2026-06-19 17:21:53,186 - METRIC - INFO - {"loss": 0.3226091265678406, "accuracy": 0.9085138440132141, "energy_consumption": null, "selected": false, "client_name": "sta13"}
2026-06-19 17:21:53,192 - METRIC - INFO - {"loss": 0.38265782594680786, "accuracy": 0.8986111283302307, "energy_consumption": null, "selected": false, "client_name": "sta4"}
2026-06-19 17:21:53,201 - METRIC - INFO - {"loss": 0.30528688430786133, "accuracy": 0.9174538254737854, "energy_consumption": null, "selected": false, "client_name": "sta12"}
2026-06-19 17:21:53,246 - METRIC - INFO - {"loss": 0.25306475162506104, "accuracy": 0.9296171069145203, "energy_consumption": null, "selected": false, "client_name": "sta17"}
2026-06-19 17:21:53,261 - METRIC - INFO - {"loss": 0.3135688006877899, "accuracy": 0.9100213050842285, "energy_consumption": null, "selected": false, "client_name": "sta14"}
2026-06-19 17:21:53,267 - METRIC - INFO - {"loss": 0.2752513885498047, "accuracy": 0.9192941784858704, "energy_consumption": null, "selected": false, "client_name": "sta3"}
2026-06-19 17:21:53,294 - METRIC - INFO - {"loss": 0.25296834111213684, "accuracy": 0.9279811382293701, "energy_consumption": null, "selected": false, "client_name": "sta7"}
2026-06-19 17:21:53,295 - METRIC - INFO - {"loss": 0.29017898440361023, "accuracy": 0.9231687784194946, "energy_consumption": null, "selected": false, "client_name": "sta19"}
2026-06-19 17:21:53,328 - METRIC - INFO - {"loss": 0.3121616244316101, "accuracy": 0.9154118895530701, "energy_consumption": null, "selected": false, "client_name": "sta1"}
2026-06-19 17:21:53,365 - METRIC - INFO - {"loss": 0.256449818611145, "accuracy": 0.9268748164176941, "energy_consumption": null, "selected": false, "client_name": "sta5"}
2026-06-19 17:21:53,370 - METRIC - INFO - {"loss": 0.24992115795612335, "accuracy": 0.9278538823127747, "energy_consumption": null, "selected": false, "client_name": "sta6"}
2026-06-19 17:21:53,380 - METRIC - INFO - {"loss": 0.31415465474128723, "accuracy": 0.9152129888534546, "energy_consumption": null, "selected": false, "client_name": "sta0"}
2026-06-19 17:21:53,670 - METRIC - INFO - {"loss": 0.2605624198913574, "accuracy": 0.9280343651771545, "energy_consumption": null, "selected": false, "client_name": "sta2"}
2026-06-19 17:21:54,497 - METRIC - INFO - mean_accuracy: 0.9143274068832398

2026-06-19 17:21:54,498 - METRIC - INFO - round: 2
2026-06-19 17:21:54,498 - METRIC - INFO - n_selected: 20
2026-06-19 17:21:54,498 - METRIC - INFO - {"selected_trainers": ["sta0", "sta1", "sta10", "sta11", "sta12", "sta13", "sta14", "sta15", "sta16", "sta17", "sta18", "sta19", "sta2", "sta3", "sta4", "sta5", "sta6", "sta7", "sta8", "sta9"]}
2026-06-19 17:22:03,694 - EXECUT - INFO - received weights from trainer sta16!
2026-06-19 17:22:05,143 - EXECUT - INFO - received weights from trainer sta18!
2026-06-19 17:22:05,386 - EXECUT - INFO - received weights from trainer sta8!
2026-06-19 17:22:10,537 - EXECUT - INFO - received weights from trainer sta14!
2026-06-19 17:22:11,057 - EXECUT - INFO - received weights from trainer sta10!
2026-06-19 17:22:15,242 - EXECUT - INFO - received weights from trainer sta1!
2026-06-19 17:22:15,262 - EXECUT - INFO - received weights from trainer sta11!
2026-06-19 17:22:15,282 - EXECUT - INFO - received weights from trainer sta0!
2026-06-19 17:22:15,302 - EXECUT - INFO - received weights from trainer sta12!
2026-06-19 17:22:15,346 - EXECUT - INFO - received weights from trainer sta13!
2026-06-19 17:22:15,414 - EXECUT - INFO - received weights from trainer sta15!
2026-06-19 17:22:15,543 - EXECUT - INFO - received weights from trainer sta19!
2026-06-19 17:22:15,575 - EXECUT - INFO - received weights from trainer sta4!
2026-06-19 17:22:16,455 - EXECUT - INFO - received weights from trainer sta7!
2026-06-19 17:22:19,726 - EXECUT - INFO - received weights from trainer sta5!
2026-06-19 17:22:36,045 - EXECUT - INFO - received weights from trainer sta17!
2026-06-19 17:22:36,093 - EXECUT - INFO - received weights from trainer sta2!
2026-06-19 17:22:36,125 - EXECUT - INFO - received weights from trainer sta3!
2026-06-19 17:22:36,176 - EXECUT - INFO - received weights from trainer sta6!
2026-06-19 17:22:36,223 - EXECUT - INFO - received weights from trainer sta9!
2026-06-19 17:22:38,172 - EXECUT - INFO - sent aggregated weights to trainers!
2026-06-19 17:22:39,316 - METRIC - INFO - {"loss": 2.244917154312134, "accuracy": 0.35223880410194397, "energy_consumption": null, "selected": false, "client_name": "sta14"}
2026-06-19 17:22:39,345 - METRIC - INFO - {"loss": 2.2076189517974854, "accuracy": 0.2955465614795685, "energy_consumption": null, "selected": false, "client_name": "sta10"}
2026-06-19 17:22:39,383 - METRIC - INFO - {"loss": 2.2957072257995605, "accuracy": 0.12134250998497009, "energy_consumption": null, "selected": false, "client_name": "sta8"}
2026-06-19 17:22:39,519 - METRIC - INFO - {"loss": 2.2948193550109863, "accuracy": 0.11403508484363556, "energy_consumption": null, "selected": false, "client_name": "sta16"}
2026-06-19 17:22:39,523 - METRIC - INFO - {"loss": 1.4216872453689575, "accuracy": 0.5911719799041748, "energy_consumption": null, "selected": false, "client_name": "sta6"}
2026-06-19 17:22:39,544 - METRIC - INFO - {"loss": 1.0559357404708862, "accuracy": 0.6905968189239502, "energy_consumption": null, "selected": false, "client_name": "sta17"}
2026-06-19 17:22:39,548 - METRIC - INFO - {"loss": 2.2015275955200195, "accuracy": 0.3780246078968048, "energy_consumption": null, "selected": false, "client_name": "sta11"}
2026-06-19 17:22:39,552 - METRIC - INFO - {"loss": 2.156606435775757, "accuracy": 0.3021194636821747, "energy_consumption": null, "selected": false, "client_name": "sta15"}
2026-06-19 17:22:39,569 - METRIC - INFO - {"loss": 2.187368154525757, "accuracy": 0.2929936349391937, "energy_consumption": null, "selected": false, "client_name": "sta19"}
2026-06-19 17:22:39,572 - METRIC - INFO - {"loss": 2.2970550060272217, "accuracy": 0.20035777986049652, "energy_consumption": null, "selected": false, "client_name": "sta18"}
2026-06-19 17:22:39,654 - METRIC - INFO - {"loss": 0.9954875707626343, "accuracy": 0.7157778739929199, "energy_consumption": null, "selected": false, "client_name": "sta9"}
2026-06-19 17:22:39,654 - METRIC - INFO - {"loss": 2.2112042903900146, "accuracy": 0.24763859808444977, "energy_consumption": null, "selected": false, "client_name": "sta12"}
2026-06-19 17:22:39,667 - METRIC - INFO - {"loss": 2.292464256286621, "accuracy": 0.11944444477558136, "energy_consumption": null, "selected": false, "client_name": "sta4"}
2026-06-19 17:22:39,681 - METRIC - INFO - {"loss": 2.0644023418426514, "accuracy": 0.2882748246192932, "energy_consumption": null, "selected": false, "client_name": "sta13"}
2026-06-19 17:22:39,724 - METRIC - INFO - {"loss": 2.2050251960754395, "accuracy": 0.29290062189102173, "energy_consumption": null, "selected": false, "client_name": "sta0"}
2026-06-19 17:22:39,753 - METRIC - INFO - {"loss": 1.2440714836120605, "accuracy": 0.6549586653709412, "energy_consumption": null, "selected": false, "client_name": "sta7"}
2026-06-19 17:22:39,790 - METRIC - INFO - {"loss": 2.2591261863708496, "accuracy": 0.2612931728363037, "energy_consumption": null, "selected": false, "client_name": "sta1"}
2026-06-19 17:22:39,856 - METRIC - INFO - {"loss": 0.9402034878730774, "accuracy": 0.7414070963859558, "energy_consumption": null, "selected": false, "client_name": "sta2"}
2026-06-19 17:22:40,139 - METRIC - INFO - {"loss": 1.158085584640503, "accuracy": 0.6679201722145081, "energy_consumption": null, "selected": false, "client_name": "sta3"}
2026-06-19 17:22:40,170 - METRIC - INFO - {"loss": 0.9148126244544983, "accuracy": 0.7488657832145691, "energy_consumption": null, "selected": false, "client_name": "sta5"}
2026-06-19 17:22:40,174 - METRIC - INFO - mean_accuracy: 0.4038454249501228

2026-06-19 17:22:40,174 - METRIC - INFO - round: 3
2026-06-19 17:22:40,174 - METRIC - INFO - n_selected: 20
2026-06-19 17:22:40,175 - METRIC - INFO - {"selected_trainers": ["sta0", "sta1", "sta10", "sta11", "sta12", "sta13", "sta14", "sta15", "sta16", "sta17", "sta18", "sta19", "sta2", "sta3", "sta4", "sta5", "sta6", "sta7", "sta8", "sta9"]}
2026-06-19 17:22:49,482 - EXECUT - INFO - received weights from trainer sta16!
2026-06-19 17:22:50,807 - EXECUT - INFO - received weights from trainer sta18!
2026-06-19 17:22:51,054 - EXECUT - INFO - received weights from trainer sta8!
2026-06-19 17:22:56,808 - EXECUT - INFO - received weights from trainer sta12!
2026-06-19 17:22:57,209 - EXECUT - INFO - received weights from trainer sta19!
2026-06-19 17:22:58,224 - EXECUT - INFO - received weights from trainer sta13!
2026-06-19 17:23:00,885 - EXECUT - INFO - received weights from trainer sta10!
2026-06-19 17:23:00,906 - EXECUT - INFO - received weights from trainer sta0!
2026-06-19 17:23:00,927 - EXECUT - INFO - received weights from trainer sta11!
2026-06-19 17:23:01,023 - EXECUT - INFO - received weights from trainer sta14!
2026-06-19 17:23:01,052 - EXECUT - INFO - received weights from trainer sta15!
2026-06-19 17:23:01,202 - EXECUT - INFO - received weights from trainer sta4!
2026-06-19 17:23:01,304 - EXECUT - INFO - received weights from trainer sta1!
2026-06-19 17:23:02,480 - EXECUT - INFO - received weights from trainer sta7!
2026-06-19 17:23:03,242 - EXECUT - INFO - received weights from trainer sta17!
2026-06-19 17:23:03,926 - EXECUT - INFO - received weights from trainer sta9!
2026-06-19 17:23:05,735 - EXECUT - INFO - received weights from trainer sta5!
2026-06-19 17:23:22,010 - EXECUT - INFO - received weights from trainer sta2!
2026-06-19 17:23:22,039 - EXECUT - INFO - received weights from trainer sta3!
2026-06-19 17:23:22,068 - EXECUT - INFO - received weights from trainer sta6!
2026-06-19 17:23:23,131 - EXECUT - INFO - sent aggregated weights to trainers!
2026-06-19 17:23:23,964 - METRIC - INFO - {"loss": 0.6808755397796631, "accuracy": 0.8130590319633484, "energy_consumption": null, "selected": false, "client_name": "sta18"}
2026-06-19 17:23:24,057 - METRIC - INFO - {"loss": 0.46602746844291687, "accuracy": 0.8671390414237976, "energy_consumption": null, "selected": false, "client_name": "sta1"}
2026-06-19 17:23:24,149 - METRIC - INFO - {"loss": 0.6525904536247253, "accuracy": 0.8192771077156067, "energy_consumption": null, "selected": false, "client_name": "sta8"}
2026-06-19 17:23:24,195 - METRIC - INFO - {"loss": 0.3788897693157196, "accuracy": 0.890599250793457, "energy_consumption": null, "selected": false, "client_name": "sta9"}
2026-06-19 17:23:24,206 - METRIC - INFO - {"loss": 0.3652116656303406, "accuracy": 0.8938626050949097, "energy_consumption": null, "selected": false, "client_name": "sta17"}
2026-06-19 17:23:24,217 - METRIC - INFO - {"loss": 0.3739011287689209, "accuracy": 0.8913813233375549, "energy_consumption": null, "selected": false, "client_name": "sta7"}
2026-06-19 17:23:24,238 - METRIC - INFO - {"loss": 0.35936984419822693, "accuracy": 0.8982276916503906, "energy_consumption": null, "selected": false, "client_name": "sta2"}
2026-06-19 17:23:24,238 - METRIC - INFO - {"loss": 0.6382604241371155, "accuracy": 0.8261563181877136, "energy_consumption": null, "selected": false, "client_name": "sta16"}
2026-06-19 17:23:24,279 - METRIC - INFO - {"loss": 0.4675440192222595, "accuracy": 0.8639675974845886, "energy_consumption": null, "selected": false, "client_name": "sta10"}
2026-06-19 17:23:24,279 - METRIC - INFO - {"loss": 0.40039241313934326, "accuracy": 0.8870624303817749, "energy_consumption": null, "selected": false, "client_name": "sta6"}
2026-06-19 17:23:24,341 - METRIC - INFO - {"loss": 0.4557056128978729, "accuracy": 0.8694044947624207, "energy_consumption": null, "selected": false, "client_name": "sta12"}
2026-06-19 17:23:24,343 - METRIC - INFO - {"loss": 0.6070488691329956, "accuracy": 0.8180555701255798, "energy_consumption": null, "selected": false, "client_name": "sta4"}
2026-06-19 17:23:24,345 - METRIC - INFO - {"loss": 0.4858081638813019, "accuracy": 0.8644511103630066, "energy_consumption": null, "selected": false, "client_name": "sta13"}
2026-06-19 17:23:24,463 - METRIC - INFO - {"loss": 0.4612833261489868, "accuracy": 0.8687028884887695, "energy_consumption": null, "selected": false, "client_name": "sta11"}
2026-06-19 17:23:24,468 - METRIC - INFO - {"loss": 0.4456782341003418, "accuracy": 0.8769904375076294, "energy_consumption": null, "selected": false, "client_name": "sta19"}
2026-06-19 17:23:24,476 - METRIC - INFO - {"loss": 0.4500223994255066, "accuracy": 0.8743737936019897, "energy_consumption": null, "selected": false, "client_name": "sta15"}
2026-06-19 17:23:24,480 - METRIC - INFO - {"loss": 0.4657554030418396, "accuracy": 0.8703624606132507, "energy_consumption": null, "selected": false, "client_name": "sta14"}
2026-06-19 17:23:24,530 - METRIC - INFO - {"loss": 0.4560428559780121, "accuracy": 0.8713995814323425, "energy_consumption": null, "selected": false, "client_name": "sta0"}
2026-06-19 17:23:24,566 - METRIC - INFO - {"loss": 0.3779108226299286, "accuracy": 0.8941278457641602, "energy_consumption": null, "selected": false, "client_name": "sta3"}
2026-06-19 17:23:24,751 - METRIC - INFO - {"loss": 0.3633022606372833, "accuracy": 0.8975180387496948, "energy_consumption": null, "selected": false, "client_name": "sta5"}
2026-06-19 17:23:25,137 - METRIC - INFO - mean_accuracy: 0.8678059309720993

2026-06-19 17:23:25,137 - METRIC - INFO - round: 4
2026-06-19 17:23:25,137 - METRIC - INFO - n_selected: 20
2026-06-19 17:23:25,137 - METRIC - INFO - {"selected_trainers": ["sta0", "sta1", "sta10", "sta11", "sta12", "sta13", "sta14", "sta15", "sta16", "sta17", "sta18", "sta19", "sta2", "sta3", "sta4", "sta5", "sta6", "sta7", "sta8", "sta9"]}
2026-06-19 17:23:33,455 - EXECUT - INFO - received weights from trainer sta18!
2026-06-19 17:23:35,732 - EXECUT - INFO - received weights from trainer sta16!
2026-06-19 17:23:36,017 - EXECUT - INFO - received weights from trainer sta8!
2026-06-19 17:23:45,850 - EXECUT - INFO - received weights from trainer sta0!
2026-06-19 17:23:45,891 - EXECUT - INFO - received weights from trainer sta10!
2026-06-19 17:23:45,912 - EXECUT - INFO - received weights from trainer sta1!
2026-06-19 17:23:45,932 - EXECUT - INFO - received weights from trainer sta11!
2026-06-19 17:23:45,952 - EXECUT - INFO - received weights from trainer sta12!
2026-06-19 17:23:45,980 - EXECUT - INFO - received weights from trainer sta13!
2026-06-19 17:23:46,000 - EXECUT - INFO - received weights from trainer sta14!
2026-06-19 17:23:46,020 - EXECUT - INFO - received weights from trainer sta15!
2026-06-19 17:23:46,149 - EXECUT - INFO - received weights from trainer sta19!
2026-06-19 17:23:46,160 - EXECUT - INFO - received weights from trainer sta4!
2026-06-19 17:23:50,329 - EXECUT - INFO - received weights from trainer sta5!
2026-06-19 17:24:06,632 - EXECUT - INFO - received weights from trainer sta17!
2026-06-19 17:24:06,672 - EXECUT - INFO - received weights from trainer sta2!
2026-06-19 17:24:06,699 - EXECUT - INFO - received weights from trainer sta3!
2026-06-19 17:24:06,755 - EXECUT - INFO - received weights from trainer sta6!
2026-06-19 17:24:06,774 - EXECUT - INFO - received weights from trainer sta7!
2026-06-19 17:24:06,828 - EXECUT - INFO - received weights from trainer sta9!
2026-06-19 17:24:08,645 - EXECUT - INFO - sent aggregated weights to trainers!
2026-06-19 17:24:09,444 - METRIC - INFO - {"loss": 0.34597525000572205, "accuracy": 0.8907057046890259, "energy_consumption": null, "selected": false, "client_name": "sta8"}
2026-06-19 17:24:09,470 - METRIC - INFO - {"loss": 0.3362928032875061, "accuracy": 0.9078711867332458, "energy_consumption": null, "selected": false, "client_name": "sta18"}
2026-06-19 17:24:09,632 - METRIC - INFO - {"loss": 0.33020853996276855, "accuracy": 0.9051036834716797, "energy_consumption": null, "selected": false, "client_name": "sta16"}
2026-06-19 17:24:09,644 - METRIC - INFO - {"loss": 0.2525871694087982, "accuracy": 0.9245495200157166, "energy_consumption": null, "selected": false, "client_name": "sta17"}
2026-06-19 17:24:09,648 - METRIC - INFO - {"loss": 0.33193299174308777, "accuracy": 0.8972222208976746, "energy_consumption": null, "selected": false, "client_name": "sta4"}
2026-06-19 17:24:09,652 - METRIC - INFO - {"loss": 0.29250383377075195, "accuracy": 0.9160031676292419, "energy_consumption": null, "selected": false, "client_name": "sta19"}
2026-06-19 17:24:09,656 - METRIC - INFO - {"loss": 0.29320698976516724, "accuracy": 0.914989709854126, "energy_consumption": null, "selected": false, "client_name": "sta12"}
2026-06-19 17:24:09,664 - METRIC - INFO - {"loss": 0.3001546561717987, "accuracy": 0.9083155393600464, "energy_consumption": null, "selected": false, "client_name": "sta14"}
2026-06-19 17:24:09,675 - METRIC - INFO - {"loss": 0.33276528120040894, "accuracy": 0.901045560836792, "energy_consumption": null, "selected": false, "client_name": "sta13"}
2026-06-19 17:24:09,684 - METRIC - INFO - {"loss": 0.2528793513774872, "accuracy": 0.9272288084030151, "energy_consumption": null, "selected": false, "client_name": "sta2"}
2026-06-19 17:24:09,732 - METRIC - INFO - {"loss": 0.25673162937164307, "accuracy": 0.9214876294136047, "energy_consumption": null, "selected": false, "client_name": "sta7"}
2026-06-19 17:24:09,732 - METRIC - INFO - {"loss": 0.26941460371017456, "accuracy": 0.9172622561454773, "energy_consumption": null, "selected": false, "client_name": "sta9"}
2026-06-19 17:24:09,752 - METRIC - INFO - {"loss": 0.26802852749824524, "accuracy": 0.92074054479599, "energy_consumption": null, "selected": false, "client_name": "sta3"}
2026-06-19 17:24:09,787 - METRIC - INFO - {"loss": 0.30075401067733765, "accuracy": 0.9107496738433838, "energy_consumption": null, "selected": false, "client_name": "sta11"}
2026-06-19 17:24:09,788 - METRIC - INFO - {"loss": 0.30374038219451904, "accuracy": 0.9085020422935486, "energy_consumption": null, "selected": false, "client_name": "sta10"}
2026-06-19 17:24:09,796 - METRIC - INFO - {"loss": 0.278867244720459, "accuracy": 0.9217656254768372, "energy_consumption": null, "selected": false, "client_name": "sta6"}
2026-06-19 17:24:09,801 - METRIC - INFO - {"loss": 0.29690831899642944, "accuracy": 0.9125241041183472, "energy_consumption": null, "selected": false, "client_name": "sta15"}
2026-06-19 17:24:09,949 - METRIC - INFO - {"loss": 0.26050838828086853, "accuracy": 0.9234054088592529, "energy_consumption": null, "selected": false, "client_name": "sta5"}
2026-06-19 17:24:09,954 - METRIC - INFO - {"loss": 0.29277676343917847, "accuracy": 0.9131975173950195, "energy_consumption": null, "selected": false, "client_name": "sta1"}
2026-06-19 17:24:09,986 - METRIC - INFO - {"loss": 0.3067067265510559, "accuracy": 0.9156186580657959, "energy_consumption": null, "selected": false, "client_name": "sta0"}
2026-06-19 17:24:10,647 - METRIC - INFO - mean_accuracy: 0.9129144281148911

2026-06-19 17:24:10,647 - METRIC - INFO - round: 5
2026-06-19 17:24:10,648 - METRIC - INFO - n_selected: 20
2026-06-19 17:24:10,648 - METRIC - INFO - {"selected_trainers": ["sta0", "sta1", "sta10", "sta11", "sta12", "sta13", "sta14", "sta15", "sta16", "sta17", "sta18", "sta19", "sta2", "sta3", "sta4", "sta5", "sta6", "sta7", "sta8", "sta9"]}
2026-06-19 17:24:21,234 - EXECUT - INFO - received weights from trainer sta16!
2026-06-19 17:24:21,270 - EXECUT - INFO - received weights from trainer sta18!
2026-06-19 17:24:21,531 - EXECUT - INFO - received weights from trainer sta8!
2026-06-19 17:24:21,659 - EXECUT - INFO - received weights from trainer sta4!
2026-06-19 17:24:27,146 - EXECUT - INFO - received weights from trainer sta10!
2026-06-19 17:24:28,589 - EXECUT - INFO - received weights from trainer sta0!
2026-06-19 17:24:31,401 - EXECUT - INFO - received weights from trainer sta11!
2026-06-19 17:24:31,422 - EXECUT - INFO - received weights from trainer sta1!
2026-06-19 17:24:31,442 - EXECUT - INFO - received weights from trainer sta12!
2026-06-19 17:24:31,510 - EXECUT - INFO - received weights from trainer sta13!
2026-06-19 17:24:31,530 - EXECUT - INFO - received weights from trainer sta14!
2026-06-19 17:24:31,551 - EXECUT - INFO - received weights from trainer sta15!
2026-06-19 17:24:31,639 - EXECUT - INFO - received weights from trainer sta19!
2026-06-19 17:24:32,573 - EXECUT - INFO - received weights from trainer sta7!
2026-06-19 17:24:52,164 - EXECUT - INFO - received weights from trainer sta17!
2026-06-19 17:24:52,196 - EXECUT - INFO - received weights from trainer sta2!
2026-06-19 17:24:52,227 - EXECUT - INFO - received weights from trainer sta3!
2026-06-19 17:24:52,248 - EXECUT - INFO - received weights from trainer sta5!
2026-06-19 17:24:52,269 - EXECUT - INFO - received weights from trainer sta6!
2026-06-19 17:24:52,340 - EXECUT - INFO - received weights from trainer sta9!
2026-06-19 17:24:54,155 - EXECUT - INFO - sent aggregated weights to trainers!
2026-06-19 17:24:54,933 - METRIC - INFO - {"loss": 0.25271594524383545, "accuracy": 0.9234079122543335, "energy_consumption": null, "selected": false, "client_name": "sta8"}
2026-06-19 17:24:55,112 - METRIC - INFO - {"loss": 0.2291906476020813, "accuracy": 0.9364937543869019, "energy_consumption": null, "selected": false, "client_name": "sta18"}
2026-06-19 17:24:55,112 - METRIC - INFO - {"loss": 0.21832020580768585, "accuracy": 0.9378980994224548, "energy_consumption": null, "selected": false, "client_name": "sta19"}
2026-06-19 17:24:55,119 - METRIC - INFO - {"loss": 0.24125973880290985, "accuracy": 0.9346092343330383, "energy_consumption": null, "selected": false, "client_name": "sta16"}
2026-06-19 17:24:55,129 - METRIC - INFO - {"loss": 0.2177715301513672, "accuracy": 0.9388090372085571, "energy_consumption": null, "selected": false, "client_name": "sta12"}
2026-06-19 17:24:55,138 - METRIC - INFO - {"loss": 0.24527573585510254, "accuracy": 0.9222221970558167, "energy_consumption": null, "selected": false, "client_name": "sta4"}
2026-06-19 17:24:55,153 - METRIC - INFO - {"loss": 0.2461550384759903, "accuracy": 0.9264376163482666, "energy_consumption": null, "selected": false, "client_name": "sta13"}
2026-06-19 17:24:55,170 - METRIC - INFO - {"loss": 0.19111180305480957, "accuracy": 0.9459459185600281, "energy_consumption": null, "selected": false, "client_name": "sta17"}
2026-06-19 17:24:55,182 - METRIC - INFO - {"loss": 0.2023889571428299, "accuracy": 0.9345794320106506, "energy_consumption": null, "selected": false, "client_name": "sta9"}
2026-06-19 17:24:55,228 - METRIC - INFO - {"loss": 0.1907525211572647, "accuracy": 0.9400826692581177, "energy_consumption": null, "selected": false, "client_name": "sta7"}
2026-06-19 17:24:55,230 - METRIC - INFO - {"loss": 0.20188339054584503, "accuracy": 0.9380966424942017, "energy_consumption": null, "selected": false, "client_name": "sta3"}
2026-06-19 17:24:55,288 - METRIC - INFO - {"loss": 0.2198229730129242, "accuracy": 0.9313764572143555, "energy_consumption": null, "selected": false, "client_name": "sta11"}
2026-06-19 17:24:55,293 - METRIC - INFO - {"loss": 0.22096647322177887, "accuracy": 0.9330490231513977, "energy_consumption": null, "selected": false, "client_name": "sta14"}
2026-06-19 17:24:55,293 - METRIC - INFO - {"loss": 0.21902000904083252, "accuracy": 0.9348747730255127, "energy_consumption": null, "selected": false, "client_name": "sta15"}
2026-06-19 17:24:55,296 - METRIC - INFO - {"loss": 0.22230865061283112, "accuracy": 0.9352226853370667, "energy_consumption": null, "selected": false, "client_name": "sta10"}
2026-06-19 17:24:55,327 - METRIC - INFO - {"loss": 0.2260264754295349, "accuracy": 0.9342465996742249, "energy_consumption": null, "selected": false, "client_name": "sta6"}
2026-06-19 17:24:55,449 - METRIC - INFO - {"loss": 0.21668791770935059, "accuracy": 0.9335695505142212, "energy_consumption": null, "selected": false, "client_name": "sta1"}
2026-06-19 17:24:55,510 - METRIC - INFO - {"loss": 0.23194193840026855, "accuracy": 0.9346855878829956, "energy_consumption": null, "selected": false, "client_name": "sta0"}
2026-06-19 17:24:55,520 - METRIC - INFO - {"loss": 0.19161738455295563, "accuracy": 0.9444146156311035, "energy_consumption": null, "selected": false, "client_name": "sta2"}
2026-06-19 17:24:55,745 - METRIC - INFO - {"loss": 0.1943577229976654, "accuracy": 0.9378169178962708, "energy_consumption": null, "selected": false, "client_name": "sta5"}
2026-06-19 17:24:56,158 - METRIC - INFO - mean_accuracy: 0.9348919361829757

2026-06-19 17:24:56,163 - METRIC - INFO - stop_condition: rounds
