2026-06-25 09:38:59,661 - EXECUT - INFO - starting server...
2026-06-25 09:39:04,293 - EXECUT - INFO - trainer number sta0 just joined the pool
2026-06-25 09:39:04,455 - EXECUT - INFO - trainer number sta1 just joined the pool
2026-06-25 09:39:04,501 - EXECUT - INFO - trainer number sta2 just joined the pool
2026-06-25 09:39:04,543 - EXECUT - INFO - trainer number sta4 just joined the pool
2026-06-25 09:39:04,544 - EXECUT - INFO - trainer number sta5 just joined the pool
2026-06-25 09:39:04,544 - EXECUT - INFO - trainer number sta3 just joined the pool
2026-06-25 09:39:04,552 - EXECUT - INFO - trainer number sta6 just joined the pool
2026-06-25 09:39:04,602 - EXECUT - INFO - trainer number sta7 just joined the pool
2026-06-25 09:39:04,873 - EXECUT - INFO - trainer number sta9 just joined the pool
2026-06-25 09:39:04,914 - EXECUT - INFO - trainer number sta10 just joined the pool
2026-06-25 09:39:04,914 - EXECUT - INFO - trainer number sta8 just joined the pool
2026-06-25 09:39:05,671 - EXECUT - INFO - mensagem de data_sz recebida: 
 {'id': 'sta0', 'dataset_sz': 432851712}
2026-06-25 09:39:05,671 - EXECUT - INFO - mensagem de data_sz recebida: 
 {'id': 'sta1', 'dataset_sz': 432851712}
2026-06-25 09:39:05,671 - EXECUT - INFO - mensagem de data_sz recebida: 
 {'id': 'sta2', 'dataset_sz': 432851712}
2026-06-25 09:39:05,671 - EXECUT - INFO - mensagem de data_sz recebida: 
 {'id': 'sta3', 'dataset_sz': 432851712}
2026-06-25 09:39:05,671 - EXECUT - INFO - mensagem de data_sz recebida: 
 {'id': 'sta4', 'dataset_sz': 432851712}
2026-06-25 09:39:05,671 - EXECUT - INFO - mensagem de data_sz recebida: 
 {'id': 'sta10', 'dataset_sz': 432851712}
2026-06-25 09:39:05,671 - EXECUT - INFO - mensagem de data_sz recebida: 
 {'id': 'sta5', 'dataset_sz': 432851712}
2026-06-25 09:39:05,671 - EXECUT - INFO - mensagem de data_sz recebida: 
 {'id': 'sta6', 'dataset_sz': 432851712}
2026-06-25 09:39:05,671 - EXECUT - INFO - mensagem de data_sz recebida: 
 {'id': 'sta7', 'dataset_sz': 432851712}
2026-06-25 09:39:05,671 - EXECUT - INFO - mensagem de data_sz recebida: 
 {'id': 'sta9', 'dataset_sz': 432851712}
2026-06-25 09:39:05,712 - EXECUT - INFO - mensagem de data_sz recebida: 
 {'id': 'sta8', 'dataset_sz': 432851712}
2026-06-25 09:39:06,671 - METRIC - INFO - round: 1
2026-06-25 09:39:06,672 - METRIC - INFO - n_selected: 11
2026-06-25 09:39:06,672 - METRIC - INFO - {"selected_trainers": ["sta0", "sta1", "sta10", "sta2", "sta3", "sta4", "sta5", "sta6", "sta7", "sta8", "sta9"]}
2026-06-25 09:39:22,457 - EXECUT - INFO - received weights from trainer sta0!
2026-06-25 09:39:22,539 - EXECUT - INFO - received weights from trainer sta5!
2026-06-25 09:39:22,747 - EXECUT - INFO - received weights from trainer sta3!
2026-06-25 09:39:25,972 - EXECUT - INFO - received weights from trainer sta9!
2026-06-25 09:39:26,029 - EXECUT - INFO - received weights from trainer sta10!
2026-06-25 09:39:26,084 - EXECUT - INFO - received weights from trainer sta8!
2026-06-25 09:39:28,724 - EXECUT - INFO - received weights from trainer sta2!
2026-06-25 09:39:28,777 - EXECUT - INFO - received weights from trainer sta7!
2026-06-25 09:39:28,823 - EXECUT - INFO - received weights from trainer sta1!
2026-06-25 09:39:28,870 - EXECUT - INFO - received weights from trainer sta6!
2026-06-25 09:39:28,916 - EXECUT - INFO - received weights from trainer sta4!
2026-06-25 09:39:30,834 - EXECUT - INFO - sent aggregated weights to trainers!
2026-06-25 09:39:32,201 - METRIC - INFO - {"loss": 0.38088923692703247, "accuracy": 0.9047619104385376, "energy_consumption": null, "selected": false, "client_name": "sta4"}
2026-06-25 09:39:32,203 - METRIC - INFO - {"loss": 0.4138427972793579, "accuracy": 0.8844537734985352, "energy_consumption": null, "selected": false, "client_name": "sta5"}
2026-06-25 09:39:32,206 - METRIC - INFO - {"loss": 0.39806491136550903, "accuracy": 0.8921568393707275, "energy_consumption": null, "selected": false, "client_name": "sta7"}
2026-06-25 09:39:32,215 - METRIC - INFO - {"loss": 0.38222649693489075, "accuracy": 0.8984593749046326, "energy_consumption": null, "selected": false, "client_name": "sta1"}
2026-06-25 09:39:32,222 - METRIC - INFO - {"loss": 0.40384441614151, "accuracy": 0.8893557190895081, "energy_consumption": null, "selected": false, "client_name": "sta2"}
2026-06-25 09:39:32,222 - METRIC - INFO - {"loss": 0.3917480707168579, "accuracy": 0.8928571343421936, "energy_consumption": null, "selected": false, "client_name": "sta3"}
2026-06-25 09:39:32,291 - METRIC - INFO - {"loss": 0.3875361382961273, "accuracy": 0.894957959651947, "energy_consumption": null, "selected": false, "client_name": "sta6"}
2026-06-25 09:39:32,302 - METRIC - INFO - {"loss": 0.41417375206947327, "accuracy": 0.9040616154670715, "energy_consumption": null, "selected": false, "client_name": "sta0"}
2026-06-25 09:39:32,308 - METRIC - INFO - {"loss": 0.38226082921028137, "accuracy": 0.8984593749046326, "energy_consumption": null, "selected": false, "client_name": "sta10"}
2026-06-25 09:39:32,324 - METRIC - INFO - {"loss": 0.3745175302028656, "accuracy": 0.9082633256912231, "energy_consumption": null, "selected": false, "client_name": "sta9"}
2026-06-25 09:39:32,332 - METRIC - INFO - {"loss": 0.39497071504592896, "accuracy": 0.8977590799331665, "energy_consumption": null, "selected": false, "client_name": "sta8"}
2026-06-25 09:39:32,837 - METRIC - INFO - mean_accuracy: 0.8968678279356523

2026-06-25 09:39:32,837 - METRIC - INFO - round: 2
2026-06-25 09:39:32,837 - METRIC - INFO - n_selected: 11
2026-06-25 09:39:32,837 - METRIC - INFO - {"selected_trainers": ["sta0", "sta1", "sta10", "sta2", "sta3", "sta4", "sta5", "sta6", "sta7", "sta8", "sta9"]}
2026-06-25 09:39:39,767 - EXECUT - INFO - received weights from trainer sta5!
2026-06-25 09:39:39,790 - EXECUT - INFO - received weights from trainer sta6!
2026-06-25 09:39:39,812 - EXECUT - INFO - received weights from trainer sta4!
2026-06-25 09:39:39,834 - EXECUT - INFO - received weights from trainer sta3!
2026-06-25 09:39:39,856 - EXECUT - INFO - received weights from trainer sta2!
2026-06-25 09:39:39,878 - EXECUT - INFO - received weights from trainer sta7!
2026-06-25 09:39:39,900 - EXECUT - INFO - received weights from trainer sta0!
2026-06-25 09:39:39,922 - EXECUT - INFO - received weights from trainer sta1!
2026-06-25 09:39:41,050 - EXECUT - INFO - received weights from trainer sta8!
2026-06-25 09:39:41,078 - EXECUT - INFO - received weights from trainer sta9!
2026-06-25 09:39:41,112 - EXECUT - INFO - received weights from trainer sta10!
2026-06-25 09:39:42,352 - EXECUT - INFO - sent aggregated weights to trainers!
2026-06-25 09:39:42,866 - METRIC - INFO - {"loss": 2.265336513519287, "accuracy": 0.3207283020019531, "energy_consumption": null, "selected": false, "client_name": "sta5"}
2026-06-25 09:39:42,876 - METRIC - INFO - {"loss": 2.266385078430176, "accuracy": 0.29901960492134094, "energy_consumption": null, "selected": false, "client_name": "sta2"}
2026-06-25 09:39:42,900 - METRIC - INFO - {"loss": 2.265531063079834, "accuracy": 0.331232488155365, "energy_consumption": null, "selected": false, "client_name": "sta7"}
2026-06-25 09:39:42,902 - METRIC - INFO - {"loss": 2.266087770462036, "accuracy": 0.2689075767993927, "energy_consumption": null, "selected": false, "client_name": "sta6"}
2026-06-25 09:39:42,906 - METRIC - INFO - {"loss": 2.263059377670288, "accuracy": 0.3613445460796356, "energy_consumption": null, "selected": false, "client_name": "sta3"}
2026-06-25 09:39:42,938 - METRIC - INFO - {"loss": 2.266890287399292, "accuracy": 0.30112046003341675, "energy_consumption": null, "selected": false, "client_name": "sta0"}
2026-06-25 09:39:42,939 - METRIC - INFO - {"loss": 2.2615935802459717, "accuracy": 0.2955182194709778, "energy_consumption": null, "selected": false, "client_name": "sta1"}
2026-06-25 09:39:42,956 - METRIC - INFO - {"loss": 2.2650561332702637, "accuracy": 0.3165266215801239, "energy_consumption": null, "selected": false, "client_name": "sta4"}
2026-06-25 09:39:42,984 - METRIC - INFO - {"loss": 2.2664241790771484, "accuracy": 0.24719887971878052, "energy_consumption": null, "selected": false, "client_name": "sta9"}
2026-06-25 09:39:42,989 - METRIC - INFO - {"loss": 2.267765522003174, "accuracy": 0.41246497631073, "energy_consumption": null, "selected": false, "client_name": "sta10"}
2026-06-25 09:39:42,993 - METRIC - INFO - {"loss": 2.2648885250091553, "accuracy": 0.4096638560295105, "energy_consumption": null, "selected": false, "client_name": "sta8"}
2026-06-25 09:39:43,354 - METRIC - INFO - mean_accuracy: 0.3239750482819297

2026-06-25 09:39:43,354 - METRIC - INFO - round: 3
2026-06-25 09:39:43,354 - METRIC - INFO - n_selected: 11
2026-06-25 09:39:43,354 - METRIC - INFO - {"selected_trainers": ["sta0", "sta1", "sta10", "sta2", "sta3", "sta4", "sta5", "sta6", "sta7", "sta8", "sta9"]}
2026-06-25 09:39:48,441 - EXECUT - INFO - received weights from trainer sta3!
2026-06-25 09:39:48,484 - EXECUT - INFO - received weights from trainer sta4!
2026-06-25 09:39:48,505 - EXECUT - INFO - received weights from trainer sta2!
2026-06-25 09:39:48,524 - EXECUT - INFO - received weights from trainer sta1!
2026-06-25 09:39:48,543 - EXECUT - INFO - received weights from trainer sta6!
2026-06-25 09:39:48,560 - EXECUT - INFO - received weights from trainer sta5!
2026-06-25 09:39:48,575 - EXECUT - INFO - received weights from trainer sta0!
2026-06-25 09:39:48,589 - EXECUT - INFO - received weights from trainer sta7!
2026-06-25 09:39:49,210 - EXECUT - INFO - received weights from trainer sta9!
2026-06-25 09:39:49,250 - EXECUT - INFO - received weights from trainer sta8!
2026-06-25 09:39:49,277 - EXECUT - INFO - received weights from trainer sta10!
2026-06-25 09:39:49,672 - EXECUT - INFO - sent aggregated weights to trainers!
2026-06-25 09:39:49,985 - METRIC - INFO - {"loss": 0.8905752301216125, "accuracy": 0.7485994100570679, "energy_consumption": null, "selected": false, "client_name": "sta0"}
2026-06-25 09:39:49,998 - METRIC - INFO - {"loss": 0.8777790069580078, "accuracy": 0.7429971694946289, "energy_consumption": null, "selected": false, "client_name": "sta5"}
2026-06-25 09:39:49,999 - METRIC - INFO - {"loss": 0.8442777991294861, "accuracy": 0.767507016658783, "energy_consumption": null, "selected": false, "client_name": "sta1"}
2026-06-25 09:39:49,999 - METRIC - INFO - {"loss": 0.833819568157196, "accuracy": 0.7710084319114685, "energy_consumption": null, "selected": false, "client_name": "sta4"}
2026-06-25 09:39:50,017 - METRIC - INFO - {"loss": 0.8757779598236084, "accuracy": 0.7598039507865906, "energy_consumption": null, "selected": false, "client_name": "sta7"}
2026-06-25 09:39:50,022 - METRIC - INFO - {"loss": 0.8650851845741272, "accuracy": 0.761904776096344, "energy_consumption": null, "selected": false, "client_name": "sta2"}
2026-06-25 09:39:50,070 - METRIC - INFO - {"loss": 0.8495178818702698, "accuracy": 0.7801120281219482, "energy_consumption": null, "selected": false, "client_name": "sta3"}
2026-06-25 09:39:50,071 - METRIC - INFO - {"loss": 0.8438596129417419, "accuracy": 0.7787114977836609, "energy_consumption": null, "selected": false, "client_name": "sta6"}
2026-06-25 09:39:50,092 - METRIC - INFO - {"loss": 0.8483135104179382, "accuracy": 0.7668067216873169, "energy_consumption": null, "selected": false, "client_name": "sta9"}
2026-06-25 09:39:50,096 - METRIC - INFO - {"loss": 0.8622575998306274, "accuracy": 0.7703081369400024, "energy_consumption": null, "selected": false, "client_name": "sta8"}
2026-06-25 09:39:50,104 - METRIC - INFO - {"loss": 0.85148686170578, "accuracy": 0.7745097875595093, "energy_consumption": null, "selected": false, "client_name": "sta10"}
2026-06-25 09:39:50,674 - METRIC - INFO - mean_accuracy: 0.7656608115543019

2026-06-25 09:39:50,677 - METRIC - INFO - stop_condition: rounds
