2026-06-12 11:40:09,764 - EXECUT - INFO - starting server...
2026-06-12 11:40:14,214 - EXECUT - INFO - trainer number sta2 just joined the pool
2026-06-12 11:40:14,215 - EXECUT - INFO - trainer number sta1 just joined the pool
2026-06-12 11:40:14,215 - EXECUT - INFO - trainer number sta0 just joined the pool
2026-06-12 11:40:14,258 - EXECUT - INFO - trainer number sta3 just joined the pool
2026-06-12 11:40:14,377 - EXECUT - INFO - trainer number sta5 just joined the pool
2026-06-12 11:40:14,377 - EXECUT - INFO - trainer number sta6 just joined the pool
2026-06-12 11:40:14,420 - EXECUT - INFO - trainer number sta7 just joined the pool
2026-06-12 11:40:14,463 - EXECUT - INFO - trainer number sta4 just joined the pool
2026-06-12 11:40:15,670 - EXECUT - INFO - trainer number sta8 just joined the pool
2026-06-12 11:40:15,712 - EXECUT - INFO - trainer number sta10 just joined the pool
2026-06-12 11:40:15,714 - EXECUT - INFO - trainer number sta14 just joined the pool
2026-06-12 11:40:15,755 - EXECUT - INFO - trainer number sta9 just joined the pool
2026-06-12 11:40:15,755 - EXECUT - INFO - trainer number sta12 just joined the pool
2026-06-12 11:40:15,760 - EXECUT - INFO - trainer number sta11 just joined the pool
2026-06-12 11:40:15,803 - EXECUT - INFO - trainer number sta13 just joined the pool
2026-06-12 11:40:15,803 - EXECUT - INFO - trainer number sta15 just joined the pool
2026-06-12 11:40:15,815 - EXECUT - INFO - trainer number sta20 just joined the pool
2026-06-12 11:40:15,817 - EXECUT - INFO - trainer number sta21 just joined the pool
2026-06-12 11:40:15,859 - EXECUT - INFO - trainer number sta17 just joined the pool
2026-06-12 11:40:15,901 - EXECUT - INFO - trainer number sta16 just joined the pool
2026-06-12 11:40:15,944 - EXECUT - INFO - trainer number sta18 just joined the pool
2026-06-12 11:40:15,987 - EXECUT - INFO - trainer number sta19 just joined the pool
2026-06-12 11:40:16,777 - EXECUT - INFO - mensagem de data_sz recebida: 
 {'id': 'sta0', 'dataset_sz': 432851712}
2026-06-12 11:40:16,778 - EXECUT - INFO - mensagem de data_sz recebida: 
 {'id': 'sta1', 'dataset_sz': 432851712}
2026-06-12 11:40:16,784 - EXECUT - INFO - mensagem de data_sz recebida: 
 {'id': 'sta11', 'dataset_sz': 432851712}
2026-06-12 11:40:16,784 - EXECUT - INFO - mensagem de data_sz recebida: 
 {'id': 'sta10', 'dataset_sz': 432851712}
2026-06-12 11:40:16,784 - EXECUT - INFO - mensagem de data_sz recebida: 
 {'id': 'sta12', 'dataset_sz': 432851712}
2026-06-12 11:40:16,784 - EXECUT - INFO - mensagem de data_sz recebida: 
 {'id': 'sta13', 'dataset_sz': 432851712}
2026-06-12 11:40:16,784 - EXECUT - INFO - mensagem de data_sz recebida: 
 {'id': 'sta14', 'dataset_sz': 432851712}
2026-06-12 11:40:16,784 - EXECUT - INFO - mensagem de data_sz recebida: 
 {'id': 'sta15', 'dataset_sz': 432851712}
2026-06-12 11:40:16,784 - EXECUT - INFO - mensagem de data_sz recebida: 
 {'id': 'sta16', 'dataset_sz': 432851712}
2026-06-12 11:40:16,784 - EXECUT - INFO - mensagem de data_sz recebida: 
 {'id': 'sta17', 'dataset_sz': 432851712}
2026-06-12 11:40:16,784 - EXECUT - INFO - mensagem de data_sz recebida: 
 {'id': 'sta18', 'dataset_sz': 432851712}
2026-06-12 11:40:16,784 - EXECUT - INFO - mensagem de data_sz recebida: 
 {'id': 'sta2', 'dataset_sz': 432851712}
2026-06-12 11:40:16,784 - EXECUT - INFO - mensagem de data_sz recebida: 
 {'id': 'sta20', 'dataset_sz': 432851712}
2026-06-12 11:40:16,785 - EXECUT - INFO - mensagem de data_sz recebida: 
 {'id': 'sta21', 'dataset_sz': 432851712}
2026-06-12 11:40:16,785 - EXECUT - INFO - mensagem de data_sz recebida: 
 {'id': 'sta3', 'dataset_sz': 432851712}
2026-06-12 11:40:16,785 - EXECUT - INFO - mensagem de data_sz recebida: 
 {'id': 'sta4', 'dataset_sz': 432851712}
2026-06-12 11:40:16,785 - EXECUT - INFO - mensagem de data_sz recebida: 
 {'id': 'sta5', 'dataset_sz': 432851712}
2026-06-12 11:40:16,785 - EXECUT - INFO - mensagem de data_sz recebida: 
 {'id': 'sta6', 'dataset_sz': 432851712}
2026-06-12 11:40:16,785 - EXECUT - INFO - mensagem de data_sz recebida: 
 {'id': 'sta7', 'dataset_sz': 432851712}
2026-06-12 11:40:16,785 - EXECUT - INFO - mensagem de data_sz recebida: 
 {'id': 'sta8', 'dataset_sz': 432851712}
2026-06-12 11:40:16,785 - EXECUT - INFO - mensagem de data_sz recebida: 
 {'id': 'sta19', 'dataset_sz': 432851712}
2026-06-12 11:40:16,785 - EXECUT - INFO - mensagem de data_sz recebida: 
 {'id': 'sta9', 'dataset_sz': 432851712}
2026-06-12 11:40:17,777 - METRIC - INFO - round: 1
2026-06-12 11:40:17,777 - METRIC - INFO - n_selected: 22
2026-06-12 11:40:17,777 - METRIC - INFO - {"selected_trainers": ["sta0", "sta1", "sta10", "sta11", "sta12", "sta13", "sta14", "sta15", "sta16", "sta17", "sta18", "sta19", "sta2", "sta20", "sta21", "sta3", "sta4", "sta5", "sta6", "sta7", "sta8", "sta9"]}
2026-06-12 11:40:29,606 - EXECUT - INFO - received weights from trainer sta0!
2026-06-12 11:40:31,394 - EXECUT - INFO - received weights from trainer sta2!
2026-06-12 11:40:33,586 - EXECUT - INFO - received weights from trainer sta7!
2026-06-12 11:40:34,367 - EXECUT - INFO - received weights from trainer sta6!
2026-06-12 11:40:35,208 - EXECUT - INFO - received weights from trainer sta12!
2026-06-12 11:40:36,878 - EXECUT - INFO - received weights from trainer sta4!
2026-06-12 11:40:39,661 - EXECUT - INFO - received weights from trainer sta14!
2026-06-12 11:40:41,783 - EXECUT - INFO - received weights from trainer sta11!
2026-06-12 11:40:42,368 - EXECUT - INFO - received weights from trainer sta16!
2026-06-12 11:40:45,394 - EXECUT - INFO - received weights from trainer sta20!
2026-06-12 11:40:45,888 - EXECUT - INFO - received weights from trainer sta1!
2026-06-12 11:40:49,182 - EXECUT - INFO - received weights from trainer sta10!
