2026-06-12 11:43:03,267 - EXECUT - INFO - starting server...
2026-06-12 11:43:07,432 - EXECUT - INFO - trainer number sta2 just joined the pool
2026-06-12 11:43:07,511 - EXECUT - INFO - trainer number sta0 just joined the pool
2026-06-12 11:43:07,554 - EXECUT - INFO - trainer number sta1 just joined the pool
2026-06-12 11:43:07,605 - EXECUT - INFO - trainer number sta3 just joined the pool
2026-06-12 11:43:07,648 - EXECUT - INFO - trainer number sta5 just joined the pool
2026-06-12 11:43:07,648 - EXECUT - INFO - trainer number sta4 just joined the pool
2026-06-12 11:43:07,686 - EXECUT - INFO - trainer number sta6 just joined the pool
2026-06-12 11:43:07,686 - EXECUT - INFO - trainer number sta7 just joined the pool
2026-06-12 11:43:08,831 - EXECUT - INFO - trainer number sta8 just joined the pool
2026-06-12 11:43:08,873 - EXECUT - INFO - trainer number sta10 just joined the pool
2026-06-12 11:43:08,916 - EXECUT - INFO - trainer number sta12 just joined the pool
2026-06-12 11:43:08,916 - EXECUT - INFO - trainer number sta9 just joined the pool
2026-06-12 11:43:08,916 - EXECUT - INFO - trainer number sta11 just joined the pool
2026-06-12 11:43:08,916 - EXECUT - INFO - trainer number sta13 just joined the pool
2026-06-12 11:43:08,985 - EXECUT - INFO - trainer number sta14 just joined the pool
2026-06-12 11:43:09,045 - EXECUT - INFO - trainer number sta15 just joined the pool
2026-06-12 11:43:09,088 - EXECUT - INFO - trainer number sta18 just joined the pool
2026-06-12 11:43:09,088 - EXECUT - INFO - trainer number sta19 just joined the pool
2026-06-12 11:43:09,096 - EXECUT - INFO - trainer number sta16 just joined the pool
2026-06-12 11:43:09,139 - EXECUT - INFO - trainer number sta17 just joined the pool
2026-06-12 11:43:09,277 - EXECUT - INFO - mensagem de data_sz recebida: 
 {'id': 'sta0', 'dataset_sz': 432851712}
2026-06-12 11:43:09,278 - EXECUT - INFO - mensagem de data_sz recebida: 
 {'id': 'sta1', 'dataset_sz': 432851712}
2026-06-12 11:43:09,319 - EXECUT - INFO - mensagem de data_sz recebida: 
 {'id': 'sta10', 'dataset_sz': 432851712}
2026-06-12 11:43:09,319 - EXECUT - INFO - mensagem de data_sz recebida: 
 {'id': 'sta11', 'dataset_sz': 432851712}
2026-06-12 11:43:09,319 - EXECUT - INFO - mensagem de data_sz recebida: 
 {'id': 'sta12', 'dataset_sz': 432851712}
2026-06-12 11:43:09,319 - EXECUT - INFO - mensagem de data_sz recebida: 
 {'id': 'sta13', 'dataset_sz': 432851712}
2026-06-12 11:43:09,320 - EXECUT - INFO - mensagem de data_sz recebida: 
 {'id': 'sta14', 'dataset_sz': 432851712}
2026-06-12 11:43:09,320 - EXECUT - INFO - mensagem de data_sz recebida: 
 {'id': 'sta15', 'dataset_sz': 432851712}
2026-06-12 11:43:09,320 - EXECUT - INFO - mensagem de data_sz recebida: 
 {'id': 'sta16', 'dataset_sz': 432851712}
2026-06-12 11:43:09,320 - EXECUT - INFO - mensagem de data_sz recebida: 
 {'id': 'sta18', 'dataset_sz': 432851712}
2026-06-12 11:43:09,320 - EXECUT - INFO - mensagem de data_sz recebida: 
 {'id': 'sta19', 'dataset_sz': 432851712}
2026-06-12 11:43:09,320 - EXECUT - INFO - mensagem de data_sz recebida: 
 {'id': 'sta2', 'dataset_sz': 432851712}
2026-06-12 11:43:09,320 - EXECUT - INFO - mensagem de data_sz recebida: 
 {'id': 'sta3', 'dataset_sz': 432851712}
2026-06-12 11:43:09,320 - EXECUT - INFO - mensagem de data_sz recebida: 
 {'id': 'sta4', 'dataset_sz': 432851712}
2026-06-12 11:43:09,320 - EXECUT - INFO - mensagem de data_sz recebida: 
 {'id': 'sta5', 'dataset_sz': 432851712}
2026-06-12 11:43:09,320 - EXECUT - INFO - mensagem de data_sz recebida: 
 {'id': 'sta7', 'dataset_sz': 432851712}
2026-06-12 11:43:09,320 - EXECUT - INFO - mensagem de data_sz recebida: 
 {'id': 'sta8', 'dataset_sz': 432851712}
2026-06-12 11:43:09,320 - EXECUT - INFO - mensagem de data_sz recebida: 
 {'id': 'sta9', 'dataset_sz': 432851712}
2026-06-12 11:43:09,320 - EXECUT - INFO - mensagem de data_sz recebida: 
 {'id': 'sta17', 'dataset_sz': 432851712}
2026-06-12 11:43:09,320 - EXECUT - INFO - mensagem de data_sz recebida: 
 {'id': 'sta6', 'dataset_sz': 432851712}
2026-06-12 11:43:10,277 - METRIC - INFO - round: 1
2026-06-12 11:43:10,277 - METRIC - INFO - n_selected: 20
2026-06-12 11:43:10,277 - METRIC - INFO - {"selected_trainers": ["sta0", "sta1", "sta10", "sta11", "sta12", "sta13", "sta14", "sta15", "sta16", "sta17", "sta18", "sta19", "sta2", "sta3", "sta4", "sta5", "sta6", "sta7", "sta8", "sta9"]}
2026-06-12 11:43:20,089 - EXECUT - INFO - received weights from trainer sta0!
2026-06-12 11:43:23,616 - EXECUT - INFO - received weights from trainer sta2!
2026-06-12 11:43:25,985 - EXECUT - INFO - received weights from trainer sta17!
2026-06-12 11:43:28,788 - EXECUT - INFO - received weights from trainer sta18!
2026-06-12 11:43:29,358 - EXECUT - INFO - received weights from trainer sta12!
2026-06-12 11:43:33,480 - EXECUT - INFO - received weights from trainer sta16!
2026-06-12 11:43:36,271 - EXECUT - INFO - received weights from trainer sta4!
2026-06-12 11:43:37,719 - EXECUT - INFO - received weights from trainer sta6!
2026-06-12 11:43:40,386 - EXECUT - INFO - received weights from trainer sta1!
2026-06-12 11:43:42,010 - EXECUT - INFO - received weights from trainer sta14!
2026-06-12 11:43:43,893 - EXECUT - INFO - received weights from trainer sta10!
2026-06-12 11:43:44,467 - EXECUT - INFO - received weights from trainer sta8!
2026-06-12 11:43:45,305 - EXECUT - INFO - received weights from trainer sta13!
2026-06-12 11:43:48,560 - EXECUT - INFO - received weights from trainer sta19!
2026-06-12 11:43:48,703 - EXECUT - INFO - received weights from trainer sta5!
2026-06-12 11:43:49,065 - EXECUT - INFO - received weights from trainer sta15!
2026-06-12 11:43:51,424 - EXECUT - INFO - received weights from trainer sta7!
2026-06-12 11:43:53,599 - EXECUT - INFO - received weights from trainer sta3!
2026-06-12 11:43:55,064 - EXECUT - INFO - received weights from trainer sta9!
2026-06-12 11:43:56,163 - EXECUT - INFO - received weights from trainer sta11!
2026-06-12 11:43:57,468 - EXECUT - INFO - sent aggregated weights to trainers!
