2026-06-17 12:33:53,714 - EXECUT - INFO - starting server...
2026-06-17 12:33:57,951 - EXECUT - INFO - trainer number sta1 just joined the pool
2026-06-17 12:33:57,994 - EXECUT - INFO - trainer number sta0 just joined the pool
2026-06-17 12:33:57,994 - EXECUT - INFO - trainer number sta2 just joined the pool
2026-06-17 12:33:57,994 - EXECUT - INFO - trainer number sta3 just joined the pool
2026-06-17 12:33:58,078 - EXECUT - INFO - trainer number sta4 just joined the pool
2026-06-17 12:33:58,078 - EXECUT - INFO - trainer number sta6 just joined the pool
2026-06-17 12:33:58,078 - EXECUT - INFO - trainer number sta5 just joined the pool
2026-06-17 12:33:58,131 - EXECUT - INFO - trainer number sta7 just joined the pool
2026-06-17 12:33:59,285 - EXECUT - INFO - trainer number sta9 just joined the pool
2026-06-17 12:33:59,332 - EXECUT - INFO - trainer number sta10 just joined the pool
2026-06-17 12:33:59,375 - EXECUT - INFO - trainer number sta8 just joined the pool
2026-06-17 12:33:59,375 - EXECUT - INFO - trainer number sta11 just joined the pool
2026-06-17 12:33:59,375 - EXECUT - INFO - trainer number sta12 just joined the pool
2026-06-17 12:33:59,484 - EXECUT - INFO - trainer number sta16 just joined the pool
2026-06-17 12:33:59,527 - EXECUT - INFO - trainer number sta14 just joined the pool
2026-06-17 12:33:59,527 - EXECUT - INFO - trainer number sta13 just joined the pool
2026-06-17 12:33:59,527 - EXECUT - INFO - trainer number sta19 just joined the pool
2026-06-17 12:33:59,527 - EXECUT - INFO - trainer number sta18 just joined the pool
2026-06-17 12:33:59,532 - EXECUT - INFO - trainer number sta15 just joined the pool
2026-06-17 12:33:59,576 - EXECUT - INFO - trainer number sta17 just joined the pool
2026-06-17 12:33:59,725 - EXECUT - INFO - mensagem de data_sz recebida: 
 {'id': 'sta0', 'dataset_sz': 432851712}
2026-06-17 12:33:59,726 - EXECUT - INFO - mensagem de data_sz recebida: 
 {'id': 'sta1', 'dataset_sz': 432851712}
2026-06-17 12:33:59,766 - EXECUT - INFO - mensagem de data_sz recebida: 
 {'id': 'sta10', 'dataset_sz': 432851712}
2026-06-17 12:33:59,766 - EXECUT - INFO - mensagem de data_sz recebida: 
 {'id': 'sta11', 'dataset_sz': 432851712}
2026-06-17 12:33:59,766 - EXECUT - INFO - mensagem de data_sz recebida: 
 {'id': 'sta12', 'dataset_sz': 432851712}
2026-06-17 12:33:59,766 - EXECUT - INFO - mensagem de data_sz recebida: 
 {'id': 'sta14', 'dataset_sz': 432851712}
2026-06-17 12:33:59,766 - EXECUT - INFO - mensagem de data_sz recebida: 
 {'id': 'sta13', 'dataset_sz': 432851712}
2026-06-17 12:33:59,766 - EXECUT - INFO - mensagem de data_sz recebida: 
 {'id': 'sta15', 'dataset_sz': 432851712}
2026-06-17 12:33:59,766 - EXECUT - INFO - mensagem de data_sz recebida: 
 {'id': 'sta2', 'dataset_sz': 432851712}
2026-06-17 12:33:59,766 - EXECUT - INFO - mensagem de data_sz recebida: 
 {'id': 'sta18', 'dataset_sz': 432851712}
2026-06-17 12:33:59,766 - EXECUT - INFO - mensagem de data_sz recebida: 
 {'id': 'sta3', 'dataset_sz': 432851712}
2026-06-17 12:33:59,766 - EXECUT - INFO - mensagem de data_sz recebida: 
 {'id': 'sta19', 'dataset_sz': 432851712}
2026-06-17 12:33:59,766 - EXECUT - INFO - mensagem de data_sz recebida: 
 {'id': 'sta16', 'dataset_sz': 432851712}
2026-06-17 12:33:59,766 - EXECUT - INFO - mensagem de data_sz recebida: 
 {'id': 'sta5', 'dataset_sz': 432851712}
2026-06-17 12:33:59,766 - EXECUT - INFO - mensagem de data_sz recebida: 
 {'id': 'sta7', 'dataset_sz': 432851712}
2026-06-17 12:33:59,766 - EXECUT - INFO - mensagem de data_sz recebida: 
 {'id': 'sta8', 'dataset_sz': 432851712}
2026-06-17 12:33:59,766 - EXECUT - INFO - mensagem de data_sz recebida: 
 {'id': 'sta9', 'dataset_sz': 432851712}
2026-06-17 12:33:59,766 - EXECUT - INFO - mensagem de data_sz recebida: 
 {'id': 'sta4', 'dataset_sz': 432851712}
2026-06-17 12:33:59,766 - EXECUT - INFO - mensagem de data_sz recebida: 
 {'id': 'sta17', 'dataset_sz': 432851712}
2026-06-17 12:33:59,766 - EXECUT - INFO - mensagem de data_sz recebida: 
 {'id': 'sta6', 'dataset_sz': 432851712}
2026-06-17 12:34:00,724 - METRIC - INFO - round: 1
2026-06-17 12:34:00,725 - METRIC - INFO - n_selected: 20
2026-06-17 12:34:00,725 - METRIC - INFO - {"selected_trainers": ["sta0", "sta1", "sta10", "sta11", "sta12", "sta13", "sta14", "sta15", "sta16", "sta17", "sta18", "sta19", "sta2", "sta3", "sta4", "sta5", "sta6", "sta7", "sta8", "sta9"]}
2026-06-17 12:34:18,216 - EXECUT - INFO - received weights from trainer sta3!
2026-06-17 12:34:25,739 - EXECUT - INFO - received weights from trainer sta10!
2026-06-17 12:34:28,401 - EXECUT - INFO - received weights from trainer sta13!
2026-06-17 12:34:29,754 - EXECUT - INFO - received weights from trainer sta7!
2026-06-17 12:34:34,435 - EXECUT - INFO - received weights from trainer sta0!
2026-06-17 12:34:35,789 - EXECUT - INFO - received weights from trainer sta11!
2026-06-17 12:34:37,786 - EXECUT - INFO - received weights from trainer sta6!
2026-06-17 12:34:41,866 - EXECUT - INFO - received weights from trainer sta8!
2026-06-17 12:34:43,406 - EXECUT - INFO - received weights from trainer sta16!
2026-06-17 12:34:45,016 - EXECUT - INFO - received weights from trainer sta4!
2026-06-17 12:34:48,577 - EXECUT - INFO - received weights from trainer sta14!
2026-06-17 12:34:51,025 - EXECUT - INFO - received weights from trainer sta1!
2026-06-17 12:34:55,191 - EXECUT - INFO - received weights from trainer sta19!
2026-06-17 12:34:58,689 - EXECUT - INFO - received weights from trainer sta5!
2026-06-17 12:35:02,171 - EXECUT - INFO - received weights from trainer sta12!
2026-06-17 12:35:05,024 - EXECUT - INFO - received weights from trainer sta18!
2026-06-17 12:35:07,979 - EXECUT - INFO - received weights from trainer sta15!
2026-06-17 12:35:09,063 - EXECUT - INFO - received weights from trainer sta9!
2026-06-17 12:35:10,842 - EXECUT - INFO - received weights from trainer sta17!
2026-06-17 12:35:12,751 - EXECUT - INFO - received weights from trainer sta2!
2026-06-17 12:35:14,803 - EXECUT - INFO - sent aggregated weights to trainers!
2026-06-17 12:40:06,525 - METRIC - INFO - {"loss": 0.38781651854515076, "accuracy": 0.8991596698760986, "energy_consumption": 2.7208097576843326, "selected": false, "client_name": "sta18"}
2026-06-17 12:40:06,817 - METRIC - INFO - {"loss": 0.38832712173461914, "accuracy": 0.9040616154670715, "energy_consumption": 2.727458327517917, "selected": false, "client_name": "sta19"}
2026-06-17 12:40:07,489 - METRIC - INFO - {"loss": 0.41492515802383423, "accuracy": 0.8956582546234131, "energy_consumption": 2.6658343256838344, "selected": false, "client_name": "sta15"}
2026-06-17 12:40:12,003 - METRIC - INFO - {"loss": 0.3904593884944916, "accuracy": 0.8935574293136597, "energy_consumption": 2.627403338207022, "selected": false, "client_name": "sta4"}
2026-06-17 12:40:13,012 - METRIC - INFO - {"loss": 0.3503335416316986, "accuracy": 0.9082633256912231, "energy_consumption": 2.7423431224124224, "selected": false, "client_name": "sta16"}
2026-06-17 12:40:13,438 - METRIC - INFO - {"loss": 0.40239906311035156, "accuracy": 0.901260495185852, "energy_consumption": 2.757544944143612, "selected": false, "client_name": "sta17"}
2026-06-17 12:40:14,431 - METRIC - INFO - {"loss": 0.4176773726940155, "accuracy": 0.8760504126548767, "energy_consumption": 2.8000444720980724, "selected": false, "client_name": "sta3"}
2026-06-17 12:40:15,453 - METRIC - INFO - {"loss": 0.3558337092399597, "accuracy": 0.9082633256912231, "energy_consumption": 2.863210820309584, "selected": false, "client_name": "sta0"}
2026-06-17 12:40:16,366 - METRIC - INFO - {"loss": 0.3777112066745758, "accuracy": 0.8963585495948792, "energy_consumption": 2.7220462470710056, "selected": false, "client_name": "sta13"}
2026-06-17 12:40:16,862 - METRIC - INFO - {"loss": 0.39459535479545593, "accuracy": 0.8935574293136597, "energy_consumption": 2.8392679797745397, "selected": false, "client_name": "sta7"}
2026-06-17 12:40:17,326 - METRIC - INFO - {"loss": 0.36979940533638, "accuracy": 0.8998599648475647, "energy_consumption": 2.835726180110084, "selected": false, "client_name": "sta2"}
2026-06-17 12:40:18,111 - METRIC - INFO - {"loss": 0.40221816301345825, "accuracy": 0.894957959651947, "energy_consumption": 2.836511763465051, "selected": false, "client_name": "sta5"}
2026-06-17 12:40:18,637 - METRIC - INFO - {"loss": 0.4025319814682007, "accuracy": 0.8879551887512207, "energy_consumption": 2.7626369950729006, "selected": false, "client_name": "sta11"}
2026-06-17 12:40:18,753 - METRIC - INFO - {"loss": 0.3673425316810608, "accuracy": 0.9110644459724426, "energy_consumption": 2.894779561200451, "selected": false, "client_name": "sta6"}
2026-06-17 12:40:18,919 - METRIC - INFO - {"loss": 0.3883131444454193, "accuracy": 0.8935574293136597, "energy_consumption": 2.811068146754755, "selected": false, "client_name": "sta14"}
2026-06-17 12:40:21,133 - METRIC - INFO - {"loss": 0.3750617206096649, "accuracy": 0.906862735748291, "energy_consumption": 2.842444186741683, "selected": false, "client_name": "sta8"}
2026-06-17 12:40:22,079 - METRIC - INFO - {"loss": 0.4149107038974762, "accuracy": 0.8970588445663452, "energy_consumption": 2.666884849136994, "selected": false, "client_name": "sta9"}
2026-06-17 12:40:22,568 - METRIC - INFO - {"loss": 0.3747656047344208, "accuracy": 0.8970588445663452, "energy_consumption": 2.836984988524317, "selected": false, "client_name": "sta1"}
2026-06-17 12:40:22,683 - METRIC - INFO - {"loss": 0.39966341853141785, "accuracy": 0.8928571343421936, "energy_consumption": 2.7972286090974507, "selected": false, "client_name": "sta10"}
2026-06-17 12:40:22,857 - METRIC - INFO - {"loss": 0.38363099098205566, "accuracy": 0.9026610851287842, "energy_consumption": 2.820221399158044, "selected": false, "client_name": "sta12"}
2026-06-17 12:40:23,143 - METRIC - INFO - mean_accuracy: 0.8980042070150376

2026-06-17 12:40:23,143 - METRIC - INFO - round: 2
2026-06-17 12:40:23,143 - METRIC - INFO - n_selected: 20
2026-06-17 12:40:23,143 - METRIC - INFO - {"selected_trainers": ["sta0", "sta1", "sta10", "sta11", "sta12", "sta13", "sta14", "sta15", "sta16", "sta17", "sta18", "sta19", "sta2", "sta3", "sta4", "sta5", "sta6", "sta7", "sta8", "sta9"]}
2026-06-17 12:40:38,833 - EXECUT - INFO - received weights from trainer sta2!
2026-06-17 12:40:39,807 - EXECUT - INFO - received weights from trainer sta4!
2026-06-17 12:40:40,742 - EXECUT - INFO - received weights from trainer sta6!
2026-06-17 12:40:45,854 - EXECUT - INFO - received weights from trainer sta9!
2026-06-17 12:40:48,162 - EXECUT - INFO - received weights from trainer sta16!
2026-06-17 12:40:51,531 - EXECUT - INFO - received weights from trainer sta7!
2026-06-17 12:40:54,134 - EXECUT - INFO - received weights from trainer sta17!
2026-06-17 12:40:57,618 - EXECUT - INFO - received weights from trainer sta18!
2026-06-17 12:40:58,344 - EXECUT - INFO - received weights from trainer sta15!
2026-06-17 12:40:59,953 - EXECUT - INFO - received weights from trainer sta13!
2026-06-17 12:41:02,997 - EXECUT - INFO - received weights from trainer sta8!
2026-06-17 12:41:03,884 - EXECUT - INFO - received weights from trainer sta19!
2026-06-17 12:41:05,908 - EXECUT - INFO - received weights from trainer sta10!
2026-06-17 12:41:06,854 - EXECUT - INFO - received weights from trainer sta11!
2026-06-17 12:41:08,978 - EXECUT - INFO - received weights from trainer sta12!
2026-06-17 12:41:10,239 - EXECUT - INFO - received weights from trainer sta14!
2026-06-17 12:41:11,679 - EXECUT - INFO - received weights from trainer sta0!
2026-06-17 12:41:13,105 - EXECUT - INFO - received weights from trainer sta1!
2026-06-17 12:41:15,053 - EXECUT - INFO - received weights from trainer sta5!
2026-06-17 12:41:16,450 - EXECUT - INFO - received weights from trainer sta3!
2026-06-17 12:41:18,140 - EXECUT - INFO - sent aggregated weights to trainers!
2026-06-17 12:45:44,359 - METRIC - INFO - {"loss": 2.299666404724121, "accuracy": 0.12044817954301834, "energy_consumption": 5.221186578297188, "selected": false, "client_name": "sta3"}
2026-06-17 12:45:46,314 - METRIC - INFO - {"loss": 2.3008923530578613, "accuracy": 0.10504201799631119, "energy_consumption": 5.037599119382686, "selected": false, "client_name": "sta16"}
2026-06-17 12:45:50,668 - METRIC - INFO - {"loss": 2.300852060317993, "accuracy": 0.17436975240707397, "energy_consumption": 5.162423765798812, "selected": false, "client_name": "sta18"}
2026-06-17 12:45:53,827 - METRIC - INFO - {"loss": 2.2994630336761475, "accuracy": 0.11764705926179886, "energy_consumption": 5.259537903329356, "selected": false, "client_name": "sta6"}
2026-06-17 12:45:55,175 - METRIC - INFO - {"loss": 2.299924850463867, "accuracy": 0.1141456589102745, "energy_consumption": 5.168534013276945, "selected": false, "client_name": "sta15"}
2026-06-17 12:45:55,538 - METRIC - INFO - {"loss": 2.2992031574249268, "accuracy": 0.11064425855875015, "energy_consumption": 5.115105260797463, "selected": false, "client_name": "sta19"}
2026-06-17 12:45:55,657 - METRIC - INFO - {"loss": 2.3013646602630615, "accuracy": 0.11764705926179886, "energy_consumption": 5.238497347053425, "selected": false, "client_name": "sta17"}
2026-06-17 12:45:55,771 - METRIC - INFO - {"loss": 2.299360990524292, "accuracy": 0.11554621905088425, "energy_consumption": 5.173196124485583, "selected": false, "client_name": "sta14"}
2026-06-17 12:45:56,536 - METRIC - INFO - {"loss": 2.2987592220306396, "accuracy": 0.1190476194024086, "energy_consumption": 5.270405750131194, "selected": false, "client_name": "sta0"}
2026-06-17 12:45:57,652 - METRIC - INFO - {"loss": 2.2997500896453857, "accuracy": 0.11764705926179886, "energy_consumption": 5.188179553236595, "selected": false, "client_name": "sta13"}
2026-06-17 12:45:57,901 - METRIC - INFO - {"loss": 2.299773931503296, "accuracy": 0.10364145785570145, "energy_consumption": 5.246307124659455, "selected": false, "client_name": "sta1"}
2026-06-17 12:45:58,750 - METRIC - INFO - {"loss": 2.3001770973205566, "accuracy": 0.1141456589102745, "energy_consumption": 5.261767186488756, "selected": false, "client_name": "sta2"}
2026-06-17 12:45:59,311 - METRIC - INFO - {"loss": 2.301210403442383, "accuracy": 0.10294117778539658, "energy_consumption": 5.082234181361332, "selected": false, "client_name": "sta11"}
2026-06-17 12:45:59,344 - METRIC - INFO - {"loss": 2.3009610176086426, "accuracy": 0.10924369841814041, "energy_consumption": 5.141964337169492, "selected": false, "client_name": "sta12"}
2026-06-17 12:45:59,387 - METRIC - INFO - {"loss": 2.2985243797302246, "accuracy": 0.12184873968362808, "energy_consumption": 5.175192630726312, "selected": false, "client_name": "sta10"}
2026-06-17 12:45:59,516 - METRIC - INFO - {"loss": 2.3012001514434814, "accuracy": 0.10854341834783554, "energy_consumption": 5.174650073780061, "selected": false, "client_name": "sta9"}
2026-06-17 12:45:59,750 - METRIC - INFO - {"loss": 2.3002121448516846, "accuracy": 0.11064425855875015, "energy_consumption": 5.169976994599754, "selected": false, "client_name": "sta7"}
2026-06-17 12:46:00,016 - METRIC - INFO - {"loss": 2.2997331619262695, "accuracy": 0.12114845961332321, "energy_consumption": 5.297967395029164, "selected": false, "client_name": "sta5"}
2026-06-17 12:46:00,199 - METRIC - INFO - {"loss": 2.299670696258545, "accuracy": 0.11974789947271347, "energy_consumption": 5.139995014013324, "selected": false, "client_name": "sta4"}
2026-06-17 12:46:02,225 - METRIC - INFO - {"loss": 2.299001455307007, "accuracy": 0.12675070762634277, "energy_consumption": 5.202021607169143, "selected": false, "client_name": "sta8"}
2026-06-17 12:46:02,425 - METRIC - INFO - mean_accuracy: 0.11754201799631118

2026-06-17 12:46:02,433 - METRIC - INFO - stop_condition: rounds
