2026-05-22 13:55:03,822 - EXECUT - INFO - starting server...
2026-05-22 13:55:08,385 - EXECUT - INFO - trainer number sta5 just joined the pool
2026-05-22 13:55:08,426 - EXECUT - INFO - trainer number sta0 just joined the pool
2026-05-22 13:55:08,467 - EXECUT - INFO - trainer number sta1 just joined the pool
2026-05-22 13:55:08,468 - EXECUT - INFO - trainer number sta4 just joined the pool
2026-05-22 13:55:08,476 - EXECUT - INFO - trainer number sta2 just joined the pool
2026-05-22 13:55:08,518 - EXECUT - INFO - trainer number sta3 just joined the pool
2026-05-22 13:55:08,831 - EXECUT - INFO - mensagem de data_sz recebida: 
 {'id': 'sta0', 'dataset_sz': 259700928}
2026-05-22 13:55:08,831 - EXECUT - INFO - mensagem de data_sz recebida: 
 {'id': 'sta1', 'dataset_sz': 519401856}
2026-05-22 13:55:08,872 - EXECUT - INFO - mensagem de data_sz recebida: 
 {'id': 'sta2', 'dataset_sz': 649277568}
2026-05-22 13:55:08,873 - EXECUT - INFO - mensagem de data_sz recebida: 
 {'id': 'sta5', 'dataset_sz': 173150784}
2026-05-22 13:55:08,873 - EXECUT - INFO - mensagem de data_sz recebida: 
 {'id': 'sta4', 'dataset_sz': 346301568}
2026-05-22 13:55:08,873 - EXECUT - INFO - mensagem de data_sz recebida: 
 {'id': 'sta3', 'dataset_sz': 649277568}
2026-05-22 13:55:09,831 - METRIC - INFO - round: 1
2026-05-22 13:55:09,831 - METRIC - INFO - n_selected: 6
2026-05-22 13:55:09,831 - METRIC - INFO - {"selected_trainers": ["sta0", "sta1", "sta2", "sta3", "sta4", "sta5"]}
2026-05-22 13:55:16,288 - EXECUT - INFO - received weights from trainer sta0!
2026-05-22 13:55:23,165 - EXECUT - INFO - received weights from trainer sta1!
2026-05-22 13:55:32,268 - EXECUT - INFO - received weights from trainer sta2!
2026-05-22 13:55:40,118 - EXECUT - INFO - received weights from trainer sta3!
2026-05-22 13:55:45,955 - EXECUT - INFO - received weights from trainer sta4!
2026-05-22 13:55:50,549 - EXECUT - INFO - received weights from trainer sta5!
2026-05-22 13:55:51,808 - EXECUT - INFO - sent aggregated weights to trainers!
