2026-05-25 15:30:13,858 - EXECUT - INFO - starting server...
2026-05-25 15:30:19,432 - EXECUT - INFO - trainer number sta3 just joined the pool
2026-05-25 15:30:19,479 - EXECUT - INFO - trainer number sta1 just joined the pool
2026-05-25 15:30:19,479 - EXECUT - INFO - trainer number sta0 just joined the pool
2026-05-25 15:30:19,521 - EXECUT - INFO - trainer number sta4 just joined the pool
2026-05-25 15:30:19,522 - EXECUT - INFO - trainer number sta2 just joined the pool
2026-05-25 15:30:19,522 - EXECUT - INFO - trainer number sta6 just joined the pool
2026-05-25 15:30:19,562 - EXECUT - INFO - trainer number sta7 just joined the pool
2026-05-25 15:30:19,994 - EXECUT - INFO - trainer number sta5 just joined the pool
2026-05-25 15:30:20,885 - EXECUT - INFO - trainer number sta11 just joined the pool
2026-05-25 15:30:20,994 - EXECUT - INFO - trainer number sta13 just joined the pool
2026-05-25 15:30:21,035 - EXECUT - INFO - trainer number sta21 just joined the pool
2026-05-25 15:30:21,035 - EXECUT - INFO - trainer number sta20 just joined the pool
2026-05-25 15:30:21,038 - EXECUT - INFO - trainer number sta8 just joined the pool
2026-05-25 15:30:21,079 - EXECUT - INFO - trainer number sta10 just joined the pool
2026-05-25 15:30:21,079 - EXECUT - INFO - trainer number sta15 just joined the pool
2026-05-25 15:30:21,080 - EXECUT - INFO - trainer number sta9 just joined the pool
2026-05-25 15:30:21,098 - EXECUT - INFO - trainer number sta12 just joined the pool
2026-05-25 15:30:21,151 - EXECUT - INFO - trainer number sta17 just joined the pool
2026-05-25 15:30:21,193 - EXECUT - INFO - trainer number sta18 just joined the pool
2026-05-25 15:30:21,273 - EXECUT - INFO - trainer number sta16 just joined the pool
2026-05-25 15:30:21,316 - EXECUT - INFO - trainer number sta19 just joined the pool
2026-05-25 15:30:21,317 - EXECUT - INFO - trainer number sta14 just joined the pool
2026-05-25 15:30:21,871 - EXECUT - INFO - mensagem de data_sz recebida: 
 {'id': 'sta0', 'dataset_sz': 1156711872}
2026-05-25 15:30:21,872 - EXECUT - INFO - mensagem de data_sz recebida: 
 {'id': 'sta1', 'dataset_sz': 1152167232}
2026-05-25 15:30:21,878 - EXECUT - INFO - mensagem de data_sz recebida: 
 {'id': 'sta10', 'dataset_sz': 580502016}
2026-05-25 15:30:21,878 - EXECUT - INFO - mensagem de data_sz recebida: 
 {'id': 'sta11', 'dataset_sz': 255560256}
2026-05-25 15:30:21,878 - EXECUT - INFO - mensagem de data_sz recebida: 
 {'id': 'sta12', 'dataset_sz': 662457024}
2026-05-25 15:30:21,878 - EXECUT - INFO - mensagem de data_sz recebida: 
 {'id': 'sta13', 'dataset_sz': 337666752}
2026-05-25 15:30:21,878 - EXECUT - INFO - mensagem de data_sz recebida: 
 {'id': 'sta15', 'dataset_sz': 622969152}
2026-05-25 15:30:21,878 - EXECUT - INFO - mensagem de data_sz recebida: 
 {'id': 'sta16', 'dataset_sz': 997548480}
2026-05-25 15:30:21,878 - EXECUT - INFO - mensagem de data_sz recebida: 
 {'id': 'sta17', 'dataset_sz': 561667008}
2026-05-25 15:30:21,878 - EXECUT - INFO - mensagem de data_sz recebida: 
 {'id': 'sta18', 'dataset_sz': 414471168}
2026-05-25 15:30:21,878 - EXECUT - INFO - mensagem de data_sz recebida: 
 {'id': 'sta2', 'dataset_sz': 1082886720}
2026-05-25 15:30:21,878 - EXECUT - INFO - mensagem de data_sz recebida: 
 {'id': 'sta19', 'dataset_sz': 857927040}
2026-05-25 15:30:21,878 - EXECUT - INFO - mensagem de data_sz recebida: 
 {'id': 'sta20', 'dataset_sz': 475116864}
2026-05-25 15:30:21,878 - EXECUT - INFO - mensagem de data_sz recebida: 
 {'id': 'sta21', 'dataset_sz': 317518848}
2026-05-25 15:30:21,878 - EXECUT - INFO - mensagem de data_sz recebida: 
 {'id': 'sta3', 'dataset_sz': 596256768}
2026-05-25 15:30:21,878 - EXECUT - INFO - mensagem de data_sz recebida: 
 {'id': 'sta4', 'dataset_sz': 342160896}
2026-05-25 15:30:21,878 - EXECUT - INFO - mensagem de data_sz recebida: 
 {'id': 'sta5', 'dataset_sz': 1282194432}
2026-05-25 15:30:21,878 - EXECUT - INFO - mensagem de data_sz recebida: 
 {'id': 'sta6', 'dataset_sz': 367307904}
2026-05-25 15:30:21,878 - EXECUT - INFO - mensagem de data_sz recebida: 
 {'id': 'sta14', 'dataset_sz': 1137018432}
2026-05-25 15:30:21,879 - EXECUT - INFO - mensagem de data_sz recebida: 
 {'id': 'sta8', 'dataset_sz': 806976576}
2026-05-25 15:30:21,879 - EXECUT - INFO - mensagem de data_sz recebida: 
 {'id': 'sta9', 'dataset_sz': 831366144}
2026-05-25 15:30:21,879 - EXECUT - INFO - mensagem de data_sz recebida: 
 {'id': 'sta7', 'dataset_sz': 363924672}
2026-05-25 15:30:22,871 - METRIC - INFO - round: 1
2026-05-25 15:30:22,871 - METRIC - INFO - n_selected: 22
2026-05-25 15:30:22,871 - METRIC - INFO - {"selected_trainers": ["sta0", "sta1", "sta10", "sta11", "sta12", "sta13", "sta14", "sta15", "sta16", "sta17", "sta18", "sta19", "sta2", "sta20", "sta21", "sta3", "sta4", "sta5", "sta6", "sta7", "sta8", "sta9"]}
2026-05-25 15:30:34,088 - EXECUT - INFO - received weights from trainer sta21!
2026-05-25 15:30:38,338 - EXECUT - INFO - received weights from trainer sta11!
2026-05-25 15:30:41,198 - EXECUT - INFO - received weights from trainer sta6!
2026-05-25 15:30:42,584 - EXECUT - INFO - received weights from trainer sta3!
2026-05-25 15:30:46,083 - EXECUT - INFO - received weights from trainer sta13!
2026-05-25 15:30:48,953 - EXECUT - INFO - received weights from trainer sta20!
2026-05-25 15:30:51,760 - EXECUT - INFO - received weights from trainer sta4!
2026-05-25 15:30:53,139 - EXECUT - INFO - received weights from trainer sta2!
2026-05-25 15:30:56,597 - EXECUT - INFO - received weights from trainer sta9!
2026-05-25 15:30:59,420 - EXECUT - INFO - received weights from trainer sta15!
2026-05-25 15:31:01,403 - EXECUT - INFO - received weights from trainer sta5!
2026-05-25 15:31:05,257 - EXECUT - INFO - received weights from trainer sta12!
2026-05-25 15:31:08,953 - EXECUT - INFO - received weights from trainer sta1!
2026-05-25 15:31:12,872 - EXECUT - INFO - received weights from trainer sta18!
2026-05-25 15:31:14,447 - EXECUT - INFO - received weights from trainer sta0!
2026-05-25 15:31:17,949 - EXECUT - INFO - received weights from trainer sta8!
2026-05-25 15:31:19,861 - EXECUT - INFO - received weights from trainer sta7!
2026-05-25 15:31:22,339 - EXECUT - INFO - received weights from trainer sta14!
2026-05-25 15:31:24,564 - EXECUT - INFO - received weights from trainer sta10!
2026-05-25 15:31:26,737 - EXECUT - INFO - received weights from trainer sta17!
2026-05-25 15:31:27,681 - EXECUT - INFO - received weights from trainer sta19!
2026-05-25 15:31:29,655 - EXECUT - INFO - received weights from trainer sta16!
2026-05-25 15:31:31,485 - EXECUT - INFO - sent aggregated weights to trainers!
2026-05-25 15:37:11,948 - METRIC - INFO - {"loss": 0.46192115545272827, "accuracy": 0.8853868246078491, "energy_consumption": 4.661767655206385, "selected": false, "client_name": "sta21"}
2026-05-25 15:37:22,873 - METRIC - INFO - {"loss": 0.26938262581825256, "accuracy": 0.9227756261825562, "energy_consumption": 4.660703350258389, "selected": false, "client_name": "sta2"}
2026-05-25 15:37:23,042 - METRIC - INFO - {"loss": 0.4006679952144623, "accuracy": 0.8852339386940002, "energy_consumption": 4.891007735234378, "selected": false, "client_name": "sta18"}
2026-05-25 15:37:27,647 - METRIC - INFO - {"loss": 0.2595857083797455, "accuracy": 0.9211087226867676, "energy_consumption": 4.992207806220251, "selected": false, "client_name": "sta14"}
2026-05-25 15:37:28,351 - METRIC - INFO - {"loss": 0.32106903195381165, "accuracy": 0.9082568883895874, "energy_consumption": 4.872038257869141, "selected": false, "client_name": "sta17"}
2026-05-25 15:37:31,418 - METRIC - INFO - {"loss": 0.2534489333629608, "accuracy": 0.9255654811859131, "energy_consumption": 4.7174172153054235, "selected": false, "client_name": "sta1"}
2026-05-25 15:37:32,398 - METRIC - INFO - {"loss": 0.3228647708892822, "accuracy": 0.9088588953018188, "energy_consumption": 5.095341810373714, "selected": false, "client_name": "sta9"}
2026-05-25 15:37:32,806 - METRIC - INFO - {"loss": 0.27490878105163574, "accuracy": 0.9206182956695557, "energy_consumption": 4.941195029263105, "selected": false, "client_name": "sta0"}
2026-05-25 15:37:33,348 - METRIC - INFO - {"loss": 0.3064854145050049, "accuracy": 0.9147577881813049, "energy_consumption": 4.944211003701568, "selected": false, "client_name": "sta8"}
2026-05-25 15:37:33,992 - METRIC - INFO - {"loss": 0.34706708788871765, "accuracy": 0.9107142686843872, "energy_consumption": 4.645695823760934, "selected": false, "client_name": "sta20"}
2026-05-25 15:37:34,000 - METRIC - INFO - {"loss": 0.5085271596908569, "accuracy": 0.8730723857879639, "energy_consumption": 4.654500026029394, "selected": false, "client_name": "sta11"}
2026-05-25 15:37:34,191 - METRIC - INFO - {"loss": 0.47233614325523376, "accuracy": 0.8706820011138916, "energy_consumption": 4.768950498817086, "selected": false, "client_name": "sta4"}
2026-05-25 15:37:34,340 - METRIC - INFO - {"loss": 0.4682962894439697, "accuracy": 0.874326765537262, "energy_consumption": 5.014258326708034, "selected": false, "client_name": "sta13"}
2026-05-25 15:37:34,604 - METRIC - INFO - {"loss": 0.2694036066532135, "accuracy": 0.9222357273101807, "energy_consumption": 4.71596420226244, "selected": false, "client_name": "sta16"}
2026-05-25 15:37:35,081 - METRIC - INFO - {"loss": 0.341441810131073, "accuracy": 0.9032101035118103, "energy_consumption": 4.8656187024630775, "selected": false, "client_name": "sta15"}
2026-05-25 15:37:36,807 - METRIC - INFO - {"loss": 0.4276924133300781, "accuracy": 0.8844884634017944, "energy_consumption": 4.874708566348376, "selected": false, "client_name": "sta6"}
2026-05-25 15:37:36,824 - METRIC - INFO - {"loss": 0.3398537039756775, "accuracy": 0.9049608111381531, "energy_consumption": 5.030747672274927, "selected": false, "client_name": "sta10"}
2026-05-25 15:37:38,361 - METRIC - INFO - {"loss": 0.23847444355487823, "accuracy": 0.931474506855011, "energy_consumption": 4.901755606732235, "selected": false, "client_name": "sta5"}
2026-05-25 15:37:38,540 - METRIC - INFO - {"loss": 0.34113338589668274, "accuracy": 0.9075203537940979, "energy_consumption": 4.894499077460483, "selected": false, "client_name": "sta3"}
2026-05-25 15:37:39,424 - METRIC - INFO - {"loss": 0.3101583421230316, "accuracy": 0.9112534523010254, "energy_consumption": 4.740359562233719, "selected": false, "client_name": "sta12"}
2026-05-25 15:37:40,036 - METRIC - INFO - {"loss": 0.40584486722946167, "accuracy": 0.8859283924102783, "energy_consumption": 4.539772174827818, "selected": false, "client_name": "sta7"}
2026-05-25 15:37:51,510 - METRIC - INFO - {"loss": 0.28053468465805054, "accuracy": 0.9187566041946411, "energy_consumption": 4.769501849215402, "selected": false, "client_name": "sta19"}
2026-05-25 15:37:51,864 - METRIC - INFO - mean_accuracy: 0.9041448316790841

2026-05-25 15:37:51,864 - METRIC - INFO - round: 2
2026-05-25 15:37:51,864 - METRIC - INFO - n_selected: 22
2026-05-25 15:37:51,864 - METRIC - INFO - {"selected_trainers": ["sta0", "sta1", "sta10", "sta11", "sta12", "sta13", "sta14", "sta15", "sta16", "sta17", "sta18", "sta19", "sta2", "sta20", "sta21", "sta3", "sta4", "sta5", "sta6", "sta7", "sta8", "sta9"]}
2026-05-25 15:38:02,762 - EXECUT - INFO - received weights from trainer sta21!
2026-05-25 15:38:05,863 - EXECUT - INFO - received weights from trainer sta11!
2026-05-25 15:38:07,464 - EXECUT - INFO - received weights from trainer sta13!
2026-05-25 15:38:11,838 - EXECUT - INFO - received weights from trainer sta4!
2026-05-25 15:38:15,583 - EXECUT - INFO - received weights from trainer sta6!
2026-05-25 15:38:17,371 - EXECUT - INFO - received weights from trainer sta10!
2026-05-25 15:38:21,507 - EXECUT - INFO - received weights from trainer sta17!
2026-05-25 15:38:24,839 - EXECUT - INFO - received weights from trainer sta1!
2026-05-25 15:38:28,373 - EXECUT - INFO - received weights from trainer sta0!
2026-05-25 15:38:31,227 - EXECUT - INFO - received weights from trainer sta2!
2026-05-25 15:38:33,640 - EXECUT - INFO - received weights from trainer sta3!
2026-05-25 15:38:36,567 - EXECUT - INFO - received weights from trainer sta12!
2026-05-25 15:38:37,928 - EXECUT - INFO - received weights from trainer sta20!
2026-05-25 15:38:40,924 - EXECUT - INFO - received weights from trainer sta15!
2026-05-25 15:38:44,819 - EXECUT - INFO - received weights from trainer sta7!
2026-05-25 15:38:48,292 - EXECUT - INFO - received weights from trainer sta5!
2026-05-25 15:38:50,916 - EXECUT - INFO - received weights from trainer sta9!
2026-05-25 15:38:53,336 - EXECUT - INFO - received weights from trainer sta8!
2026-05-25 15:38:56,449 - EXECUT - INFO - received weights from trainer sta18!
2026-05-25 15:39:00,961 - EXECUT - INFO - received weights from trainer sta19!
2026-05-25 15:39:02,295 - EXECUT - INFO - received weights from trainer sta16!
2026-05-25 15:39:08,125 - EXECUT - INFO - received weights from trainer sta14!
2026-05-25 15:39:09,901 - EXECUT - INFO - sent aggregated weights to trainers!
2026-05-25 15:45:13,482 - METRIC - INFO - {"loss": 2.3011276721954346, "accuracy": 0.10964912176132202, "energy_consumption": 10.059453136837623, "selected": false, "client_name": "sta18"}
2026-05-25 15:45:17,075 - METRIC - INFO - {"loss": 2.3008012771606445, "accuracy": 0.11556828767061234, "energy_consumption": 9.690396645984027, "selected": false, "client_name": "sta21"}
2026-05-25 15:45:21,687 - METRIC - INFO - {"loss": 2.2996530532836914, "accuracy": 0.10651750862598419, "energy_consumption": 9.960860898221078, "selected": false, "client_name": "sta15"}
2026-05-25 15:45:22,287 - METRIC - INFO - {"loss": 2.3005080223083496, "accuracy": 0.1257750242948532, "energy_consumption": 9.816913985825718, "selected": false, "client_name": "sta4"}
2026-05-25 15:45:23,192 - METRIC - INFO - {"loss": 2.299168348312378, "accuracy": 0.12436224520206451, "energy_consumption": 9.318204820548129, "selected": false, "client_name": "sta20"}
2026-05-25 15:45:23,460 - METRIC - INFO - {"loss": 2.279289722442627, "accuracy": 0.20593172311782837, "energy_consumption": 9.764900874217929, "selected": false, "client_name": "sta2"}
2026-05-25 15:45:24,117 - METRIC - INFO - {"loss": 2.3003175258636475, "accuracy": 0.11862396448850632, "energy_consumption": 9.520414234261274, "selected": false, "client_name": "sta11"}
2026-05-25 15:45:24,545 - METRIC - INFO - {"loss": 2.2976207733154297, "accuracy": 0.12142471969127655, "energy_consumption": 10.08578957505369, "selected": false, "client_name": "sta17"}
2026-05-25 15:45:24,783 - METRIC - INFO - {"loss": 2.268911838531494, "accuracy": 0.20682302117347717, "energy_consumption": 10.190260315854857, "selected": false, "client_name": "sta14"}
2026-05-25 15:45:26,202 - METRIC - INFO - {"loss": 2.3007569313049316, "accuracy": 0.14003591239452362, "energy_consumption": 10.38326209192085, "selected": false, "client_name": "sta13"}
2026-05-25 15:45:27,590 - METRIC - INFO - {"loss": 2.299733877182007, "accuracy": 0.11026422679424286, "energy_consumption": 9.932523431462927, "selected": false, "client_name": "sta3"}
2026-05-25 15:45:28,832 - METRIC - INFO - {"loss": 2.295363426208496, "accuracy": 0.12139992415904999, "energy_consumption": 10.503303561385435, "selected": false, "client_name": "sta9"}
2026-05-25 15:45:28,922 - METRIC - INFO - {"loss": 2.28991961479187, "accuracy": 0.1133049800992012, "energy_consumption": 9.589819608244332, "selected": false, "client_name": "sta16"}
2026-05-25 15:45:29,225 - METRIC - INFO - {"loss": 2.2631781101226807, "accuracy": 0.27617043256759644, "energy_consumption": 9.802169848014813, "selected": false, "client_name": "sta1"}
2026-05-25 15:45:29,663 - METRIC - INFO - {"loss": 2.300133228302002, "accuracy": 0.11386138945817947, "energy_consumption": 10.00494881578011, "selected": false, "client_name": "sta6"}
2026-05-25 15:45:30,035 - METRIC - INFO - {"loss": 2.2966017723083496, "accuracy": 0.11565902829170227, "energy_consumption": 10.325240769941779, "selected": false, "client_name": "sta8"}
2026-05-25 15:45:30,041 - METRIC - INFO - {"loss": 2.1210415363311768, "accuracy": 0.3523156940937042, "energy_consumption": 9.99478766559442, "selected": false, "client_name": "sta5"}
2026-05-25 15:45:30,702 - METRIC - INFO - {"loss": 2.298898458480835, "accuracy": 0.11018276959657669, "energy_consumption": 10.418223274135057, "selected": false, "client_name": "sta10"}
2026-05-25 15:45:30,854 - METRIC - INFO - {"loss": 2.2599616050720215, "accuracy": 0.2381451427936554, "energy_consumption": 10.170705797343537, "selected": false, "client_name": "sta0"}
2026-05-25 15:45:31,241 - METRIC - INFO - {"loss": 2.299187421798706, "accuracy": 0.13405495882034302, "energy_consumption": 9.412909239068867, "selected": false, "client_name": "sta7"}
2026-05-25 15:45:31,311 - METRIC - INFO - {"loss": 2.2977325916290283, "accuracy": 0.11985361576080322, "energy_consumption": 9.711209753550131, "selected": false, "client_name": "sta12"}
2026-05-25 15:45:40,605 - METRIC - INFO - {"loss": 2.2946114540100098, "accuracy": 0.11939243972301483, "energy_consumption": 9.343515853555708, "selected": false, "client_name": "sta19"}
2026-05-25 15:45:41,293 - METRIC - INFO - mean_accuracy: 0.14996891502629628

2026-05-25 15:45:41,293 - METRIC - INFO - round: 3
2026-05-25 15:45:41,293 - METRIC - INFO - n_selected: 22
2026-05-25 15:45:41,293 - METRIC - INFO - {"selected_trainers": ["sta0", "sta1", "sta10", "sta11", "sta12", "sta13", "sta14", "sta15", "sta16", "sta17", "sta18", "sta19", "sta2", "sta20", "sta21", "sta3", "sta4", "sta5", "sta6", "sta7", "sta8", "sta9"]}
2026-05-25 15:45:55,395 - EXECUT - INFO - received weights from trainer sta11!
2026-05-25 15:45:59,751 - EXECUT - INFO - received weights from trainer sta13!
2026-05-25 15:46:01,334 - EXECUT - INFO - received weights from trainer sta21!
2026-05-25 15:46:04,399 - EXECUT - INFO - received weights from trainer sta4!
2026-05-25 15:46:08,304 - EXECUT - INFO - received weights from trainer sta6!
2026-05-25 15:46:12,040 - EXECUT - INFO - received weights from trainer sta10!
2026-05-25 15:46:14,889 - EXECUT - INFO - received weights from trainer sta0!
2026-05-25 15:46:17,105 - EXECUT - INFO - received weights from trainer sta3!
2026-05-25 15:46:20,353 - EXECUT - INFO - received weights from trainer sta2!
2026-05-25 15:46:23,233 - EXECUT - INFO - received weights from trainer sta20!
2026-05-25 15:46:27,564 - EXECUT - INFO - received weights from trainer sta15!
2026-05-25 15:46:29,317 - EXECUT - INFO - received weights from trainer sta12!
2026-05-25 15:46:33,613 - EXECUT - INFO - received weights from trainer sta7!
2026-05-25 15:46:36,253 - EXECUT - INFO - received weights from trainer sta18!
2026-05-25 15:46:38,929 - EXECUT - INFO - received weights from trainer sta17!
2026-05-25 15:46:41,634 - EXECUT - INFO - received weights from trainer sta9!
2026-05-25 15:46:45,535 - EXECUT - INFO - received weights from trainer sta8!
2026-05-25 15:46:48,127 - EXECUT - INFO - received weights from trainer sta14!
2026-05-25 15:46:52,732 - EXECUT - INFO - received weights from trainer sta1!
2026-05-25 15:46:55,100 - EXECUT - INFO - received weights from trainer sta16!
2026-05-25 15:46:57,100 - EXECUT - INFO - received weights from trainer sta5!
2026-05-25 15:46:59,974 - EXECUT - INFO - received weights from trainer sta19!
2026-05-25 15:47:01,999 - EXECUT - INFO - sent aggregated weights to trainers!
2026-05-25 15:52:22,740 - METRIC - INFO - {"loss": 1.9995149374008179, "accuracy": 0.36580705642700195, "energy_consumption": 14.590737592603766, "selected": false, "client_name": "sta21"}
2026-05-25 15:52:41,445 - METRIC - INFO - {"loss": 0.9543127417564392, "accuracy": 0.7425795793533325, "energy_consumption": 15.195925529241304, "selected": false, "client_name": "sta17"}
2026-05-25 15:52:42,529 - METRIC - INFO - {"loss": 0.9002702832221985, "accuracy": 0.7373540997505188, "energy_consumption": 15.038307246806381, "selected": false, "client_name": "sta15"}
2026-05-25 15:52:42,597 - METRIC - INFO - {"loss": 1.5660346746444702, "accuracy": 0.5350877046585083, "energy_consumption": 15.347298349771734, "selected": false, "client_name": "sta18"}
2026-05-25 15:52:46,692 - METRIC - INFO - {"loss": 1.8851401805877686, "accuracy": 0.37791740894317627, "energy_consumption": 15.647022328944479, "selected": false, "client_name": "sta13"}
2026-05-25 15:52:47,238 - METRIC - INFO - {"loss": 0.4669642150402069, "accuracy": 0.8664712309837341, "energy_consumption": 15.720137299842014, "selected": false, "client_name": "sta14"}
2026-05-25 15:52:50,184 - METRIC - INFO - {"loss": 0.5020953416824341, "accuracy": 0.8584446907043457, "energy_consumption": 14.474381698606136, "selected": false, "client_name": "sta16"}
2026-05-25 15:52:50,786 - METRIC - INFO - {"loss": 0.487106591463089, "accuracy": 0.864017903804779, "energy_consumption": 15.029681374219846, "selected": false, "client_name": "sta2"}
2026-05-25 15:52:51,143 - METRIC - INFO - {"loss": 1.2564560174942017, "accuracy": 0.637117326259613, "energy_consumption": 14.177805578167678, "selected": false, "client_name": "sta20"}
2026-05-25 15:52:52,012 - METRIC - INFO - {"loss": 0.9394528269767761, "accuracy": 0.724804162979126, "energy_consumption": 15.65002512274222, "selected": false, "client_name": "sta10"}
2026-05-25 15:52:52,646 - METRIC - INFO - {"loss": 0.46569156646728516, "accuracy": 0.8684831261634827, "energy_consumption": 15.23525476339594, "selected": false, "client_name": "sta0"}
2026-05-25 15:52:52,697 - METRIC - INFO - {"loss": 0.633572518825531, "accuracy": 0.8238828182220459, "energy_consumption": 15.598327016049366, "selected": false, "client_name": "sta8"}
2026-05-25 15:52:53,130 - METRIC - INFO - {"loss": 1.8882709741592407, "accuracy": 0.3799822926521301, "energy_consumption": 14.957109907646997, "selected": false, "client_name": "sta4"}
2026-05-25 15:52:53,172 - METRIC - INFO - {"loss": 1.8179651498794556, "accuracy": 0.40594059228897095, "energy_consumption": 15.13095605284603, "selected": false, "client_name": "sta6"}
2026-05-25 15:52:53,315 - METRIC - INFO - {"loss": 0.6606698036193848, "accuracy": 0.8188115358352661, "energy_consumption": 15.919296350551614, "selected": false, "client_name": "sta9"}
2026-05-25 15:52:53,344 - METRIC - INFO - {"loss": 0.9190542697906494, "accuracy": 0.7439024448394775, "energy_consumption": 15.128007930413157, "selected": false, "client_name": "sta3"}
2026-05-25 15:52:53,360 - METRIC - INFO - {"loss": 0.46433717012405396, "accuracy": 0.8682272434234619, "energy_consumption": 14.903138343891492, "selected": false, "client_name": "sta1"}
2026-05-25 15:52:54,266 - METRIC - INFO - {"loss": 0.8116058111190796, "accuracy": 0.7657822370529175, "energy_consumption": 14.656938033071276, "selected": false, "client_name": "sta12"}
2026-05-25 15:52:54,268 - METRIC - INFO - {"loss": 2.153766632080078, "accuracy": 0.37959668040275574, "energy_consumption": 14.542591105883927, "selected": false, "client_name": "sta11"}
2026-05-25 15:52:55,548 - METRIC - INFO - {"loss": 0.421939879655838, "accuracy": 0.8809073567390442, "energy_consumption": 15.094044464842453, "selected": false, "client_name": "sta5"}
2026-05-25 15:52:56,300 - METRIC - INFO - {"loss": 1.8339624404907227, "accuracy": 0.4038301408290863, "energy_consumption": 14.266739872369902, "selected": false, "client_name": "sta7"}
2026-05-25 15:53:03,869 - METRIC - INFO - {"loss": 0.6141771078109741, "accuracy": 0.8283292055130005, "energy_consumption": 14.219741958001254, "selected": false, "client_name": "sta19"}
2026-05-25 15:53:04,364 - METRIC - INFO - mean_accuracy: 0.676239856264808

2026-05-25 15:53:04,369 - METRIC - INFO - stop_condition: rounds
